Archive member included because of file (symbol)

C:\Users\Alex\AppData\Local\Temp\VMBuilds\TestSerial\Arduino_STM32_mapleMini\Release\core.a(exc.S.o)
                              (__exc_nmi)
C:\Users\Alex\AppData\Local\Temp\VMBuilds\TestSerial\Arduino_STM32_mapleMini\Release\core.a(isrs.S.o)
                              (__stm32reservedexception7)
C:\Users\Alex\AppData\Local\Temp\VMBuilds\TestSerial\Arduino_STM32_mapleMini\Release\core.a(vector_table.S.o)
                              (__stm32_vector_table)
C:\Users\Alex\AppData\Local\Temp\VMBuilds\TestSerial\Arduino_STM32_mapleMini\Release\core.a(adc.c.o)
                              C:\Users\Alex\AppData\Local\Temp\VMBuilds\TestSerial\Arduino_STM32_mapleMini\Release\variant\boards.cpp.o (adc_set_sample_rate)
C:\Users\Alex\AppData\Local\Temp\VMBuilds\TestSerial\Arduino_STM32_mapleMini\Release\core.a(adc_f1.c.o)
                              (__irq_adc)
C:\Users\Alex\AppData\Local\Temp\VMBuilds\TestSerial\Arduino_STM32_mapleMini\Release\core.a(dma_f1.c.o)
                              (__irq_dma1_channel1)
C:\Users\Alex\AppData\Local\Temp\VMBuilds\TestSerial\Arduino_STM32_mapleMini\Release\core.a(exti.c.o)
                              (__irq_exti0)
C:\Users\Alex\AppData\Local\Temp\VMBuilds\TestSerial\Arduino_STM32_mapleMini\Release\core.a(exti_f1.c.o)
                              C:\Users\Alex\AppData\Local\Temp\VMBuilds\TestSerial\Arduino_STM32_mapleMini\Release\core.a(exti.c.o) (exti_select)
C:\Users\Alex\AppData\Local\Temp\VMBuilds\TestSerial\Arduino_STM32_mapleMini\Release\core.a(flash.c.o)
                              C:\Users\Alex\AppData\Local\Temp\VMBuilds\TestSerial\Arduino_STM32_mapleMini\Release\variant\boards.cpp.o (flash_set_latency)
C:\Users\Alex\AppData\Local\Temp\VMBuilds\TestSerial\Arduino_STM32_mapleMini\Release\core.a(gpio_f1.c.o)
                              C:\Users\Alex\AppData\Local\Temp\VMBuilds\TestSerial\Arduino_STM32_mapleMini\Release\variant\boards_setup.cpp.o (gpio_init_all)
C:\Users\Alex\AppData\Local\Temp\VMBuilds\TestSerial\Arduino_STM32_mapleMini\Release\core.a(i2c_f1.c.o)
                              (__irq_i2c1_ev)
C:\Users\Alex\AppData\Local\Temp\VMBuilds\TestSerial\Arduino_STM32_mapleMini\Release\core.a(nvic.c.o)
                              C:\Users\Alex\AppData\Local\Temp\VMBuilds\TestSerial\Arduino_STM32_mapleMini\Release\core.a(i2c_f1.c.o) (nvic_irq_set_priority)
C:\Users\Alex\AppData\Local\Temp\VMBuilds\TestSerial\Arduino_STM32_mapleMini\Release\core.a(rcc.c.o)
                              C:\Users\Alex\AppData\Local\Temp\VMBuilds\TestSerial\Arduino_STM32_mapleMini\Release\variant\boards.cpp.o (rcc_switch_sysclk)
C:\Users\Alex\AppData\Local\Temp\VMBuilds\TestSerial\Arduino_STM32_mapleMini\Release\core.a(rcc_f1.c.o)
                              C:\Users\Alex\AppData\Local\Temp\VMBuilds\TestSerial\Arduino_STM32_mapleMini\Release\variant\boards.cpp.o (rcc_configure_pll)
C:\Users\Alex\AppData\Local\Temp\VMBuilds\TestSerial\Arduino_STM32_mapleMini\Release\core.a(systick.c.o)
                              C:\Users\Alex\AppData\Local\Temp\VMBuilds\TestSerial\Arduino_STM32_mapleMini\Release\variant\boards.cpp.o (systick_init)
C:\Users\Alex\AppData\Local\Temp\VMBuilds\TestSerial\Arduino_STM32_mapleMini\Release\core.a(timer.c.o)
                              C:\Users\Alex\AppData\Local\Temp\VMBuilds\TestSerial\Arduino_STM32_mapleMini\Release\variant\boards.cpp.o (timer_foreach)
C:\Users\Alex\AppData\Local\Temp\VMBuilds\TestSerial\Arduino_STM32_mapleMini\Release\core.a(usart_f1.c.o)
                              (__irq_usart1)
C:\Users\Alex\AppData\Local\Temp\VMBuilds\TestSerial\Arduino_STM32_mapleMini\Release\core.a(usart_private.c.o)
                              C:\Users\Alex\AppData\Local\Temp\VMBuilds\TestSerial\Arduino_STM32_mapleMini\Release\core.a(usart_f1.c.o) (_usart_clock_freq)
C:\Users\Alex\AppData\Local\Temp\VMBuilds\TestSerial\Arduino_STM32_mapleMini\Release\core.a(util.c.o)
                              C:\Users\Alex\AppData\Local\Temp\VMBuilds\TestSerial\Arduino_STM32_mapleMini\Release\core.a(exc.S.o) (__error)
C:\Users\Alex\AppData\Local\Temp\VMBuilds\TestSerial\Arduino_STM32_mapleMini\Release\core.a(usb.c.o)
                              (__irq_usb_lp_can_rx0)
C:\Users\Alex\AppData\Local\Temp\VMBuilds\TestSerial\Arduino_STM32_mapleMini\Release\core.a(usb_cdcacm.c.o)
                              C:\Users\Alex\AppData\Local\Temp\VMBuilds\TestSerial\Arduino_STM32_mapleMini\Release\core.a(usb.c.o) (User_Standard_Requests)
C:\Users\Alex\AppData\Local\Temp\VMBuilds\TestSerial\Arduino_STM32_mapleMini\Release\core.a(usb_reg_map.c.o)
                              C:\Users\Alex\AppData\Local\Temp\VMBuilds\TestSerial\Arduino_STM32_mapleMini\Release\core.a(usb_cdcacm.c.o) (usb_set_ep_rx_count)
C:\Users\Alex\AppData\Local\Temp\VMBuilds\TestSerial\Arduino_STM32_mapleMini\Release\core.a(usb_core.c.o)
[...]
Memory Configuration

Name             Origin             Length             Attributes
ram              0x20000c00         0x00004400         xrw
rom              0x08005000         0x0001b000         xr
*default*        0x00000000         0xffffffff

Linker script and memory map

LOAD c:/users/alex/appdata/local/arduino15/packages/arduino/tools/arm-none-eabi-gcc/4.8.3-2014q1/bin/../lib/gcc/arm-none-eabi/4.8.3/armv7-m/crti.o
LOAD c:/users/alex/appdata/local/arduino15/packages/arduino/tools/arm-none-eabi-gcc/4.8.3-2014q1/bin/../lib/gcc/arm-none-eabi/4.8.3/armv7-m/crtbegin.o
LOAD c:/users/alex/appdata/local/arduino15/packages/arduino/tools/arm-none-eabi-gcc/4.8.3-2014q1/bin/../lib/gcc/arm-none-eabi/4.8.3/../../../../arm-none-eabi/lib/armv7-m/crt0.o
LOAD c:/users/alex/appdata/local/arduino15/packages/arduino/tools/arm-none-eabi-gcc/4.8.3-2014q1/bin/../lib/gcc/arm-none-eabi/4.8.3/armv7-m\libgcc.a
START GROUP
LOAD C:\Users\Alex\AppData\Local\Temp\VMBuilds\TestSerial\Arduino_STM32_mapleMini\Release\TestSerial.cpp.o
LOAD C:\Users\Alex\AppData\Local\Temp\VMBuilds\TestSerial\Arduino_STM32_mapleMini\Release\variant\board.cpp.o
LOAD C:\Users\Alex\AppData\Local\Temp\VMBuilds\TestSerial\Arduino_STM32_mapleMini\Release\variant\boards.cpp.o
LOAD C:\Users\Alex\AppData\Local\Temp\VMBuilds\TestSerial\Arduino_STM32_mapleMini\Release\variant\boards_setup.cpp.o
LOAD C:\Users\Alex\AppData\Local\Temp\VMBuilds\TestSerial\Arduino_STM32_mapleMini\Release\variant\start.S.o
LOAD C:\Users\Alex\AppData\Local\Temp\VMBuilds\TestSerial\Arduino_STM32_mapleMini\Release\variant\start_c.c.o
LOAD C:\Users\Alex\AppData\Local\Temp\VMBuilds\TestSerial\Arduino_STM32_mapleMini\Release\variant\syscalls.c.o
LOAD C:\Users\Alex\AppData\Local\Temp\VMBuilds\TestSerial\Arduino_STM32_mapleMini\Release\core.a
END GROUP
LOAD c:/users/alex/appdata/local/arduino15/packages/arduino/tools/arm-none-eabi-gcc/4.8.3-2014q1/bin/../lib/gcc/arm-none-eabi/4.8.3/../../../../arm-none-eabi/lib/armv7-m\libstdc++.a
LOAD c:/users/alex/appdata/local/arduino15/packages/arduino/tools/arm-none-eabi-gcc/4.8.3-2014q1/bin/../lib/gcc/arm-none-eabi/4.8.3/../../../../arm-none-eabi/lib/armv7-m\libm.a
START GROUP
LOAD c:/users/alex/appdata/local/arduino15/packages/arduino/tools/arm-none-eabi-gcc/4.8.3-2014q1/bin/../lib/gcc/arm-none-eabi/4.8.3/armv7-m\libgcc.a
LOAD c:/users/alex/appdata/local/arduino15/packages/arduino/tools/arm-none-eabi-gcc/4.8.3-2014q1/bin/../lib/gcc/arm-none-eabi/4.8.3/../../../../arm-none-eabi/lib/armv7-m\libc.a
END GROUP
LOAD c:/users/alex/appdata/local/arduino15/packages/arduino/tools/arm-none-eabi-gcc/4.8.3-2014q1/bin/../lib/gcc/arm-none-eabi/4.8.3/armv7-m/crtend.o
LOAD c:/users/alex/appdata/local/arduino15/packages/arduino/tools/arm-none-eabi-gcc/4.8.3-2014q1/bin/../lib/gcc/arm-none-eabi/4.8.3/armv7-m/crtn.o
START GROUP
LOAD c:/users/alex/appdata/local/arduino15/packages/arduino/tools/arm-none-eabi-gcc/4.8.3-2014q1/bin/../lib/gcc/arm-none-eabi/4.8.3/armv7-m\libgcc.a
LOAD c:/users/alex/appdata/local/arduino15/packages/arduino/tools/arm-none-eabi-gcc/4.8.3-2014q1/bin/../lib/gcc/arm-none-eabi/4.8.3/../../../../arm-none-eabi/lib/armv7-m\libc.a
LOAD c:/users/alex/appdata/local/arduino15/packages/arduino/tools/arm-none-eabi-gcc/4.8.3-2014q1/bin/../lib/gcc/arm-none-eabi/4.8.3/../../../../arm-none-eabi/lib/armv7-m\libm.a
END GROUP
START GROUP
LOAD c:/users/alex/appdata/local/arduino15/packages/arduino/tools/arm-none-eabi-gcc/4.8.3-2014q1/bin/../lib/gcc/arm-none-eabi/4.8.3/../../../../arm-none-eabi/lib/armv7-m\libnosys.a
END GROUP
                0x20005000                PROVIDE (__msp_init, (ORIGIN (ram) + 0x4400))
                0x08005408                PROVIDE (__exc_reset, __start__)

.text           0x08005000     0x33f8
                0x08005000                __text_start__ = .
 *(.stm32.interrupt_vector)
 .stm32.interrupt_vector
                0x08005000       0xec C:\Users\Alex\AppData\Local\Temp\VMBuilds\TestSerial\Arduino_STM32_mapleMini\Release\core.a(vector_table.S.o)
                0x08005000                __stm32_vector_table
 *(.text .text.* .gnu.linkonce.t.*)
 .text          0x080050ec       0x54 c:/users/alex/appdata/local/arduino15/packages/arduino/tools/arm-none-eabi-gcc/4.8.3-2014q1/bin/../lib/gcc/arm-none-eabi/4.8.3/armv7-m/crtbegin.o
 .text._Z5setupv
                0x08005140       0x48 C:\Users\Alex\AppData\Local\Temp\VMBuilds\TestSerial\Arduino_STM32_mapleMini\Release\TestSerial.cpp.o
                0x08005140                setup()
 .text._Z4loopv
                0x08005188       0x78 C:\Users\Alex\AppData\Local\Temp\VMBuilds\TestSerial\Arduino_STM32_mapleMini\Release\TestSerial.cpp.o
                0x08005188                loop()
 .text._Z9boardInitv
                0x08005200        0x4 C:\Users\Alex\AppData\Local\Temp\VMBuilds\TestSerial\Arduino_STM32_mapleMini\Release\variant\board.cpp.o
                0x08005200                boardInit()
 .text.startup._GLOBAL__sub_I__Z9boardInitv
                0x08005204       0x48 C:\Users\Alex\AppData\Local\Temp\VMBuilds\TestSerial\Arduino_STM32_mapleMini\Release\variant\board.cpp.o
 .text._ZL18adc_default_configP7adc_dev
                0x0800524c       0x1c C:\Users\Alex\AppData\Local\Temp\VMBuilds\TestSerial\Arduino_STM32_mapleMini\Release\variant\boards.cpp.o
 .text._ZL20timer_default_configP9timer_dev
                0x08005268       0x9e C:\Users\Alex\AppData\Local\Temp\VMBuilds\TestSerial\Arduino_STM32_mapleMini\Release\variant\boards.cpp.o
 *fill*         0x08005306        0x2 
 .text._Z4initv
                0x08005308       0xbc C:\Users\Alex\AppData\Local\Temp\VMBuilds\TestSerial\Arduino_STM32_mapleMini\Release\variant\boards.cpp.o
                0x08005308                init()
 .text._ZN6wirish4priv15board_reset_pllEv
                0x080053c4        0x2 C:\Users\Alex\AppData\Local\Temp\VMBuilds\TestSerial\Arduino_STM32_mapleMini\Release\variant\boards_setup.cpp.o
                0x080053c4                wirish::priv::board_reset_pll()
 .text._ZN6wirish4priv28board_setup_clock_prescalersEv
                0x080053c6       0x2e C:\Users\Alex\AppData\Local\Temp\VMBuilds\TestSerial\Arduino_STM32_mapleMini\Release\variant\boards_setup.cpp.o
                0x080053c6                wirish::priv::board_setup_clock_prescalers()
 .text._ZN6wirish4priv16board_setup_gpioEv
                0x080053f4        0x4 C:\Users\Alex\AppData\Local\Temp\VMBuilds\TestSerial\Arduino_STM32_mapleMini\Release\variant\boards_setup.cpp.o
                0x080053f4                wirish::priv::board_setup_gpio()
 .text._ZN6wirish4priv15board_setup_usbEv
                0x080053f8        0xc C:\Users\Alex\AppData\Local\Temp\VMBuilds\TestSerial\Arduino_STM32_mapleMini\Release\variant\boards_setup.cpp.o
                0x080053f8                wirish::priv::board_setup_usb()
 .text._ZN6wirish4priv11series_initEv
                0x08005404        0x4 C:\Users\Alex\AppData\Local\Temp\VMBuilds\TestSerial\Arduino_STM32_mapleMini\Release\variant\boards_setup.cpp.o
                0x08005404                wirish::priv::series_init()
 .text          0x08005408       0x10 C:\Users\Alex\AppData\Local\Temp\VMBuilds\TestSerial\Arduino_STM32_mapleMini\Release\variant\start.S.o
                0x08005408                __start__
 .text.start_c  0x08005418       0x64 C:\Users\Alex\AppData\Local\Temp\VMBuilds\TestSerial\Arduino_STM32_mapleMini\Release\variant\start_c.c.o
                0x08005418                start_c
 .text._exit    0x0800547c        0x2 C:\Users\Alex\AppData\Local\Temp\VMBuilds\TestSerial\Arduino_STM32_mapleMini\Release\variant\syscalls.c.o
                0x0800547c                _exit
 *fill*         0x0800547e        0x2 
 .text          0x08005480       0x60 C:\Users\Alex\AppData\Local\Temp\VMBuilds\TestSerial\Arduino_STM32_mapleMini\Release\core.a(exc.S.o)
                0x08005480                __exc_nmi
                0x08005484                __exc_hardfault
                0x08005488                __exc_memmanage
                0x0800548c                __exc_busfault
                0x08005490                __exc_usagefault
 .text          0x080054e0        0x2 C:\Users\Alex\AppData\Local\Temp\VMBuilds\TestSerial\Arduino_STM32_mapleMini\Release\core.a(isrs.S.o)
                0x080054e0                __stm32reservedexception9
                0x080054e0                __exc_debug_monitor
                0x080054e0                __exc_svc
                0x080054e0                __irq_can_rx1
                0x080054e0                __irq_spi2
                0x080054e0                __irq_can_sce
                0x080054e0                __irq_pvd
                0x080054e0                __irq_tamper
                0x080054e0                __default_handler
                0x080054e0                __irq_wwdg
                0x080054e0                __stm32reservedexception10
                0x080054e0                __irq_flash
                0x080054e0                __stm32reservedexception13
                0x080054e0                __irq_rtc
                0x080054e0                __irq_spi1
                0x080054e0                __stm32reservedexception7
                0x080054e0                __irq_usb_hp_can_tx
                0x080054e0                __irq_rtcalarm
                0x080054e0                __stm32reservedexception8
                0x080054e0                __exc_pendsv
                0x080054e0                __irq_usbwakeup
                0x080054e0                __irq_rcc
 .text.adc_init
                0x080054e2       0x14 C:\Users\Alex\AppData\Local\Temp\VMBuilds\TestSerial\Arduino_STM32_mapleMini\Release\core.a(adc.c.o)
                0x080054e2                adc_init
 .text.adc_set_extsel
                0x080054f6       0x12 C:\Users\Alex\AppData\Local\Temp\VMBuilds\TestSerial\Arduino_STM32_mapleMini\Release\core.a(adc.c.o)
                0x080054f6                adc_set_extsel
 .text.adc_set_sample_rate
                0x08005508       0x30 C:\Users\Alex\AppData\Local\Temp\VMBuilds\TestSerial\Arduino_STM32_mapleMini\Release\core.a(adc.c.o)
                0x08005508                adc_set_sample_rate
 .text.__irq_adc
                0x08005538       0x50 C:\Users\Alex\AppData\Local\Temp\VMBuilds\TestSerial\Arduino_STM32_mapleMini\Release\core.a(adc_f1.c.o)
                0x08005538                __irq_adc
 .text.adc_calibrate
                0x08005588       0x24 C:\Users\Alex\AppData\Local\Temp\VMBuilds\TestSerial\Arduino_STM32_mapleMini\Release\core.a(adc_f1.c.o)
                0x08005588                adc_calibrate
 .text.adc_set_prescaler
                0x080055ac        0x8 C:\Users\Alex\AppData\Local\Temp\VMBuilds\TestSerial\Arduino_STM32_mapleMini\Release\core.a(adc_f1.c.o)
                0x080055ac                adc_set_prescaler
 .text.adc_foreach
                0x080055b4       0x1c C:\Users\Alex\AppData\Local\Temp\VMBuilds\TestSerial\Arduino_STM32_mapleMini\Release\core.a(adc_f1.c.o)
                0x080055b4                adc_foreach
 .text.adc_enable_single_swstart
                0x080055d0       0x36 C:\Users\Alex\AppData\Local\Temp\VMBuilds\TestSerial\Arduino_STM32_mapleMini\Release\core.a(adc_f1.c.o)
                0x080055d0                adc_enable_single_swstart
 *fill*         0x08005606        0x2 
 .text.__irq_dma1_channel1
                0x08005608       0x18 C:\Users\Alex\AppData\Local\Temp\VMBuilds\TestSerial\Arduino_STM32_mapleMini\Release\core.a(dma_f1.c.o)
                0x08005608                __irq_dma1_channel1
 .text.__irq_dma1_channel2
                0x08005620       0x18 C:\Users\Alex\AppData\Local\Temp\VMBuilds\TestSerial\Arduino_STM32_mapleMini\Release\core.a(dma_f1.c.o)
                0x08005620                __irq_dma1_channel2
 .text.__irq_dma1_channel3
                0x08005638       0x1c C:\Users\Alex\AppData\Local\Temp\VMBuilds\TestSerial\Arduino_STM32_mapleMini\Release\core.a(dma_f1.c.o)
                0x08005638                __irq_dma1_channel3
 .text.__irq_dma1_channel4
                0x08005654       0x1c C:\Users\Alex\AppData\Local\Temp\VMBuilds\TestSerial\Arduino_STM32_mapleMini\Release\core.a(dma_f1.c.o)
                0x08005654                __irq_dma1_channel4
 .text.__irq_dma1_channel5
                0x08005670       0x1c C:\Users\Alex\AppData\Local\Temp\VMBuilds\TestSerial\Arduino_STM32_mapleMini\Release\core.a(dma_f1.c.o)
                0x08005670                __irq_dma1_channel5
 .text.__irq_dma1_channel6
                0x0800568c       0x1c C:\Users\Alex\AppData\Local\Temp\VMBuilds\TestSerial\Arduino_STM32_mapleMini\Release\core.a(dma_f1.c.o)
                0x0800568c                __irq_dma1_channel6
 .text.__irq_dma1_channel7
                0x080056a8       0x1c C:\Users\Alex\AppData\Local\Temp\VMBuilds\TestSerial\Arduino_STM32_mapleMini\Release\core.a(dma_f1.c.o)
                0x080056a8                __irq_dma1_channel7
 .text.__irq_exti0
                0x080056c4       0x20 C:\Users\Alex\AppData\Local\Temp\VMBuilds\TestSerial\Arduino_STM32_mapleMini\Release\core.a(exti.c.o)
                0x080056c4                __irq_exti0
 .text.__irq_exti1
                0x080056e4       0x20 C:\Users\Alex\AppData\Local\Temp\VMBuilds\TestSerial\Arduino_STM32_mapleMini\Release\core.a(exti.c.o)
                0x080056e4                __irq_exti1
 .text.__irq_exti2
                0x08005704       0x20 C:\Users\Alex\AppData\Local\Temp\VMBuilds\TestSerial\Arduino_STM32_mapleMini\Release\core.a(exti.c.o)
                0x08005704                __irq_exti2
 .text.__irq_exti3
                0x08005724       0x20 C:\Users\Alex\AppData\Local\Temp\VMBuilds\TestSerial\Arduino_STM32_mapleMini\Release\core.a(exti.c.o)
                0x08005724                __irq_exti3
 .text.__irq_exti4
                0x08005744       0x20 C:\Users\Alex\AppData\Local\Temp\VMBuilds\TestSerial\Arduino_STM32_mapleMini\Release\core.a(exti.c.o)
                0x08005744                __irq_exti4
 .text.__irq_exti9_5
                0x08005764       0x44 C:\Users\Alex\AppData\Local\Temp\VMBuilds\TestSerial\Arduino_STM32_mapleMini\Release\core.a(exti.c.o)
                0x08005764                __irq_exti9_5
 .text.__irq_exti15_10
                0x080057a8       0x44 C:\Users\Alex\AppData\Local\Temp\VMBuilds\TestSerial\Arduino_STM32_mapleMini\Release\core.a(exti.c.o)
                0x080057a8                __irq_exti15_10
 .text.flash_set_latency
                0x080057ec       0x14 C:\Users\Alex\AppData\Local\Temp\VMBuilds\TestSerial\Arduino_STM32_mapleMini\Release\core.a(flash.c.o)
                0x080057ec                flash_set_latency
 .text.gpio_init_all
                0x08005800       0x30 C:\Users\Alex\AppData\Local\Temp\VMBuilds\TestSerial\Arduino_STM32_mapleMini\Release\core.a(gpio_f1.c.o)
                0x08005800                gpio_init_all
 .text.gpio_set_mode
                0x08005830       0x50 C:\Users\Alex\AppData\Local\Temp\VMBuilds\TestSerial\Arduino_STM32_mapleMini\Release\core.a(gpio_f1.c.o)
                0x08005830                gpio_set_mode
 .text.afio_init
                0x08005880       0x12 C:\Users\Alex\AppData\Local\Temp\VMBuilds\TestSerial\Arduino_STM32_mapleMini\Release\core.a(gpio_f1.c.o)
                0x08005880                afio_init
 *fill*         0x08005892        0x2 
 .text.__irq_i2c1_ev
                0x08005894        0xc C:\Users\Alex\AppData\Local\Temp\VMBuilds\TestSerial\Arduino_STM32_mapleMini\Release\core.a(i2c_f1.c.o)
                0x08005894                __irq_i2c1_ev
 .text.__irq_i2c2_ev
                0x080058a0        0xc C:\Users\Alex\AppData\Local\Temp\VMBuilds\TestSerial\Arduino_STM32_mapleMini\Release\core.a(i2c_f1.c.o)
                0x080058a0                __irq_i2c2_ev
 .text.__irq_i2c1_er
                0x080058ac        0xc C:\Users\Alex\AppData\Local\Temp\VMBuilds\TestSerial\Arduino_STM32_mapleMini\Release\core.a(i2c_f1.c.o)
                0x080058ac                __irq_i2c1_er
 .text.__irq_i2c2_er
                0x080058b8        0xc C:\Users\Alex\AppData\Local\Temp\VMBuilds\TestSerial\Arduino_STM32_mapleMini\Release\core.a(i2c_f1.c.o)
                0x080058b8                __irq_i2c2_er
 .text._i2c_irq_priority_fixup
                0x080058c4       0x1c C:\Users\Alex\AppData\Local\Temp\VMBuilds\TestSerial\Arduino_STM32_mapleMini\Release\core.a(i2c_f1.c.o)
                0x080058c4                _i2c_irq_priority_fixup
 .text.nvic_irq_set_priority
                0x080058e0       0x28 C:\Users\Alex\AppData\Local\Temp\VMBuilds\TestSerial\Arduino_STM32_mapleMini\Release\core.a(nvic.c.o)
                0x080058e0                nvic_irq_set_priority
 .text.nvic_init
                0x08005908       0x30 C:\Users\Alex\AppData\Local\Temp\VMBuilds\TestSerial\Arduino_STM32_mapleMini\Release\core.a(nvic.c.o)
                0x08005908                nvic_init
 .text.nvic_sys_reset
                0x08005938       0x1c C:\Users\Alex\AppData\Local\Temp\VMBuilds\TestSerial\Arduino_STM32_mapleMini\Release\core.a(nvic.c.o)
                0x08005938                nvic_sys_reset
 .text.rcc_dev_clk
                0x08005954        0xc C:\Users\Alex\AppData\Local\Temp\VMBuilds\TestSerial\Arduino_STM32_mapleMini\Release\core.a(rcc.c.o)
                0x08005954                rcc_dev_clk
 .text.rcc_switch_sysclk
                0x08005960       0x20 C:\Users\Alex\AppData\Local\Temp\VMBuilds\TestSerial\Arduino_STM32_mapleMini\Release\core.a(rcc.c.o)
                0x08005960                rcc_switch_sysclk
 .text.rcc_turn_on_clk
                0x08005980       0x1a C:\Users\Alex\AppData\Local\Temp\VMBuilds\TestSerial\Arduino_STM32_mapleMini\Release\core.a(rcc.c.o)
                0x08005980                rcc_turn_on_clk
 .text.rcc_turn_off_clk
                0x0800599a       0x1c C:\Users\Alex\AppData\Local\Temp\VMBuilds\TestSerial\Arduino_STM32_mapleMini\Release\core.a(rcc.c.o)
                0x0800599a                rcc_turn_off_clk
 .text.rcc_is_clk_ready
                0x080059b6       0x18 C:\Users\Alex\AppData\Local\Temp\VMBuilds\TestSerial\Arduino_STM32_mapleMini\Release\core.a(rcc.c.o)
                0x080059b6                rcc_is_clk_ready
 *fill*         0x080059ce        0x2 
 .text.rcc_configure_pll
                0x080059d0       0x18 C:\Users\Alex\AppData\Local\Temp\VMBuilds\TestSerial\Arduino_STM32_mapleMini\Release\core.a(rcc_f1.c.o)
                0x080059d0                rcc_configure_pll
 .text.rcc_clk_enable
                0x080059e8       0x30 C:\Users\Alex\AppData\Local\Temp\VMBuilds\TestSerial\Arduino_STM32_mapleMini\Release\core.a(rcc_f1.c.o)
                0x080059e8                rcc_clk_enable
 .text.rcc_reset_dev
                0x08005a18       0x34 C:\Users\Alex\AppData\Local\Temp\VMBuilds\TestSerial\Arduino_STM32_mapleMini\Release\core.a(rcc_f1.c.o)
                0x08005a18                rcc_reset_dev
 .text.rcc_set_prescaler
                0x08005a4c       0x20 C:\Users\Alex\AppData\Local\Temp\VMBuilds\TestSerial\Arduino_STM32_mapleMini\Release\core.a(rcc_f1.c.o)
                0x08005a4c                rcc_set_prescaler
 .text.rcc_clk_disable
                0x08005a6c       0x30 C:\Users\Alex\AppData\Local\Temp\VMBuilds\TestSerial\Arduino_STM32_mapleMini\Release\core.a(rcc_f1.c.o)
                0x08005a6c                rcc_clk_disable
 .text.systick_init
                0x08005a9c       0x10 C:\Users\Alex\AppData\Local\Temp\VMBuilds\TestSerial\Arduino_STM32_mapleMini\Release\core.a(systick.c.o)
                0x08005a9c                systick_init
 .text.__exc_systick
                0x08005aac       0x1c C:\Users\Alex\AppData\Local\Temp\VMBuilds\TestSerial\Arduino_STM32_mapleMini\Release\core.a(systick.c.o)
                0x08005aac                __exc_systick
 .text.timer_oc_set_mode
                0x08005ac8       0x3a C:\Users\Alex\AppData\Local\Temp\VMBuilds\TestSerial\Arduino_STM32_mapleMini\Release\core.a(timer.c.o)
 .text.timer_cc_enable
                0x08005b02       0x1c C:\Users\Alex\AppData\Local\Temp\VMBuilds\TestSerial\Arduino_STM32_mapleMini\Release\core.a(timer.c.o)
 *fill*         0x08005b1e        0x2 
 .text.timer_foreach
                0x08005b20       0x28 C:\Users\Alex\AppData\Local\Temp\VMBuilds\TestSerial\Arduino_STM32_mapleMini\Release\core.a(timer.c.o)
                0x08005b20                timer_foreach
 .text.timer_init
                0x08005b48       0x14 C:\Users\Alex\AppData\Local\Temp\VMBuilds\TestSerial\Arduino_STM32_mapleMini\Release\core.a(timer.c.o)
                0x08005b48                timer_init
 .text.timer_has_cc_channel
                0x08005b5c       0x30 C:\Users\Alex\AppData\Local\Temp\VMBuilds\TestSerial\Arduino_STM32_mapleMini\Release\core.a(timer.c.o)
                0x08005b5c                timer_has_cc_channel
 .text.timer_detach_interrupt
                0x08005b8c       0x1e C:\Users\Alex\AppData\Local\Temp\VMBuilds\TestSerial\Arduino_STM32_mapleMini\Release\core.a(timer.c.o)
                0x08005b8c                timer_detach_interrupt
 .text.input_capture_mode
                0x08005baa       0x1a C:\Users\Alex\AppData\Local\Temp\VMBuilds\TestSerial\Arduino_STM32_mapleMini\Release\core.a(timer.c.o)
                0x08005baa                input_capture_mode
 .text.timer_set_mode
                0x08005bc4       0x8c C:\Users\Alex\AppData\Local\Temp\VMBuilds\TestSerial\Arduino_STM32_mapleMini\Release\core.a(timer.c.o)
                0x08005bc4                timer_set_mode
 .text.__irq_tim1_brk
                0x08005c50       0x24 C:\Users\Alex\AppData\Local\Temp\VMBuilds\TestSerial\Arduino_STM32_mapleMini\Release\core.a(timer.c.o)
                0x08005c50                __irq_tim1_brk
 .text.__irq_tim1_up
                0x08005c74       0x24 C:\Users\Alex\AppData\Local\Temp\VMBuilds\TestSerial\Arduino_STM32_mapleMini\Release\core.a(timer.c.o)
                0x08005c74                __irq_tim1_up
 .text.__irq_tim1_trg_com
                0x08005c98       0x38 C:\Users\Alex\AppData\Local\Temp\VMBuilds\TestSerial\Arduino_STM32_mapleMini\Release\core.a(timer.c.o)
                0x08005c98                __irq_tim1_trg_com
 .text.__irq_tim1_cc
                0x08005cd0       0x54 C:\Users\Alex\AppData\Local\Temp\VMBuilds\TestSerial\Arduino_STM32_mapleMini\Release\core.a(timer.c.o)
                0x08005cd0                __irq_tim1_cc
 .text.__irq_tim2
                0x08005d24       0x70 C:\Users\Alex\AppData\Local\Temp\VMBuilds\TestSerial\Arduino_STM32_mapleMini\Release\core.a(timer.c.o)
                0x08005d24                __irq_tim2
 .text.__irq_tim3
                0x08005d94       0x70 C:\Users\Alex\AppData\Local\Temp\VMBuilds\TestSerial\Arduino_STM32_mapleMini\Release\core.a(timer.c.o)
                0x08005d94                __irq_tim3
 .text.__irq_tim4
                0x08005e04       0x70 C:\Users\Alex\AppData\Local\Temp\VMBuilds\TestSerial\Arduino_STM32_mapleMini\Release\core.a(timer.c.o)
                0x08005e04                __irq_tim4
 .text.rb_remove
                0x08005e74       0x24 C:\Users\Alex\AppData\Local\Temp\VMBuilds\TestSerial\Arduino_STM32_mapleMini\Release\core.a(usart_f1.c.o)
 .text.rb_push_insert
                0x08005e98       0x52 C:\Users\Alex\AppData\Local\Temp\VMBuilds\TestSerial\Arduino_STM32_mapleMini\Release\core.a(usart_f1.c.o)
 .text.usart_config_gpios_async
                0x08005eea       0x4a C:\Users\Alex\AppData\Local\Temp\VMBuilds\TestSerial\Arduino_STM32_mapleMini\Release\core.a(usart_f1.c.o)
                0x08005eea                usart_config_gpios_async
 .text.usart_set_baud_rate
                0x08005f34       0x3c C:\Users\Alex\AppData\Local\Temp\VMBuilds\TestSerial\Arduino_STM32_mapleMini\Release\core.a(usart_f1.c.o)
                0x08005f34                usart_set_baud_rate
 .text.__irq_usart1
                0x08005f70       0x54 C:\Users\Alex\AppData\Local\Temp\VMBuilds\TestSerial\Arduino_STM32_mapleMini\Release\core.a(usart_f1.c.o)
                0x08005f70                __irq_usart1
 .text.__irq_usart2
                0x08005fc4       0x54 C:\Users\Alex\AppData\Local\Temp\VMBuilds\TestSerial\Arduino_STM32_mapleMini\Release\core.a(usart_f1.c.o)
                0x08005fc4                __irq_usart2
 .text.__irq_usart3
                0x08006018       0x54 C:\Users\Alex\AppData\Local\Temp\VMBuilds\TestSerial\Arduino_STM32_mapleMini\Release\core.a(usart_f1.c.o)
                0x08006018                __irq_usart3
 .text._usart_clock_freq
                0x0800606c       0x24 C:\Users\Alex\AppData\Local\Temp\VMBuilds\TestSerial\Arduino_STM32_mapleMini\Release\core.a(usart_private.c.o)
                0x0800606c                _usart_clock_freq
 .text.throb    0x08006090       0x4c C:\Users\Alex\AppData\Local\Temp\VMBuilds\TestSerial\Arduino_STM32_mapleMini\Release\core.a(util.c.o)
                0x08006090                throb
 .text.__error  0x080060dc       0x14 C:\Users\Alex\AppData\Local\Temp\VMBuilds\TestSerial\Arduino_STM32_mapleMini\Release\core.a(util.c.o)
                0x080060dc                __error
 .text.usb_resume
                0x080060f0       0xb4 C:\Users\Alex\AppData\Local\Temp\VMBuilds\TestSerial\Arduino_STM32_mapleMini\Release\core.a(usb.c.o)
 .text.usb_init_usblib
                0x080061a4       0x48 C:\Users\Alex\AppData\Local\Temp\VMBuilds\TestSerial\Arduino_STM32_mapleMini\Release\core.a(usb.c.o)
                0x080061a4                usb_init_usblib
 .text.__irq_usb_lp_can_rx0
                0x080061ec      0x1c8 C:\Users\Alex\AppData\Local\Temp\VMBuilds\TestSerial\Arduino_STM32_mapleMini\Release\core.a(usb.c.o)
                0x080061ec                __irq_usb_lp_can_rx0
 .text.usb_set_ep_rx_stat
                0x080063b4       0x22 C:\Users\Alex\AppData\Local\Temp\VMBuilds\TestSerial\Arduino_STM32_mapleMini\Release\core.a(usb_cdcacm.c.o)
 *fill*         0x080063d6        0x2 
 .text.vcomGetSetLineCoding
                0x080063d8       0x18 C:\Users\Alex\AppData\Local\Temp\VMBuilds\TestSerial\Arduino_STM32_mapleMini\Release\core.a(usb_cdcacm.c.o)
 .text.usbDataSetup
                0x080063f0       0x54 C:\Users\Alex\AppData\Local\Temp\VMBuilds\TestSerial\Arduino_STM32_mapleMini\Release\core.a(usb_cdcacm.c.o)
 .text.usbNoDataSetup
                0x08006444       0x50 C:\Users\Alex\AppData\Local\Temp\VMBuilds\TestSerial\Arduino_STM32_mapleMini\Release\core.a(usb_cdcacm.c.o)
 .text.usbGetInterfaceSetting
                0x08006494       0x10 C:\Users\Alex\AppData\Local\Temp\VMBuilds\TestSerial\Arduino_STM32_mapleMini\Release\core.a(usb_cdcacm.c.o)
 .text.usbSetConfiguration
                0x080064a4       0x1c C:\Users\Alex\AppData\Local\Temp\VMBuilds\TestSerial\Arduino_STM32_mapleMini\Release\core.a(usb_cdcacm.c.o)
 .text.usbSetDeviceAddress
                0x080064c0       0x10 C:\Users\Alex\AppData\Local\Temp\VMBuilds\TestSerial\Arduino_STM32_mapleMini\Release\core.a(usb_cdcacm.c.o)
 .text.usbGetStringDescriptor
                0x080064d0       0x20 C:\Users\Alex\AppData\Local\Temp\VMBuilds\TestSerial\Arduino_STM32_mapleMini\Release\core.a(usb_cdcacm.c.o)
 .text.usbGetConfigDescriptor
                0x080064f0        0xc C:\Users\Alex\AppData\Local\Temp\VMBuilds\TestSerial\Arduino_STM32_mapleMini\Release\core.a(usb_cdcacm.c.o)
 .text.usbGetDeviceDescriptor
                0x080064fc        0xc C:\Users\Alex\AppData\Local\Temp\VMBuilds\TestSerial\Arduino_STM32_mapleMini\Release\core.a(usb_cdcacm.c.o)
 .text.usbInit  0x08006508       0x44 C:\Users\Alex\AppData\Local\Temp\VMBuilds\TestSerial\Arduino_STM32_mapleMini\Release\core.a(usb_cdcacm.c.o)
 .text.vcomDataTxCb
                0x0800654c       0xa0 C:\Users\Alex\AppData\Local\Temp\VMBuilds\TestSerial\Arduino_STM32_mapleMini\Release\core.a(usb_cdcacm.c.o)
 .text.usbReset
                0x080065ec      0x160 C:\Users\Alex\AppData\Local\Temp\VMBuilds\TestSerial\Arduino_STM32_mapleMini\Release\core.a(usb_cdcacm.c.o)
 .text.vcomDataRxCb
                0x0800674c       0x7c C:\Users\Alex\AppData\Local\Temp\VMBuilds\TestSerial\Arduino_STM32_mapleMini\Release\core.a(usb_cdcacm.c.o)
 .text.usb_cdcacm_set_hooks
                0x080067c8       0x1c C:\Users\Alex\AppData\Local\Temp\VMBuilds\TestSerial\Arduino_STM32_mapleMini\Release\core.a(usb_cdcacm.c.o)
                0x080067c8                usb_cdcacm_set_hooks
 .text.usb_cdcacm_enable
                0x080067e4       0x38 C:\Users\Alex\AppData\Local\Temp\VMBuilds\TestSerial\Arduino_STM32_mapleMini\Release\core.a(usb_cdcacm.c.o)
                0x080067e4                usb_cdcacm_enable
 .text.usb_cdcacm_tx
                0x0800681c       0x60 C:\Users\Alex\AppData\Local\Temp\VMBuilds\TestSerial\Arduino_STM32_mapleMini\Release\core.a(usb_cdcacm.c.o)
                0x0800681c                usb_cdcacm_tx
 .text.usb_cdcacm_data_available
                0x0800687c       0x18 C:\Users\Alex\AppData\Local\Temp\VMBuilds\TestSerial\Arduino_STM32_mapleMini\Release\core.a(usb_cdcacm.c.o)
                0x0800687c                usb_cdcacm_data_available
 .text.usb_cdcacm_peek
                0x08006894       0x38 C:\Users\Alex\AppData\Local\Temp\VMBuilds\TestSerial\Arduino_STM32_mapleMini\Release\core.a(usb_cdcacm.c.o)
                0x08006894                usb_cdcacm_peek
 .text.usb_cdcacm_rx
                0x080068cc       0x34 C:\Users\Alex\AppData\Local\Temp\VMBuilds\TestSerial\Arduino_STM32_mapleMini\Release\core.a(usb_cdcacm.c.o)
                0x080068cc                usb_cdcacm_rx
 .text.usb_cdcacm_peek_ex
                0x08006900       0x40 C:\Users\Alex\AppData\Local\Temp\VMBuilds\TestSerial\Arduino_STM32_mapleMini\Release\core.a(usb_cdcacm.c.o)
                0x08006900                usb_cdcacm_peek_ex
 .text.usb_cdcacm_get_dtr
                0x08006940       0x10 C:\Users\Alex\AppData\Local\Temp\VMBuilds\TestSerial\Arduino_STM32_mapleMini\Release\core.a(usb_cdcacm.c.o)
                0x08006940                usb_cdcacm_get_dtr
 .text.usb_set_ep_rx_count
                0x08006950       0x40 C:\Users\Alex\AppData\Local\Temp\VMBuilds\TestSerial\Arduino_STM32_mapleMini\Release\core.a(usb_reg_map.c.o)
                0x08006950                usb_set_ep_rx_count
 .text.Standard_GetConfiguration
                0x08006990       0x24 C:\Users\Alex\AppData\Local\Temp\VMBuilds\TestSerial\Arduino_STM32_mapleMini\Release\core.a(usb_core.c.o)
                0x08006990                Standard_GetConfiguration
 .text.Standard_GetInterface
                0x080069b4       0x24 C:\Users\Alex\AppData\Local\Temp\VMBuilds\TestSerial\Arduino_STM32_mapleMini\Release\core.a(usb_core.c.o)
                0x080069b4                Standard_GetInterface
 .text.Standard_GetStatus
                0x080069d8       0x90 C:\Users\Alex\AppData\Local\Temp\VMBuilds\TestSerial\Arduino_STM32_mapleMini\Release\core.a(usb_core.c.o)
                0x080069d8                Standard_GetStatus
 .text.DataStageIn
                0x08006a68       0xa8 C:\Users\Alex\AppData\Local\Temp\VMBuilds\TestSerial\Arduino_STM32_mapleMini\Release\core.a(usb_core.c.o)
 .text.Standard_SetConfiguration
                0x08006b10       0x38 C:\Users\Alex\AppData\Local\Temp\VMBuilds\TestSerial\Arduino_STM32_mapleMini\Release\core.a(usb_core.c.o)
                0x08006b10                Standard_SetConfiguration
 .text.Standard_SetInterface
                0x08006b48       0x48 C:\Users\Alex\AppData\Local\Temp\VMBuilds\TestSerial\Arduino_STM32_mapleMini\Release\core.a(usb_core.c.o)
                0x08006b48                Standard_SetInterface
 .text.Standard_ClearFeature
                0x08006b90       0xd0 C:\Users\Alex\AppData\Local\Temp\VMBuilds\TestSerial\Arduino_STM32_mapleMini\Release\core.a(usb_core.c.o)
                0x08006b90                Standard_ClearFeature
 .text.Standard_SetEndPointFeature
                0x08006c60       0x84 C:\Users\Alex\AppData\Local\Temp\VMBuilds\TestSerial\Arduino_STM32_mapleMini\Release\core.a(usb_core.c.o)
                0x08006c60                Standard_SetEndPointFeature
 .text.Standard_SetDeviceFeature
                0x08006ce4       0x24 C:\Users\Alex\AppData\Local\Temp\VMBuilds\TestSerial\Arduino_STM32_mapleMini\Release\core.a(usb_core.c.o)
                0x08006ce4                Standard_SetDeviceFeature
 .text.Standard_GetDescriptorData
                0x08006d08       0x1c C:\Users\Alex\AppData\Local\Temp\VMBuilds\TestSerial\Arduino_STM32_mapleMini\Release\core.a(usb_core.c.o)
                0x08006d08                Standard_GetDescriptorData
 .text.Post0_Process
                0x08006d24       0x40 C:\Users\Alex\AppData\Local\Temp\VMBuilds\TestSerial\Arduino_STM32_mapleMini\Release\core.a(usb_core.c.o)
                0x08006d24                Post0_Process
 .text.Setup0_Process
                0x08006d64      0x2d0 C:\Users\Alex\AppData\Local\Temp\VMBuilds\TestSerial\Arduino_STM32_mapleMini\Release\core.a(usb_core.c.o)
                0x08006d64                Setup0_Process
 .text.Out0_Process
                0x08007034       0xc8 C:\Users\Alex\AppData\Local\Temp\VMBuilds\TestSerial\Arduino_STM32_mapleMini\Release\core.a(usb_core.c.o)
                0x08007034                Out0_Process
 .text.SetDeviceAddress
                0x080070fc       0x38 C:\Users\Alex\AppData\Local\Temp\VMBuilds\TestSerial\Arduino_STM32_mapleMini\Release\core.a(usb_core.c.o)
                0x080070fc                SetDeviceAddress
 .text.In0_Process
                0x08007134       0x5c C:\Users\Alex\AppData\Local\Temp\VMBuilds\TestSerial\Arduino_STM32_mapleMini\Release\core.a(usb_core.c.o)
                0x08007134                In0_Process
 .text.NOP_Process
                0x08007190        0x2 C:\Users\Alex\AppData\Local\Temp\VMBuilds\TestSerial\Arduino_STM32_mapleMini\Release\core.a(usb_core.c.o)
                0x08007190                NOP_Process
 .text.UserToPMABufferCopy
                0x08007192       0x30 C:\Users\Alex\AppData\Local\Temp\VMBuilds\TestSerial\Arduino_STM32_mapleMini\Release\core.a(usb_mem.c.o)
                0x08007192                UserToPMABufferCopy
 .text.PMAToUserBufferCopy
                0x080071c2       0x24 C:\Users\Alex\AppData\Local\Temp\VMBuilds\TestSerial\Arduino_STM32_mapleMini\Release\core.a(usb_mem.c.o)
                0x080071c2                PMAToUserBufferCopy
 .text.SetEPTxStatus
                0x080071e6       0x2a C:\Users\Alex\AppData\Local\Temp\VMBuilds\TestSerial\Arduino_STM32_mapleMini\Release\core.a(usb_regs.c.o)
                0x080071e6                SetEPTxStatus
 .text.ClearDTOG_RX
                0x08007210       0x20 C:\Users\Alex\AppData\Local\Temp\VMBuilds\TestSerial\Arduino_STM32_mapleMini\Release\core.a(usb_regs.c.o)
                0x08007210                ClearDTOG_RX
 .text.ClearDTOG_TX
                0x08007230       0x20 C:\Users\Alex\AppData\Local\Temp\VMBuilds\TestSerial\Arduino_STM32_mapleMini\Release\core.a(usb_regs.c.o)
                0x08007230                ClearDTOG_TX
 .text.GetEPTxAddr
                0x08007250       0x1c C:\Users\Alex\AppData\Local\Temp\VMBuilds\TestSerial\Arduino_STM32_mapleMini\Release\core.a(usb_regs.c.o)
                0x08007250                GetEPTxAddr
 .text.GetEPRxAddr
                0x0800726c       0x1c C:\Users\Alex\AppData\Local\Temp\VMBuilds\TestSerial\Arduino_STM32_mapleMini\Release\core.a(usb_regs.c.o)
                0x0800726c                GetEPRxAddr
 .text.SetEPTxCount
                0x08007288       0x1c C:\Users\Alex\AppData\Local\Temp\VMBuilds\TestSerial\Arduino_STM32_mapleMini\Release\core.a(usb_regs.c.o)
                0x08007288                SetEPTxCount
 .text.SetEPRxCount
                0x080072a4       0x40 C:\Users\Alex\AppData\Local\Temp\VMBuilds\TestSerial\Arduino_STM32_mapleMini\Release\core.a(usb_regs.c.o)
                0x080072a4                SetEPRxCount
 .text._ZN14HardwareSerial4readEv
                0x080072e4       0x4e C:\Users\Alex\AppData\Local\Temp\VMBuilds\TestSerial\Arduino_STM32_mapleMini\Release\core.a(HardwareSerial.cpp.o)
                0x080072e4                HardwareSerial::read()
 .text._ZN14HardwareSerial4peekEv
                0x08007332       0x22 C:\Users\Alex\AppData\Local\Temp\VMBuilds\TestSerial\Arduino_STM32_mapleMini\Release\core.a(HardwareSerial.cpp.o)
                0x08007332                HardwareSerial::peek()
 .text._ZN14HardwareSerial5flushEv
                0x08007354       0x1a C:\Users\Alex\AppData\Local\Temp\VMBuilds\TestSerial\Arduino_STM32_mapleMini\Release\core.a(HardwareSerial.cpp.o)
                0x08007354                HardwareSerial::flush()
 .text._ZN14HardwareSerial5writeEh
                0x0800736e       0x1e C:\Users\Alex\AppData\Local\Temp\VMBuilds\TestSerial\Arduino_STM32_mapleMini\Release\core.a(HardwareSerial.cpp.o)
                0x0800736e                HardwareSerial::write(unsigned char)
 .text._ZN14HardwareSerial9availableEv
                0x0800738c       0x26 C:\Users\Alex\AppData\Local\Temp\VMBuilds\TestSerial\Arduino_STM32_mapleMini\Release\core.a(HardwareSerial.cpp.o)
                0x0800738c                HardwareSerial::available()
 *fill*         0x080073b2        0x2 
 .text._ZN14HardwareSerialC2EP9usart_devhh
                0x080073b4       0x1c C:\Users\Alex\AppData\Local\Temp\VMBuilds\TestSerial\Arduino_STM32_mapleMini\Release\core.a(HardwareSerial.cpp.o)
                0x080073b4                HardwareSerial::HardwareSerial(usart_dev*, unsigned char, unsigned char)
                0x080073b4                HardwareSerial::HardwareSerial(usart_dev*, unsigned char, unsigned char)
 .text._ZN14HardwareSerial5beginEmh
                0x080073d0       0x78 C:\Users\Alex\AppData\Local\Temp\VMBuilds\TestSerial\Arduino_STM32_mapleMini\Release\core.a(HardwareSerial.cpp.o)
                0x080073d0                HardwareSerial::begin(unsigned long, unsigned char)
 .text._ZN14HardwareSerial5beginEm
                0x08007448        0x6 C:\Users\Alex\AppData\Local\Temp\VMBuilds\TestSerial\Arduino_STM32_mapleMini\Release\core.a(HardwareSerial.cpp.o)
                0x08007448                HardwareSerial::begin(unsigned long)
 .text.startup._Z7premainv
                0x0800744e        0x4 C:\Users\Alex\AppData\Local\Temp\VMBuilds\TestSerial\Arduino_STM32_mapleMini\Release\core.a(main.cpp.o)
                0x0800744e                premain()
 .text.startup.main
                0x08007452        0xc C:\Users\Alex\AppData\Local\Temp\VMBuilds\TestSerial\Arduino_STM32_mapleMini\Release\core.a(main.cpp.o)
                0x08007452                main
 .text._ZN5Print5writeEPKvm
                0x0800745e       0x20 C:\Users\Alex\AppData\Local\Temp\VMBuilds\TestSerial\Arduino_STM32_mapleMini\Release\core.a(Print.cpp.o)
                0x0800745e                Print::write(void const*, unsigned long)
 .text._ZN5Print5writeEPKc
                0x0800747e       0x1e C:\Users\Alex\AppData\Local\Temp\VMBuilds\TestSerial\Arduino_STM32_mapleMini\Release\core.a(Print.cpp.o)
                0x0800747e                Print::write(char const*)
 .text._ZN5Print5printEc
                0x0800749c        0xa C:\Users\Alex\AppData\Local\Temp\VMBuilds\TestSerial\Arduino_STM32_mapleMini\Release\core.a(Print.cpp.o)
                0x0800749c                Print::print(char)
 .text._ZN5Print5printEPKc
                0x080074a6        0xa C:\Users\Alex\AppData\Local\Temp\VMBuilds\TestSerial\Arduino_STM32_mapleMini\Release\core.a(Print.cpp.o)
                0x080074a6                Print::print(char const*)
 .text._ZN5Print7printlnEv
                0x080074b0       0x18 C:\Users\Alex\AppData\Local\Temp\VMBuilds\TestSerial\Arduino_STM32_mapleMini\Release\core.a(Print.cpp.o)
                0x080074b0                Print::println()
 .text._ZN5Print7printlnEPKc
                0x080074c8       0x14 C:\Users\Alex\AppData\Local\Temp\VMBuilds\TestSerial\Arduino_STM32_mapleMini\Release\core.a(Print.cpp.o)
                0x080074c8                Print::println(char const*)
 .text._ZN5Print11printNumberEyh
                0x080074dc       0x84 C:\Users\Alex\AppData\Local\Temp\VMBuilds\TestSerial\Arduino_STM32_mapleMini\Release\core.a(Print.cpp.o)
                0x080074dc                Print::printNumber(unsigned long long, unsigned char)
 .text._ZN5Print5printExi
                0x08007560       0x32 C:\Users\Alex\AppData\Local\Temp\VMBuilds\TestSerial\Arduino_STM32_mapleMini\Release\core.a(Print.cpp.o)
                0x08007560                Print::print(long long, int)
 .text._ZN5Print5printEii
                0x08007592       0x12 C:\Users\Alex\AppData\Local\Temp\VMBuilds\TestSerial\Arduino_STM32_mapleMini\Release\core.a(Print.cpp.o)
                0x08007592                Print::print(int, int)
 .text._ZN5Print7printlnEii
                0x080075a4       0x14 C:\Users\Alex\AppData\Local\Temp\VMBuilds\TestSerial\Arduino_STM32_mapleMini\Release\core.a(Print.cpp.o)
                0x080075a4                Print::println(int, int)
 .text._ZN9USBSerial9availableEv
                0x080075b8        0x4 C:\Users\Alex\AppData\Local\Temp\VMBuilds\TestSerial\Arduino_STM32_mapleMini\Release\core.a(usb_serial.cpp.o)
                0x080075b8                USBSerial::available()
 .text._ZN9USBSerial4peekEv
                0x080075bc       0x1e C:\Users\Alex\AppData\Local\Temp\VMBuilds\TestSerial\Arduino_STM32_mapleMini\Release\core.a(usb_serial.cpp.o)
                0x080075bc                USBSerial::peek()
 .text._ZN9USBSerial4readEv
                0x080075da       0x1e C:\Users\Alex\AppData\Local\Temp\VMBuilds\TestSerial\Arduino_STM32_mapleMini\Release\core.a(usb_serial.cpp.o)
                0x080075da                USBSerial::read()
 .text._ZL14ifaceSetupHookjPv
                0x080075f8       0x38 C:\Users\Alex\AppData\Local\Temp\VMBuilds\TestSerial\Arduino_STM32_mapleMini\Release\core.a(usb_serial.cpp.o)
 .text._ZL6rxHookjPv
                0x08007630       0xa0 C:\Users\Alex\AppData\Local\Temp\VMBuilds\TestSerial\Arduino_STM32_mapleMini\Release\core.a(usb_serial.cpp.o)
 .text._ZL10wait_resetv
                0x080076d0       0x10 C:\Users\Alex\AppData\Local\Temp\VMBuilds\TestSerial\Arduino_STM32_mapleMini\Release\core.a(usb_serial.cpp.o)
 .text._ZN9USBSerialC2Ev
                0x080076e0       0x14 C:\Users\Alex\AppData\Local\Temp\VMBuilds\TestSerial\Arduino_STM32_mapleMini\Release\core.a(usb_serial.cpp.o)
                0x080076e0                USBSerial::USBSerial()
                0x080076e0                USBSerial::USBSerial()
 .text._ZN9USBSerial5beginEv
                0x080076f4       0x3c C:\Users\Alex\AppData\Local\Temp\VMBuilds\TestSerial\Arduino_STM32_mapleMini\Release\core.a(usb_serial.cpp.o)
                0x080076f4                USBSerial::begin()
 .text._ZN9USBSerial5beginEm
                0x08007730       0x10 C:\Users\Alex\AppData\Local\Temp\VMBuilds\TestSerial\Arduino_STM32_mapleMini\Release\core.a(usb_serial.cpp.o)
                0x08007730                USBSerial::begin(unsigned long)
 .text._ZN9USBSerial4readEPhm
                0x08007740       0x1c C:\Users\Alex\AppData\Local\Temp\VMBuilds\TestSerial\Arduino_STM32_mapleMini\Release\core.a(usb_serial.cpp.o)
                0x08007740                USBSerial::read(unsigned char*, unsigned long)
 .text._ZN9USBSerial5flushEv
                0x0800775c       0x1c C:\Users\Alex\AppData\Local\Temp\VMBuilds\TestSerial\Arduino_STM32_mapleMini\Release\core.a(usb_serial.cpp.o)
                0x0800775c                USBSerial::flush()
 .text._ZN9USBSerialcvbEv
                0x08007778       0x20 C:\Users\Alex\AppData\Local\Temp\VMBuilds\TestSerial\Arduino_STM32_mapleMini\Release\core.a(usb_serial.cpp.o)
                0x08007778                USBSerial::operator bool()
 .text._ZN9USBSerial5writeEPKhm
                0x08007798       0x24 C:\Users\Alex\AppData\Local\Temp\VMBuilds\TestSerial\Arduino_STM32_mapleMini\Release\core.a(usb_serial.cpp.o)
                0x08007798                USBSerial::write(unsigned char const*, unsigned long)
 .text._ZN9USBSerial5writeEh
                0x080077bc       0x18 C:\Users\Alex\AppData\Local\Temp\VMBuilds\TestSerial\Arduino_STM32_mapleMini\Release\core.a(usb_serial.cpp.o)
                0x080077bc                USBSerial::write(unsigned char)
 .text._ZN9USBSerial5writeEPKc
                0x080077d4       0x1a C:\Users\Alex\AppData\Local\Temp\VMBuilds\TestSerial\Arduino_STM32_mapleMini\Release\core.a(usb_serial.cpp.o)
                0x080077d4                USBSerial::write(char const*)
 *fill*         0x080077ee        0x2 
 .text.startup._GLOBAL__sub_I__ZN9USBSerial9_hasBegunE
                0x080077f0        0xc C:\Users\Alex\AppData\Local\Temp\VMBuilds\TestSerial\Arduino_STM32_mapleMini\Release\core.a(usb_serial.cpp.o)
 .text._Z5delaym
                0x080077fc       0x1c C:\Users\Alex\AppData\Local\Temp\VMBuilds\TestSerial\Arduino_STM32_mapleMini\Release\core.a(wirish_time.cpp.o)
                0x080077fc                delay(unsigned long)
 .text._Z17disableDebugPortsv
                0x08007818       0x14 C:\Users\Alex\AppData\Local\Temp\VMBuilds\TestSerial\Arduino_STM32_mapleMini\Release\core.a(wirish_debug.cpp.o)
                0x08007818                disableDebugPorts()
 .text.__empty  0x0800782c        0x2 C:\Users\Alex\AppData\Local\Temp\VMBuilds\TestSerial\Arduino_STM32_mapleMini\Release\core.a(hooks.c.o)
                0x0800782c                yield
 .text.bkp_init
                0x0800782e       0x18 C:\Users\Alex\AppData\Local\Temp\VMBuilds\TestSerial\Arduino_STM32_mapleMini\Release\core.a(bkp_f1.c.o)
                0x0800782e                bkp_init
 *fill*         0x08007846        0x2 
 .text.bkp_enable_writes
                0x08007848        0xc C:\Users\Alex\AppData\Local\Temp\VMBuilds\TestSerial\Arduino_STM32_mapleMini\Release\core.a(bkp_f1.c.o)
                0x08007848                bkp_enable_writes
 .text.bkp_disable_writes
                0x08007854        0xc C:\Users\Alex\AppData\Local\Temp\VMBuilds\TestSerial\Arduino_STM32_mapleMini\Release\core.a(bkp_f1.c.o)
                0x08007854                bkp_disable_writes
 .text.bkp_write
                0x08007860       0x16 C:\Users\Alex\AppData\Local\Temp\VMBuilds\TestSerial\Arduino_STM32_mapleMini\Release\core.a(bkp_f1.c.o)
                0x08007860                bkp_write
 .text.gpio_init
                0x08007876       0x14 C:\Users\Alex\AppData\Local\Temp\VMBuilds\TestSerial\Arduino_STM32_mapleMini\Release\core.a(gpio.c.o)
                0x08007876                gpio_init
 .text.i2c_start_condition
                0x0800788a       0x14 C:\Users\Alex\AppData\Local\Temp\VMBuilds\TestSerial\Arduino_STM32_mapleMini\Release\core.a(i2c.c.o)
 .text.i2c_stop_condition
                0x0800789e       0x1c C:\Users\Alex\AppData\Local\Temp\VMBuilds\TestSerial\Arduino_STM32_mapleMini\Release\core.a(i2c.c.o)
 *fill*         0x080078ba        0x2 
 .text._i2c_irq_handler
                0x080078bc      0x16c C:\Users\Alex\AppData\Local\Temp\VMBuilds\TestSerial\Arduino_STM32_mapleMini\Release\core.a(i2c.c.o)
                0x080078bc                _i2c_irq_handler
 .text._i2c_irq_error_handler
                0x08007a28       0x2a C:\Users\Alex\AppData\Local\Temp\VMBuilds\TestSerial\Arduino_STM32_mapleMini\Release\core.a(i2c.c.o)
                0x08007a28                _i2c_irq_error_handler
 *fill*         0x08007a52        0x2 
 .text.usart_init
                0x08007a54       0x4c C:\Users\Alex\AppData\Local\Temp\VMBuilds\TestSerial\Arduino_STM32_mapleMini\Release\core.a(usart.c.o)
                0x08007a54                usart_init
 .text.usart_enable
                0x08007aa0       0x14 C:\Users\Alex\AppData\Local\Temp\VMBuilds\TestSerial\Arduino_STM32_mapleMini\Release\core.a(usart.c.o)
                0x08007aa0                usart_enable
 .text.usart_tx
                0x08007ab4       0x9c C:\Users\Alex\AppData\Local\Temp\VMBuilds\TestSerial\Arduino_STM32_mapleMini\Release\core.a(usart.c.o)
                0x08007ab4                usart_tx
 .text          0x08007b50       0x2c c:/users/alex/appdata/local/arduino15/packages/arduino/tools/arm-none-eabi-gcc/4.8.3-2014q1/bin/../lib/gcc/arm-none-eabi/4.8.3/armv7-m\libgcc.a(_aeabi_uldivmod.o)
                0x08007b50                __aeabi_uldivmod
 .text          0x08007b7c       0x60 c:/users/alex/appdata/local/arduino15/packages/arduino/tools/arm-none-eabi-gcc/4.8.3-2014q1/bin/../lib/gcc/arm-none-eabi/4.8.3/armv7-m\libgcc.a(bpabi.o)
                0x08007b7c                __gnu_ldivmod_helper
                0x08007bac                __gnu_uldivmod_helper
 .text          0x08007bdc        0x4 c:/users/alex/appdata/local/arduino15/packages/arduino/tools/arm-none-eabi-gcc/4.8.3-2014q1/bin/../lib/gcc/arm-none-eabi/4.8.3/armv7-m\libgcc.a(_dvmd_tls.o)
                0x08007bdc                __aeabi_idiv0
                0x08007bdc                __aeabi_ldiv0
 .text          0x08007be0      0x2a0 c:/users/alex/appdata/local/arduino15/packages/arduino/tools/arm-none-eabi-gcc/4.8.3-2014q1/bin/../lib/gcc/arm-none-eabi/4.8.3/armv7-m\libgcc.a(_divdi3.o)
                0x08007be0                __divdi3
 .text          0x08007e80      0x290 c:/users/alex/appdata/local/arduino15/packages/arduino/tools/arm-none-eabi-gcc/4.8.3-2014q1/bin/../lib/gcc/arm-none-eabi/4.8.3/armv7-m\libgcc.a(_udivdi3.o)
                0x08007e80                __udivdi3
 .text.exit     0x08008110       0x20 c:/users/alex/appdata/local/arduino15/packages/arduino/tools/arm-none-eabi-gcc/4.8.3-2014q1/bin/../lib/gcc/arm-none-eabi/4.8.3/../../../../arm-none-eabi/lib/armv7-m\libc.a(lib_a-exit.o)
                0x08008110                exit
 .text.__libc_init_array
                0x08008130       0x50 c:/users/alex/appdata/local/arduino15/packages/arduino/tools/arm-none-eabi-gcc/4.8.3-2014q1/bin/../lib/gcc/arm-none-eabi/4.8.3/../../../../arm-none-eabi/lib/armv7-m\libc.a(lib_a-init.o)
                0x08008130                __libc_init_array
 .text.strlen   0x08008180       0x60 c:/users/alex/appdata/local/arduino15/packages/arduino/tools/arm-none-eabi-gcc/4.8.3-2014q1/bin/../lib/gcc/arm-none-eabi/4.8.3/../../../../arm-none-eabi/lib/armv7-m\libc.a(lib_a-strlen.o)
                0x08008180                strlen
 .text.startup.register_fini
                0x080081e0       0x14 c:/users/alex/appdata/local/arduino15/packages/arduino/tools/arm-none-eabi-gcc/4.8.3-2014q1/bin/../lib/gcc/arm-none-eabi/4.8.3/../../../../arm-none-eabi/lib/armv7-m\libc.a(lib_a-__call_atexit.o)
 .text.__call_exitprocs
                0x080081f4       0xf0 c:/users/alex/appdata/local/arduino15/packages/arduino/tools/arm-none-eabi-gcc/4.8.3-2014q1/bin/../lib/gcc/arm-none-eabi/4.8.3/../../../../arm-none-eabi/lib/armv7-m\libc.a(lib_a-__call_atexit.o)
                0x080081f4                __call_exitprocs
 .text.atexit   0x080082e4        0xc c:/users/alex/appdata/local/arduino15/packages/arduino/tools/arm-none-eabi-gcc/4.8.3-2014q1/bin/../lib/gcc/arm-none-eabi/4.8.3/../../../../arm-none-eabi/lib/armv7-m\libc.a(lib_a-atexit.o)
                0x080082e4                atexit
 .text.__libc_fini_array
                0x080082f0       0x30 c:/users/alex/appdata/local/arduino15/packages/arduino/tools/arm-none-eabi-gcc/4.8.3-2014q1/bin/../lib/gcc/arm-none-eabi/4.8.3/../../../../arm-none-eabi/lib/armv7-m\libc.a(lib_a-fini.o)
                0x080082f0                __libc_fini_array
 .text.__register_exitproc
                0x08008320       0xa8 c:/users/alex/appdata/local/arduino15/packages/arduino/tools/arm-none-eabi-gcc/4.8.3-2014q1/bin/../lib/gcc/arm-none-eabi/4.8.3/../../../../arm-none-eabi/lib/armv7-m\libc.a(lib_a-__atexit.o)
                0x08008320                __register_exitproc
 *(.plt)
 *(.gnu.warning)
 *(.glue_7t)
 .glue_7t       0x00000000        0x0 linker stubs
 *(.glue_7)
 .glue_7        0x00000000        0x0 linker stubs
 *(.vfp11_veneer)
 .vfp11_veneer  0x00000000        0x0 linker stubs
 *(.ARM.extab* .gnu.linkonce.armextab.*)
 *(.gcc_except_table)
 *(.eh_frame_hdr)
 *(.eh_frame)
 .eh_frame      0x080083c8        0x0 c:/users/alex/appdata/local/arduino15/packages/arduino/tools/arm-none-eabi-gcc/4.8.3-2014q1/bin/../lib/gcc/arm-none-eabi/4.8.3/armv7-m/crtbegin.o
                0x080083c8                . = ALIGN (0x4)
 *(.init)
 .init          0x080083c8        0x4 c:/users/alex/appdata/local/arduino15/packages/arduino/tools/arm-none-eabi-gcc/4.8.3-2014q1/bin/../lib/gcc/arm-none-eabi/4.8.3/armv7-m/crti.o
                0x080083c8                _init
 .init          0x080083cc        0x8 c:/users/alex/appdata/local/arduino15/packages/arduino/tools/arm-none-eabi-gcc/4.8.3-2014q1/bin/../lib/gcc/arm-none-eabi/4.8.3/armv7-m/crtn.o
                0x080083d4                . = ALIGN (0x4)
                0x080083d4                __preinit_array_start = .
 *(.preinit_array)
                0x080083d4                __preinit_array_end = .
                0x080083d4                . = ALIGN (0x4)
                0x080083d4                __init_array_start = .
 *(SORT(.init_array.*))
 .init_array.00000
                0x080083d4        0x4 c:/users/alex/appdata/local/arduino15/packages/arduino/tools/arm-none-eabi-gcc/4.8.3-2014q1/bin/../lib/gcc/arm-none-eabi/4.8.3/../../../../arm-none-eabi/lib/armv7-m\libc.a(lib_a-__call_atexit.o)
 .init_array.00101
                0x080083d8        0x4 C:\Users\Alex\AppData\Local\Temp\VMBuilds\TestSerial\Arduino_STM32_mapleMini\Release\core.a(main.cpp.o)
 *(.init_array)
 .init_array    0x080083dc        0x4 c:/users/alex/appdata/local/arduino15/packages/arduino/tools/arm-none-eabi-gcc/4.8.3-2014q1/bin/../lib/gcc/arm-none-eabi/4.8.3/armv7-m/crtbegin.o
 .init_array    0x080083e0        0x4 C:\Users\Alex\AppData\Local\Temp\VMBuilds\TestSerial\Arduino_STM32_mapleMini\Release\variant\board.cpp.o
 .init_array    0x080083e4        0x4 C:\Users\Alex\AppData\Local\Temp\VMBuilds\TestSerial\Arduino_STM32_mapleMini\Release\core.a(usb_serial.cpp.o)
                0x080083e8                __init_array_end = .
                0x080083e8                . = ALIGN (0x4)
 *crtbegin.o(.ctors)
 *(EXCLUDE_FILE(*crtend.o) .ctors)
 *(SORT(.ctors.*))
 *crtend.o(.ctors)
                0x080083e8                . = ALIGN (0x4)
 *(.fini)
 .fini          0x080083e8        0x4 c:/users/alex/appdata/local/arduino15/packages/arduino/tools/arm-none-eabi-gcc/4.8.3-2014q1/bin/../lib/gcc/arm-none-eabi/4.8.3/armv7-m/crti.o
                0x080083e8                _fini
 .fini          0x080083ec        0x8 c:/users/alex/appdata/local/arduino15/packages/arduino/tools/arm-none-eabi-gcc/4.8.3-2014q1/bin/../lib/gcc/arm-none-eabi/4.8.3/armv7-m/crtn.o
                0x080083f4                . = ALIGN (0x4)
                0x080083f4                __fini_array_start = .
 *(.fini_array)
 .fini_array    0x080083f4        0x4 c:/users/alex/appdata/local/arduino15/packages/arduino/tools/arm-none-eabi-gcc/4.8.3-2014q1/bin/../lib/gcc/arm-none-eabi/4.8.3/armv7-m/crtbegin.o
 *(SORT(.fini_array.*))
                0x080083f8                __fini_array_end = .
 *crtbegin.o(.dtors)
 *(EXCLUDE_FILE(*crtend.o) .dtors)
 *(SORT(.dtors.*))
 *crtend.o(.dtors)

.v4_bx          0x080083f8        0x0
 .v4_bx         0x00000000        0x0 linker stubs

.iplt           0x080083f8        0x0
 .iplt          0x00000000        0x0 c:/users/alex/appdata/local/arduino15/packages/arduino/tools/arm-none-eabi-gcc/4.8.3-2014q1/bin/../lib/gcc/arm-none-eabi/4.8.3/armv7-m/crtbegin.o

.text.align     0x080083f8        0x0
                0x080083f8                . = ALIGN (0x8)
                0x080083f8                __text_end__ = .
                0x080083f8                __exidx_start = .

.ARM.exidx      0x080083f8        0x8
 *(.ARM.exidx* .gnu.linkonce.armexidx.*)
 .ARM.exidx     0x080083f8        0x8 C:\Users\Alex\AppData\Local\Temp\VMBuilds\TestSerial\Arduino_STM32_mapleMini\Release\variant\start.S.o
 .ARM.exidx     0x08008400        0x0 c:/users/alex/appdata/local/arduino15/packages/arduino/tools/arm-none-eabi-gcc/4.8.3-2014q1/bin/../lib/gcc/arm-none-eabi/4.8.3/armv7-m\libgcc.a(_divdi3.o)
                                  0x8 (size before relaxing)
 .ARM.exidx     0x08008400        0x0 c:/users/alex/appdata/local/arduino15/packages/arduino/tools/arm-none-eabi-gcc/4.8.3-2014q1/bin/../lib/gcc/arm-none-eabi/4.8.3/armv7-m\libgcc.a(_udivdi3.o)
                                  0x8 (size before relaxing)
                0x08008400                __exidx_end = .

.data           0x20000c00      0x868 load address 0x08008400
                0x20000c00                __data_start__ = .
                0x20000c00        0x4 LONG 0x0
                0x20000c08                . = ALIGN (0x8)
 *fill*         0x20000c04        0x4 
 *(.got.plt)
 *(.got)
 *(.data .data.* .gnu.linkonce.d.*)
 .data.thisByte
                0x20000c08        0x4 C:\Users\Alex\AppData\Local\Temp\VMBuilds\TestSerial\Arduino_STM32_mapleMini\Release\TestSerial.cpp.o
                0x20000c08                thisByte
 .data._ZN6wirish4privL8pll_dataE
                0x20000c0c        0x4 C:\Users\Alex\AppData\Local\Temp\VMBuilds\TestSerial\Arduino_STM32_mapleMini\Release\variant\boards_setup.cpp.o
 .data._ZN6wirish4priv9w_adc_smpE
                0x20000c10        0x1 C:\Users\Alex\AppData\Local\Temp\VMBuilds\TestSerial\Arduino_STM32_mapleMini\Release\variant\boards_setup.cpp.o
                0x20000c10                wirish::priv::w_adc_smp
 *fill*         0x20000c11        0x1 
 .data._ZN6wirish4priv9w_adc_preE
                0x20000c12        0x2 C:\Users\Alex\AppData\Local\Temp\VMBuilds\TestSerial\Arduino_STM32_mapleMini\Release\variant\boards_setup.cpp.o
                0x20000c12                wirish::priv::w_adc_pre
 .data._ZN6wirish4priv15w_board_pll_cfgE
                0x20000c14        0x8 C:\Users\Alex\AppData\Local\Temp\VMBuilds\TestSerial\Arduino_STM32_mapleMini\Release\variant\boards_setup.cpp.o
                0x20000c14                wirish::priv::w_board_pll_cfg
 .data.adc2     0x20000c1c        0x8 C:\Users\Alex\AppData\Local\Temp\VMBuilds\TestSerial\Arduino_STM32_mapleMini\Release\core.a(adc_f1.c.o)
                0x20000c1c                adc2
 .data.adc1     0x20000c24       0x18 C:\Users\Alex\AppData\Local\Temp\VMBuilds\TestSerial\Arduino_STM32_mapleMini\Release\core.a(adc_f1.c.o)
                0x20000c24                adc1
 .data.ADC2     0x20000c3c        0x4 C:\Users\Alex\AppData\Local\Temp\VMBuilds\TestSerial\Arduino_STM32_mapleMini\Release\core.a(adc_f1.c.o)
                0x20000c3c                ADC2
 .data.ADC1     0x20000c40        0x4 C:\Users\Alex\AppData\Local\Temp\VMBuilds\TestSerial\Arduino_STM32_mapleMini\Release\core.a(adc_f1.c.o)
                0x20000c40                ADC1
 .data.dma1     0x20000c44       0x40 C:\Users\Alex\AppData\Local\Temp\VMBuilds\TestSerial\Arduino_STM32_mapleMini\Release\core.a(dma_f1.c.o)
 .data.DMA1     0x20000c84        0x4 C:\Users\Alex\AppData\Local\Temp\VMBuilds\TestSerial\Arduino_STM32_mapleMini\Release\core.a(dma_f1.c.o)
                0x20000c84                DMA1
 .data.gpioa    0x20000c88        0x8 C:\Users\Alex\AppData\Local\Temp\VMBuilds\TestSerial\Arduino_STM32_mapleMini\Release\core.a(gpio_f1.c.o)
                0x20000c88                gpioa
 .data.gpiob    0x20000c90        0x8 C:\Users\Alex\AppData\Local\Temp\VMBuilds\TestSerial\Arduino_STM32_mapleMini\Release\core.a(gpio_f1.c.o)
                0x20000c90                gpiob
 .data.gpioc    0x20000c98        0x8 C:\Users\Alex\AppData\Local\Temp\VMBuilds\TestSerial\Arduino_STM32_mapleMini\Release\core.a(gpio_f1.c.o)
                0x20000c98                gpioc
 .data.gpiod    0x20000ca0        0x8 C:\Users\Alex\AppData\Local\Temp\VMBuilds\TestSerial\Arduino_STM32_mapleMini\Release\core.a(gpio_f1.c.o)
                0x20000ca0                gpiod
 .data.i2c1     0x20000ca8       0x24 C:\Users\Alex\AppData\Local\Temp\VMBuilds\TestSerial\Arduino_STM32_mapleMini\Release\core.a(i2c_f1.c.o)
 .data.i2c2     0x20000ccc       0x24 C:\Users\Alex\AppData\Local\Temp\VMBuilds\TestSerial\Arduino_STM32_mapleMini\Release\core.a(i2c_f1.c.o)
 .data.enable_regs.4411
                0x20000cf0        0xc C:\Users\Alex\AppData\Local\Temp\VMBuilds\TestSerial\Arduino_STM32_mapleMini\Release\core.a(rcc_f1.c.o)
 .data.reset_regs.4415
                0x20000cfc        0x8 C:\Users\Alex\AppData\Local\Temp\VMBuilds\TestSerial\Arduino_STM32_mapleMini\Release\core.a(rcc_f1.c.o)
 .data.enable_regs.4424
                0x20000d04        0xc C:\Users\Alex\AppData\Local\Temp\VMBuilds\TestSerial\Arduino_STM32_mapleMini\Release\core.a(rcc_f1.c.o)
 .data.timer3   0x20000d10       0x24 C:\Users\Alex\AppData\Local\Temp\VMBuilds\TestSerial\Arduino_STM32_mapleMini\Release\core.a(timer.c.o)
                0x20000d10                timer3
 .data.timer4   0x20000d34       0x24 C:\Users\Alex\AppData\Local\Temp\VMBuilds\TestSerial\Arduino_STM32_mapleMini\Release\core.a(timer.c.o)
                0x20000d34                timer4
 .data.timer1   0x20000d58       0x28 C:\Users\Alex\AppData\Local\Temp\VMBuilds\TestSerial\Arduino_STM32_mapleMini\Release\core.a(timer.c.o)
                0x20000d58                timer1
 .data.timer2   0x20000d80       0x24 C:\Users\Alex\AppData\Local\Temp\VMBuilds\TestSerial\Arduino_STM32_mapleMini\Release\core.a(timer.c.o)
                0x20000d80                timer2
 .data.USART1   0x20000da4        0x4 C:\Users\Alex\AppData\Local\Temp\VMBuilds\TestSerial\Arduino_STM32_mapleMini\Release\core.a(usart_f1.c.o)
                0x20000da4                USART1
 .data.USART2   0x20000da8        0x4 C:\Users\Alex\AppData\Local\Temp\VMBuilds\TestSerial\Arduino_STM32_mapleMini\Release\core.a(usart_f1.c.o)
                0x20000da8                USART2
 .data.USART3   0x20000dac        0x4 C:\Users\Alex\AppData\Local\Temp\VMBuilds\TestSerial\Arduino_STM32_mapleMini\Release\core.a(usart_f1.c.o)
                0x20000dac                USART3
 .data.usart1   0x20000db0       0x94 C:\Users\Alex\AppData\Local\Temp\VMBuilds\TestSerial\Arduino_STM32_mapleMini\Release\core.a(usart_f1.c.o)
 .data.usart2   0x20000e44       0x94 C:\Users\Alex\AppData\Local\Temp\VMBuilds\TestSerial\Arduino_STM32_mapleMini\Release\core.a(usart_f1.c.o)
 .data.usart3   0x20000ed8       0x94 C:\Users\Alex\AppData\Local\Temp\VMBuilds\TestSerial\Arduino_STM32_mapleMini\Release\core.a(usart_f1.c.o)
 .data.USBLIB   0x20000f6c        0x4 C:\Users\Alex\AppData\Local\Temp\VMBuilds\TestSerial\Arduino_STM32_mapleMini\Release\core.a(usb.c.o)
                0x20000f6c                USBLIB
 .data.usblib   0x20000f70       0x10 C:\Users\Alex\AppData\Local\Temp\VMBuilds\TestSerial\Arduino_STM32_mapleMini\Release\core.a(usb.c.o)
 .data.Config_Descriptor
                0x20000f80        0x8 C:\Users\Alex\AppData\Local\Temp\VMBuilds\TestSerial\Arduino_STM32_mapleMini\Release\core.a(usb_cdcacm.c.o)
 .data.Device_Property
                0x20000f88       0x30 C:\Users\Alex\AppData\Local\Temp\VMBuilds\TestSerial\Arduino_STM32_mapleMini\Release\core.a(usb_cdcacm.c.o)
                0x20000f88                Device_Property
 .data.ep_int_in
                0x20000fb8       0x1c C:\Users\Alex\AppData\Local\Temp\VMBuilds\TestSerial\Arduino_STM32_mapleMini\Release\core.a(usb_cdcacm.c.o)
 .data.String_Descriptor
                0x20000fd4       0x18 C:\Users\Alex\AppData\Local\Temp\VMBuilds\TestSerial\Arduino_STM32_mapleMini\Release\core.a(usb_cdcacm.c.o)
 .data.ep_int_out
                0x20000fec       0x1c C:\Users\Alex\AppData\Local\Temp\VMBuilds\TestSerial\Arduino_STM32_mapleMini\Release\core.a(usb_cdcacm.c.o)
 .data.line_coding
                0x20001008        0x7 C:\Users\Alex\AppData\Local\Temp\VMBuilds\TestSerial\Arduino_STM32_mapleMini\Release\core.a(usb_cdcacm.c.o)
 *fill*         0x2000100f        0x1 
 .data.User_Standard_Requests
                0x20001010       0x24 C:\Users\Alex\AppData\Local\Temp\VMBuilds\TestSerial\Arduino_STM32_mapleMini\Release\core.a(usb_cdcacm.c.o)
                0x20001010                User_Standard_Requests
 .data.Device_Descriptor
                0x20001034        0x8 C:\Users\Alex\AppData\Local\Temp\VMBuilds\TestSerial\Arduino_STM32_mapleMini\Release\core.a(usb_cdcacm.c.o)
 .data.Device_Table
                0x2000103c        0x2 C:\Users\Alex\AppData\Local\Temp\VMBuilds\TestSerial\Arduino_STM32_mapleMini\Release\core.a(usb_cdcacm.c.o)
                0x2000103c                Device_Table
 *fill*         0x2000103e        0x2 
 .data.impure_data
                0x20001040      0x428 c:/users/alex/appdata/local/arduino15/packages/arduino/tools/arm-none-eabi-gcc/4.8.3-2014q1/bin/../lib/gcc/arm-none-eabi/4.8.3/../../../../arm-none-eabi/lib/armv7-m\libc.a(lib_a-impure.o)
                0x20001468                . = ALIGN (0x8)
                0x20001468                __data_end__ = .

.jcr            0x20001468        0x0 load address 0x08008c68
 .jcr           0x20001468        0x0 c:/users/alex/appdata/local/arduino15/packages/arduino/tools/arm-none-eabi-gcc/4.8.3-2014q1/bin/../lib/gcc/arm-none-eabi/4.8.3/armv7-m/crtbegin.o

.igot.plt       0x20001468        0x0 load address 0x08008c68
 .igot.plt      0x00000000        0x0 c:/users/alex/appdata/local/arduino15/packages/arduino/tools/arm-none-eabi-gcc/4.8.3-2014q1/bin/../lib/gcc/arm-none-eabi/4.8.3/armv7-m/crtbegin.o

.rodata         0x08008c68      0x3bc
 *(.rodata .rodata.* .gnu.linkonce.r.*)
 .rodata.str1.1
                0x08008c68       0x52 C:\Users\Alex\AppData\Local\Temp\VMBuilds\TestSerial\Arduino_STM32_mapleMini\Release\TestSerial.cpp.o
 *fill*         0x08008cba        0x2 
 .rodata.PIN_MAP
                0x08008cbc      0x220 C:\Users\Alex\AppData\Local\Temp\VMBuilds\TestSerial\Arduino_STM32_mapleMini\Release\variant\board.cpp.o
                0x08008cbc                PIN_MAP
 .rodata.GPIOB  0x08008edc        0x4 C:\Users\Alex\AppData\Local\Temp\VMBuilds\TestSerial\Arduino_STM32_mapleMini\Release\core.a(gpio_f1.c.o)
                0x08008edc                GPIOB
 .rodata.rcc_dev_table
                0x08008ee0       0x5c C:\Users\Alex\AppData\Local\Temp\VMBuilds\TestSerial\Arduino_STM32_mapleMini\Release\core.a(rcc_f1.c.o)
                0x08008ee0                rcc_dev_table
 .rodata.masks.4420
                0x08008f3c       0x14 C:\Users\Alex\AppData\Local\Temp\VMBuilds\TestSerial\Arduino_STM32_mapleMini\Release\core.a(rcc_f1.c.o)
 .rodata.usbVcomDescriptor_iProduct
                0x08008f50        0xc C:\Users\Alex\AppData\Local\Temp\VMBuilds\TestSerial\Arduino_STM32_mapleMini\Release\core.a(usb_cdcacm.c.o)
 .rodata.usbVcomDescriptor_iManufacturer
                0x08008f5c       0x12 C:\Users\Alex\AppData\Local\Temp\VMBuilds\TestSerial\Arduino_STM32_mapleMini\Release\core.a(usb_cdcacm.c.o)
 .rodata.usbVcomDescriptor_Device
                0x08008f6e       0x12 C:\Users\Alex\AppData\Local\Temp\VMBuilds\TestSerial\Arduino_STM32_mapleMini\Release\core.a(usb_cdcacm.c.o)
 .rodata.usbVcomDescriptor_Config
                0x08008f80       0x43 C:\Users\Alex\AppData\Local\Temp\VMBuilds\TestSerial\Arduino_STM32_mapleMini\Release\core.a(usb_cdcacm.c.o)
 .rodata.usbVcomDescriptor_LangID
                0x08008fc3        0x4 C:\Users\Alex\AppData\Local\Temp\VMBuilds\TestSerial\Arduino_STM32_mapleMini\Release\core.a(usb_cdcacm.c.o)
 *fill*         0x08008fc7        0x1 
 .rodata._ZTV14HardwareSerial
                0x08008fc8       0x28 C:\Users\Alex\AppData\Local\Temp\VMBuilds\TestSerial\Arduino_STM32_mapleMini\Release\core.a(HardwareSerial.cpp.o)
                0x08008fc8                vtable for HardwareSerial
 .rodata._ZTV9USBSerial
                0x08008ff0       0x28 C:\Users\Alex\AppData\Local\Temp\VMBuilds\TestSerial\Arduino_STM32_mapleMini\Release\core.a(usb_serial.cpp.o)
                0x08008ff0                vtable for USBSerial
 .rodata.str1.4
                0x08009018        0x4 c:/users/alex/appdata/local/arduino15/packages/arduino/tools/arm-none-eabi-gcc/4.8.3-2014q1/bin/../lib/gcc/arm-none-eabi/4.8.3/../../../../arm-none-eabi/lib/armv7-m\libc.a(lib_a-impure.o)
 .rodata._global_impure_ptr
                0x0800901c        0x4 c:/users/alex/appdata/local/arduino15/packages/arduino/tools/arm-none-eabi-gcc/4.8.3-2014q1/bin/../lib/gcc/arm-none-eabi/4.8.3/../../../../arm-none-eabi/lib/armv7-m\libc.a(lib_a-impure.o)
                0x0800901c                _global_impure_ptr
 *(.USER_FLASH)
                0x08009020                . = ALIGN (0x4)
                0x08009020                _lm_rom_img_cfgp = .
                0x08009020        0x4 LONG 0x8008400 LOADADDR (.data)
                0x20001810                _lm_heap_start = DEFINED (_lm_heap_start)?_lm_heap_start:_end
                0x20005000                _lm_heap_end = DEFINED (_lm_heap_end)?_lm_heap_end:__msp_init

.rel.dyn        0x08009024        0x0
 .rel.iplt      0x00000000        0x0 c:/users/alex/appdata/local/arduino15/packages/arduino/tools/arm-none-eabi-gcc/4.8.3-2014q1/bin/../lib/gcc/arm-none-eabi/4.8.3/armv7-m/crtbegin.o

.bss            0x20001468      0x3a8
                0x20001468                . = ALIGN (0x8)
                0x20001468                __bss_start__ = .
 *(.bss .bss.* .gnu.linkonce.b.*)
 .bss           0x20001468       0x1c c:/users/alex/appdata/local/arduino15/packages/arduino/tools/arm-none-eabi-gcc/4.8.3-2014q1/bin/../lib/gcc/arm-none-eabi/4.8.3/armv7-m/crtbegin.o
 .bss.Serial1   0x20001484       0x18 C:\Users\Alex\AppData\Local\Temp\VMBuilds\TestSerial\Arduino_STM32_mapleMini\Release\variant\board.cpp.o
                0x20001484                Serial1
 .bss.Serial2   0x2000149c       0x18 C:\Users\Alex\AppData\Local\Temp\VMBuilds\TestSerial\Arduino_STM32_mapleMini\Release\variant\board.cpp.o
                0x2000149c                Serial2
 .bss.Serial3   0x200014b4       0x18 C:\Users\Alex\AppData\Local\Temp\VMBuilds\TestSerial\Arduino_STM32_mapleMini\Release\variant\board.cpp.o
                0x200014b4                Serial3
 .bss.exti_channels
                0x200014cc       0x80 C:\Users\Alex\AppData\Local\Temp\VMBuilds\TestSerial\Arduino_STM32_mapleMini\Release\core.a(exti.c.o)
 .bss.systick_user_callback
                0x2000154c        0x4 C:\Users\Alex\AppData\Local\Temp\VMBuilds\TestSerial\Arduino_STM32_mapleMini\Release\core.a(systick.c.o)
 .bss.usart1_wb
                0x20001550        0xc C:\Users\Alex\AppData\Local\Temp\VMBuilds\TestSerial\Arduino_STM32_mapleMini\Release\core.a(usart_f1.c.o)
 .bss.usart1_rb
                0x2000155c        0xc C:\Users\Alex\AppData\Local\Temp\VMBuilds\TestSerial\Arduino_STM32_mapleMini\Release\core.a(usart_f1.c.o)
 .bss.usart2_rb
                0x20001568        0xc C:\Users\Alex\AppData\Local\Temp\VMBuilds\TestSerial\Arduino_STM32_mapleMini\Release\core.a(usart_f1.c.o)
 .bss.usart3_rb
                0x20001574        0xc C:\Users\Alex\AppData\Local\Temp\VMBuilds\TestSerial\Arduino_STM32_mapleMini\Release\core.a(usart_f1.c.o)
 .bss.usart2_wb
                0x20001580        0xc C:\Users\Alex\AppData\Local\Temp\VMBuilds\TestSerial\Arduino_STM32_mapleMini\Release\core.a(usart_f1.c.o)
 .bss.usart3_wb
                0x2000158c        0xc C:\Users\Alex\AppData\Local\Temp\VMBuilds\TestSerial\Arduino_STM32_mapleMini\Release\core.a(usart_f1.c.o)
 .bss.line_dtr_rts
                0x20001598        0x1 C:\Users\Alex\AppData\Local\Temp\VMBuilds\TestSerial\Arduino_STM32_mapleMini\Release\core.a(usb_cdcacm.c.o)
 .bss.vcomBufferTx
                0x20001599      0x100 C:\Users\Alex\AppData\Local\Temp\VMBuilds\TestSerial\Arduino_STM32_mapleMini\Release\core.a(usb_cdcacm.c.o)
 *fill*         0x20001699        0x3 
 .bss.tx_head   0x2000169c        0x4 C:\Users\Alex\AppData\Local\Temp\VMBuilds\TestSerial\Arduino_STM32_mapleMini\Release\core.a(usb_cdcacm.c.o)
 .bss.rx_hook   0x200016a0        0x4 C:\Users\Alex\AppData\Local\Temp\VMBuilds\TestSerial\Arduino_STM32_mapleMini\Release\core.a(usb_cdcacm.c.o)
 .bss.vcomBufferRx
                0x200016a4      0x100 C:\Users\Alex\AppData\Local\Temp\VMBuilds\TestSerial\Arduino_STM32_mapleMini\Release\core.a(usb_cdcacm.c.o)
 .bss.transmitting
                0x200017a4        0x1 C:\Users\Alex\AppData\Local\Temp\VMBuilds\TestSerial\Arduino_STM32_mapleMini\Release\core.a(usb_cdcacm.c.o)
 *fill*         0x200017a5        0x3 
 .bss.rx_tail   0x200017a8        0x4 C:\Users\Alex\AppData\Local\Temp\VMBuilds\TestSerial\Arduino_STM32_mapleMini\Release\core.a(usb_cdcacm.c.o)
 .bss.iface_setup_hook
                0x200017ac        0x4 C:\Users\Alex\AppData\Local\Temp\VMBuilds\TestSerial\Arduino_STM32_mapleMini\Release\core.a(usb_cdcacm.c.o)
 .bss.rx_head   0x200017b0        0x4 C:\Users\Alex\AppData\Local\Temp\VMBuilds\TestSerial\Arduino_STM32_mapleMini\Release\core.a(usb_cdcacm.c.o)
 .bss.tx_tail   0x200017b4        0x4 C:\Users\Alex\AppData\Local\Temp\VMBuilds\TestSerial\Arduino_STM32_mapleMini\Release\core.a(usb_cdcacm.c.o)
 .bss.Data_Mul_MaxPacketSize
                0x200017b8        0x1 C:\Users\Alex\AppData\Local\Temp\VMBuilds\TestSerial\Arduino_STM32_mapleMini\Release\core.a(usb_core.c.o)
                0x200017b8                Data_Mul_MaxPacketSize
 .bss._ZN9USBSerial9_hasBegunE
                0x200017b9        0x1 C:\Users\Alex\AppData\Local\Temp\VMBuilds\TestSerial\Arduino_STM32_mapleMini\Release\core.a(usb_serial.cpp.o)
                0x200017b9                USBSerial::_hasBegun
 *fill*         0x200017ba        0x2 
 .bss.Serial    0x200017bc       0x10 C:\Users\Alex\AppData\Local\Temp\VMBuilds\TestSerial\Arduino_STM32_mapleMini\Release\core.a(usb_serial.cpp.o)
                0x200017bc                Serial
 .bss._ZL11reset_state
                0x200017cc        0x1 C:\Users\Alex\AppData\Local\Temp\VMBuilds\TestSerial\Arduino_STM32_mapleMini\Release\core.a(usb_serial.cpp.o)
 *(COMMON)
 *fill*         0x200017cd        0x3 
 COMMON         0x200017d0        0x4 C:\Users\Alex\AppData\Local\Temp\VMBuilds\TestSerial\Arduino_STM32_mapleMini\Release\core.a(systick.c.o)
                0x200017d0                systick_uptime_millis
 COMMON         0x200017d4        0x6 C:\Users\Alex\AppData\Local\Temp\VMBuilds\TestSerial\Arduino_STM32_mapleMini\Release\core.a(usb.c.o)
                0x200017d4                SaveRState
                0x200017d6                SaveTState
                0x200017d8                ResumeS
 COMMON         0x200017da        0x2 C:\Users\Alex\AppData\Local\Temp\VMBuilds\TestSerial\Arduino_STM32_mapleMini\Release\core.a(usb_core.c.o)
                0x200017da                StatusInfo
 COMMON         0x200017dc       0x32 C:\Users\Alex\AppData\Local\Temp\VMBuilds\TestSerial\Arduino_STM32_mapleMini\Release\core.a(usb_init.c.o)
                0x200017dc                SaveState
                0x200017e0                pProperty
                0x200017e4                EPindex
                0x200017e8                Device_Info
                0x20001804                pUser_Standard_Requests
                0x20001808                pInformation
                0x2000180c                wInterrupt_Mask
                0x20001810                . = ALIGN (0x8)
 *fill*         0x2000180e        0x2 
                0x20001810                __bss_end__ = .
                0x20001810                _end = __bss_end__

.stab
 *(.stab)

.stabstr
 *(.stabstr)

.debug
 *(.debug)

.line
 *(.line)

.debug_srcinfo
 *(.debug_srcinfo)

.debug_sfnames
 *(.debug_sfnames)

.debug_aranges  0x00000000      0xf38
 *(.debug_aranges)
 .debug_aranges
                0x00000000       0x28 C:\Users\Alex\AppData\Local\Temp\VMBuilds\TestSerial\Arduino_STM32_mapleMini\Release\TestSerial.cpp.o
 .debug_aranges
                0x00000028       0x28 C:\Users\Alex\AppData\Local\Temp\VMBuilds\TestSerial\Arduino_STM32_mapleMini\Release\variant\board.cpp.o
 .debug_aranges
                0x00000050       0x40 C:\Users\Alex\AppData\Local\Temp\VMBuilds\TestSerial\Arduino_STM32_mapleMini\Release\variant\boards.cpp.o
 .debug_aranges
                0x00000090       0x40 C:\Users\Alex\AppData\Local\Temp\VMBuilds\TestSerial\Arduino_STM32_mapleMini\Release\variant\boards_setup.cpp.o
 .debug_aranges
                0x000000d0       0x20 C:\Users\Alex\AppData\Local\Temp\VMBuilds\TestSerial\Arduino_STM32_mapleMini\Release\variant\start.S.o
 .debug_aranges
                0x000000f0       0x20 C:\Users\Alex\AppData\Local\Temp\VMBuilds\TestSerial\Arduino_STM32_mapleMini\Release\variant\start_c.c.o
 .debug_aranges
                0x00000110       0x88 C:\Users\Alex\AppData\Local\Temp\VMBuilds\TestSerial\Arduino_STM32_mapleMini\Release\variant\syscalls.c.o
 .debug_aranges
                0x00000198       0x20 C:\Users\Alex\AppData\Local\Temp\VMBuilds\TestSerial\Arduino_STM32_mapleMini\Release\core.a(exc.S.o)
 .debug_aranges
                0x000001b8       0x20 C:\Users\Alex\AppData\Local\Temp\VMBuilds\TestSerial\Arduino_STM32_mapleMini\Release\core.a(isrs.S.o)
 .debug_aranges
                0x000001d8       0x38 C:\Users\Alex\AppData\Local\Temp\VMBuilds\TestSerial\Arduino_STM32_mapleMini\Release\core.a(adc.c.o)
 .debug_aranges
                0x00000210       0x58 C:\Users\Alex\AppData\Local\Temp\VMBuilds\TestSerial\Arduino_STM32_mapleMini\Release\core.a(adc_f1.c.o)
 .debug_aranges
                0x00000268       0xa8 C:\Users\Alex\AppData\Local\Temp\VMBuilds\TestSerial\Arduino_STM32_mapleMini\Release\core.a(dma_f1.c.o)
 .debug_aranges
                0x00000310       0x70 C:\Users\Alex\AppData\Local\Temp\VMBuilds\TestSerial\Arduino_STM32_mapleMini\Release\core.a(exti.c.o)
 .debug_aranges
                0x00000380       0x20 C:\Users\Alex\AppData\Local\Temp\VMBuilds\TestSerial\Arduino_STM32_mapleMini\Release\core.a(exti_f1.c.o)
 .debug_aranges
                0x000003a0       0x20 C:\Users\Alex\AppData\Local\Temp\VMBuilds\TestSerial\Arduino_STM32_mapleMini\Release\core.a(flash.c.o)
 .debug_aranges
                0x000003c0       0x40 C:\Users\Alex\AppData\Local\Temp\VMBuilds\TestSerial\Arduino_STM32_mapleMini\Release\core.a(gpio_f1.c.o)
 .debug_aranges
                0x00000400       0x50 C:\Users\Alex\AppData\Local\Temp\VMBuilds\TestSerial\Arduino_STM32_mapleMini\Release\core.a(i2c_f1.c.o)
 .debug_aranges
                0x00000450       0x38 C:\Users\Alex\AppData\Local\Temp\VMBuilds\TestSerial\Arduino_STM32_mapleMini\Release\core.a(nvic.c.o)
 .debug_aranges
                0x00000488       0x48 C:\Users\Alex\AppData\Local\Temp\VMBuilds\TestSerial\Arduino_STM32_mapleMini\Release\core.a(rcc.c.o)
 .debug_aranges
                0x000004d0       0x48 C:\Users\Alex\AppData\Local\Temp\VMBuilds\TestSerial\Arduino_STM32_mapleMini\Release\core.a(rcc_f1.c.o)
 .debug_aranges
                0x00000518       0x40 C:\Users\Alex\AppData\Local\Temp\VMBuilds\TestSerial\Arduino_STM32_mapleMini\Release\core.a(systick.c.o)
 .debug_aranges
                0x00000558       0xa8 C:\Users\Alex\AppData\Local\Temp\VMBuilds\TestSerial\Arduino_STM32_mapleMini\Release\core.a(timer.c.o)
 .debug_aranges
                0x00000600       0x58 C:\Users\Alex\AppData\Local\Temp\VMBuilds\TestSerial\Arduino_STM32_mapleMini\Release\core.a(usart_f1.c.o)
 .debug_aranges
                0x00000658       0x20 C:\Users\Alex\AppData\Local\Temp\VMBuilds\TestSerial\Arduino_STM32_mapleMini\Release\core.a(usart_private.c.o)
 .debug_aranges
                0x00000678       0x50 C:\Users\Alex\AppData\Local\Temp\VMBuilds\TestSerial\Arduino_STM32_mapleMini\Release\core.a(util.c.o)
 .debug_aranges
                0x000006c8       0x38 C:\Users\Alex\AppData\Local\Temp\VMBuilds\TestSerial\Arduino_STM32_mapleMini\Release\core.a(usb.c.o)
 .debug_aranges
                0x00000700      0x120 C:\Users\Alex\AppData\Local\Temp\VMBuilds\TestSerial\Arduino_STM32_mapleMini\Release\core.a(usb_cdcacm.c.o)
 .debug_aranges
                0x00000820       0x20 C:\Users\Alex\AppData\Local\Temp\VMBuilds\TestSerial\Arduino_STM32_mapleMini\Release\core.a(usb_reg_map.c.o)
 .debug_aranges
                0x00000840       0x98 C:\Users\Alex\AppData\Local\Temp\VMBuilds\TestSerial\Arduino_STM32_mapleMini\Release\core.a(usb_core.c.o)
 .debug_aranges
                0x000008d8       0x20 C:\Users\Alex\AppData\Local\Temp\VMBuilds\TestSerial\Arduino_STM32_mapleMini\Release\core.a(usb_init.c.o)
 .debug_aranges
                0x000008f8       0x28 C:\Users\Alex\AppData\Local\Temp\VMBuilds\TestSerial\Arduino_STM32_mapleMini\Release\core.a(usb_mem.c.o)
 .debug_aranges
                0x00000920      0x1f0 C:\Users\Alex\AppData\Local\Temp\VMBuilds\TestSerial\Arduino_STM32_mapleMini\Release\core.a(usb_regs.c.o)
 .debug_aranges
                0x00000b10       0x68 C:\Users\Alex\AppData\Local\Temp\VMBuilds\TestSerial\Arduino_STM32_mapleMini\Release\core.a(HardwareSerial.cpp.o)
 .debug_aranges
                0x00000b78       0x28 C:\Users\Alex\AppData\Local\Temp\VMBuilds\TestSerial\Arduino_STM32_mapleMini\Release\core.a(main.cpp.o)
 .debug_aranges
                0x00000ba0      0x110 C:\Users\Alex\AppData\Local\Temp\VMBuilds\TestSerial\Arduino_STM32_mapleMini\Release\core.a(Print.cpp.o)
 .debug_aranges
                0x00000cb0       0xc8 C:\Users\Alex\AppData\Local\Temp\VMBuilds\TestSerial\Arduino_STM32_mapleMini\Release\core.a(usb_serial.cpp.o)
 .debug_aranges
                0x00000d78       0x28 C:\Users\Alex\AppData\Local\Temp\VMBuilds\TestSerial\Arduino_STM32_mapleMini\Release\core.a(wirish_time.cpp.o)
 .debug_aranges
                0x00000da0       0x28 C:\Users\Alex\AppData\Local\Temp\VMBuilds\TestSerial\Arduino_STM32_mapleMini\Release\core.a(wirish_debug.cpp.o)
 .debug_aranges
                0x00000dc8       0x20 C:\Users\Alex\AppData\Local\Temp\VMBuilds\TestSerial\Arduino_STM32_mapleMini\Release\core.a(hooks.c.o)
 .debug_aranges
                0x00000de8       0x40 C:\Users\Alex\AppData\Local\Temp\VMBuilds\TestSerial\Arduino_STM32_mapleMini\Release\core.a(bkp_f1.c.o)
 .debug_aranges
                0x00000e28       0x28 C:\Users\Alex\AppData\Local\Temp\VMBuilds\TestSerial\Arduino_STM32_mapleMini\Release\core.a(dma.c.o)
 .debug_aranges
                0x00000e50       0x20 C:\Users\Alex\AppData\Local\Temp\VMBuilds\TestSerial\Arduino_STM32_mapleMini\Release\core.a(gpio.c.o)
 .debug_aranges
                0x00000e70       0x60 C:\Users\Alex\AppData\Local\Temp\VMBuilds\TestSerial\Arduino_STM32_mapleMini\Release\core.a(i2c.c.o)
 .debug_aranges
                0x00000ed0       0x48 C:\Users\Alex\AppData\Local\Temp\VMBuilds\TestSerial\Arduino_STM32_mapleMini\Release\core.a(usart.c.o)
 .debug_aranges
                0x00000f18       0x20 C:\Users\Alex\AppData\Local\Temp\VMBuilds\TestSerial\Arduino_STM32_mapleMini\Release\core.a(cxxabi-compat.cpp.o)

.debug_pubnames
 *(.debug_pubnames)

.debug_info     0x00000000    0x1dd6c
 *(.debug_info .gnu.linkonce.wi.*)
 .debug_info    0x00000000      0x4c9 C:\Users\Alex\AppData\Local\Temp\VMBuilds\TestSerial\Arduino_STM32_mapleMini\Release\TestSerial.cpp.o
 .debug_info    0x000004c9      0xe6c C:\Users\Alex\AppData\Local\Temp\VMBuilds\TestSerial\Arduino_STM32_mapleMini\Release\variant\board.cpp.o
 .debug_info    0x00001335     0x142f C:\Users\Alex\AppData\Local\Temp\VMBuilds\TestSerial\Arduino_STM32_mapleMini\Release\variant\boards.cpp.o
 .debug_info    0x00002764      0x6a4 C:\Users\Alex\AppData\Local\Temp\VMBuilds\TestSerial\Arduino_STM32_mapleMini\Release\variant\boards_setup.cpp.o
 .debug_info    0x00002e08       0x95 C:\Users\Alex\AppData\Local\Temp\VMBuilds\TestSerial\Arduino_STM32_mapleMini\Release\variant\start.S.o
 .debug_info    0x00002e9d      0x176 C:\Users\Alex\AppData\Local\Temp\VMBuilds\TestSerial\Arduino_STM32_mapleMini\Release\variant\start_c.c.o
 .debug_info    0x00003013      0x5cd C:\Users\Alex\AppData\Local\Temp\VMBuilds\TestSerial\Arduino_STM32_mapleMini\Release\variant\syscalls.c.o
 .debug_info    0x000035e0       0x8d C:\Users\Alex\AppData\Local\Temp\VMBuilds\TestSerial\Arduino_STM32_mapleMini\Release\core.a(exc.S.o)
 .debug_info    0x0000366d       0xa2 C:\Users\Alex\AppData\Local\Temp\VMBuilds\TestSerial\Arduino_STM32_mapleMini\Release\core.a(isrs.S.o)
 .debug_info    0x0000370f      0x79a C:\Users\Alex\AppData\Local\Temp\VMBuilds\TestSerial\Arduino_STM32_mapleMini\Release\core.a(adc.c.o)
 .debug_info    0x00003ea9      0xe4a C:\Users\Alex\AppData\Local\Temp\VMBuilds\TestSerial\Arduino_STM32_mapleMini\Release\core.a(adc_f1.c.o)
 .debug_info    0x00004cf3     0x19f2 C:\Users\Alex\AppData\Local\Temp\VMBuilds\TestSerial\Arduino_STM32_mapleMini\Release\core.a(dma_f1.c.o)
 .debug_info    0x000066e5      0xedd C:\Users\Alex\AppData\Local\Temp\VMBuilds\TestSerial\Arduino_STM32_mapleMini\Release\core.a(exti.c.o)
 .debug_info    0x000075c2      0x213 C:\Users\Alex\AppData\Local\Temp\VMBuilds\TestSerial\Arduino_STM32_mapleMini\Release\core.a(exti_f1.c.o)
 .debug_info    0x000077d5      0x128 C:\Users\Alex\AppData\Local\Temp\VMBuilds\TestSerial\Arduino_STM32_mapleMini\Release\core.a(flash.c.o)
 .debug_info    0x000078fd      0x6d6 C:\Users\Alex\AppData\Local\Temp\VMBuilds\TestSerial\Arduino_STM32_mapleMini\Release\core.a(gpio_f1.c.o)
 .debug_info    0x00007fd3      0xbd5 C:\Users\Alex\AppData\Local\Temp\VMBuilds\TestSerial\Arduino_STM32_mapleMini\Release\core.a(i2c_f1.c.o)
 .debug_info    0x00008ba8      0x5a2 C:\Users\Alex\AppData\Local\Temp\VMBuilds\TestSerial\Arduino_STM32_mapleMini\Release\core.a(nvic.c.o)
 .debug_info    0x0000914a      0x556 C:\Users\Alex\AppData\Local\Temp\VMBuilds\TestSerial\Arduino_STM32_mapleMini\Release\core.a(rcc.c.o)
 .debug_info    0x000096a0      0xb64 C:\Users\Alex\AppData\Local\Temp\VMBuilds\TestSerial\Arduino_STM32_mapleMini\Release\core.a(rcc_f1.c.o)
 .debug_info    0x0000a204      0x182 C:\Users\Alex\AppData\Local\Temp\VMBuilds\TestSerial\Arduino_STM32_mapleMini\Release\core.a(systick.c.o)
 .debug_info    0x0000a386     0x1bc2 C:\Users\Alex\AppData\Local\Temp\VMBuilds\TestSerial\Arduino_STM32_mapleMini\Release\core.a(timer.c.o)
 .debug_info    0x0000bf48      0xbc4 C:\Users\Alex\AppData\Local\Temp\VMBuilds\TestSerial\Arduino_STM32_mapleMini\Release\core.a(usart_f1.c.o)
 .debug_info    0x0000cb0c      0x595 C:\Users\Alex\AppData\Local\Temp\VMBuilds\TestSerial\Arduino_STM32_mapleMini\Release\core.a(usart_private.c.o)
 .debug_info    0x0000d0a1      0xad2 C:\Users\Alex\AppData\Local\Temp\VMBuilds\TestSerial\Arduino_STM32_mapleMini\Release\core.a(util.c.o)
 .debug_info    0x0000db73      0xd16 C:\Users\Alex\AppData\Local\Temp\VMBuilds\TestSerial\Arduino_STM32_mapleMini\Release\core.a(usb.c.o)
 .debug_info    0x0000e889     0x22ae C:\Users\Alex\AppData\Local\Temp\VMBuilds\TestSerial\Arduino_STM32_mapleMini\Release\core.a(usb_cdcacm.c.o)
 .debug_info    0x00010b37      0x26c C:\Users\Alex\AppData\Local\Temp\VMBuilds\TestSerial\Arduino_STM32_mapleMini\Release\core.a(usb_reg_map.c.o)
 .debug_info    0x00010da3      0xddf C:\Users\Alex\AppData\Local\Temp\VMBuilds\TestSerial\Arduino_STM32_mapleMini\Release\core.a(usb_core.c.o)
 .debug_info    0x00011b82      0x3ed C:\Users\Alex\AppData\Local\Temp\VMBuilds\TestSerial\Arduino_STM32_mapleMini\Release\core.a(usb_init.c.o)
 .debug_info    0x00011f6f      0x17b C:\Users\Alex\AppData\Local\Temp\VMBuilds\TestSerial\Arduino_STM32_mapleMini\Release\core.a(usb_mem.c.o)
 .debug_info    0x000120ea      0xc88 C:\Users\Alex\AppData\Local\Temp\VMBuilds\TestSerial\Arduino_STM32_mapleMini\Release\core.a(usb_regs.c.o)
 .debug_info    0x00012d72     0x2a1c C:\Users\Alex\AppData\Local\Temp\VMBuilds\TestSerial\Arduino_STM32_mapleMini\Release\core.a(HardwareSerial.cpp.o)
 .debug_info    0x0001578e       0x99 C:\Users\Alex\AppData\Local\Temp\VMBuilds\TestSerial\Arduino_STM32_mapleMini\Release\core.a(main.cpp.o)
 .debug_info    0x00015827     0x258c C:\Users\Alex\AppData\Local\Temp\VMBuilds\TestSerial\Arduino_STM32_mapleMini\Release\core.a(Print.cpp.o)
 .debug_info    0x00017db3     0x2ae8 C:\Users\Alex\AppData\Local\Temp\VMBuilds\TestSerial\Arduino_STM32_mapleMini\Release\core.a(usb_serial.cpp.o)
 .debug_info    0x0001a89b      0x221 C:\Users\Alex\AppData\Local\Temp\VMBuilds\TestSerial\Arduino_STM32_mapleMini\Release\core.a(wirish_time.cpp.o)
 .debug_info    0x0001aabc      0x1e0 C:\Users\Alex\AppData\Local\Temp\VMBuilds\TestSerial\Arduino_STM32_mapleMini\Release\core.a(wirish_debug.cpp.o)
 .debug_info    0x0001ac9c       0x33 C:\Users\Alex\AppData\Local\Temp\VMBuilds\TestSerial\Arduino_STM32_mapleMini\Release\core.a(hooks.c.o)
 .debug_info    0x0001accf      0x4ca C:\Users\Alex\AppData\Local\Temp\VMBuilds\TestSerial\Arduino_STM32_mapleMini\Release\core.a(bkp_f1.c.o)
 .debug_info    0x0001b199      0x6f7 C:\Users\Alex\AppData\Local\Temp\VMBuilds\TestSerial\Arduino_STM32_mapleMini\Release\core.a(dma.c.o)
 .debug_info    0x0001b890      0x313 C:\Users\Alex\AppData\Local\Temp\VMBuilds\TestSerial\Arduino_STM32_mapleMini\Release\core.a(gpio.c.o)
 .debug_info    0x0001bba3     0x1564 C:\Users\Alex\AppData\Local\Temp\VMBuilds\TestSerial\Arduino_STM32_mapleMini\Release\core.a(i2c.c.o)
 .debug_info    0x0001d107      0xc32 C:\Users\Alex\AppData\Local\Temp\VMBuilds\TestSerial\Arduino_STM32_mapleMini\Release\core.a(usart.c.o)
 .debug_info    0x0001dd39       0x33 C:\Users\Alex\AppData\Local\Temp\VMBuilds\TestSerial\Arduino_STM32_mapleMini\Release\core.a(cxxabi-compat.cpp.o)

.debug_abbrev   0x00000000     0x5da6
 *(.debug_abbrev)
 .debug_abbrev  0x00000000      0x1e3 C:\Users\Alex\AppData\Local\Temp\VMBuilds\TestSerial\Arduino_STM32_mapleMini\Release\TestSerial.cpp.o
 .debug_abbrev  0x000001e3      0x20b C:\Users\Alex\AppData\Local\Temp\VMBuilds\TestSerial\Arduino_STM32_mapleMini\Release\variant\board.cpp.o
 .debug_abbrev  0x000003ee      0x3dd C:\Users\Alex\AppData\Local\Temp\VMBuilds\TestSerial\Arduino_STM32_mapleMini\Release\variant\boards.cpp.o
 .debug_abbrev  0x000007cb      0x1d9 C:\Users\Alex\AppData\Local\Temp\VMBuilds\TestSerial\Arduino_STM32_mapleMini\Release\variant\boards_setup.cpp.o
 .debug_abbrev  0x000009a4       0x14 C:\Users\Alex\AppData\Local\Temp\VMBuilds\TestSerial\Arduino_STM32_mapleMini\Release\variant\start.S.o
 .debug_abbrev  0x000009b8      0x11f C:\Users\Alex\AppData\Local\Temp\VMBuilds\TestSerial\Arduino_STM32_mapleMini\Release\variant\start_c.c.o
 .debug_abbrev  0x00000ad7      0x17e C:\Users\Alex\AppData\Local\Temp\VMBuilds\TestSerial\Arduino_STM32_mapleMini\Release\variant\syscalls.c.o
 .debug_abbrev  0x00000c55       0x14 C:\Users\Alex\AppData\Local\Temp\VMBuilds\TestSerial\Arduino_STM32_mapleMini\Release\core.a(exc.S.o)
 .debug_abbrev  0x00000c69       0x14 C:\Users\Alex\AppData\Local\Temp\VMBuilds\TestSerial\Arduino_STM32_mapleMini\Release\core.a(isrs.S.o)
 .debug_abbrev  0x00000c7d      0x20b C:\Users\Alex\AppData\Local\Temp\VMBuilds\TestSerial\Arduino_STM32_mapleMini\Release\core.a(adc.c.o)
 .debug_abbrev  0x00000e88      0x2e6 C:\Users\Alex\AppData\Local\Temp\VMBuilds\TestSerial\Arduino_STM32_mapleMini\Release\core.a(adc_f1.c.o)
 .debug_abbrev  0x0000116e      0x3dd C:\Users\Alex\AppData\Local\Temp\VMBuilds\TestSerial\Arduino_STM32_mapleMini\Release\core.a(dma_f1.c.o)
 .debug_abbrev  0x0000154b      0x2a5 C:\Users\Alex\AppData\Local\Temp\VMBuilds\TestSerial\Arduino_STM32_mapleMini\Release\core.a(exti.c.o)
 .debug_abbrev  0x000017f0       0xdb C:\Users\Alex\AppData\Local\Temp\VMBuilds\TestSerial\Arduino_STM32_mapleMini\Release\core.a(exti_f1.c.o)
 .debug_abbrev  0x000018cb       0x9f C:\Users\Alex\AppData\Local\Temp\VMBuilds\TestSerial\Arduino_STM32_mapleMini\Release\core.a(flash.c.o)
 .debug_abbrev  0x0000196a      0x191 C:\Users\Alex\AppData\Local\Temp\VMBuilds\TestSerial\Arduino_STM32_mapleMini\Release\core.a(gpio_f1.c.o)
 .debug_abbrev  0x00001afb      0x202 C:\Users\Alex\AppData\Local\Temp\VMBuilds\TestSerial\Arduino_STM32_mapleMini\Release\core.a(i2c_f1.c.o)
 .debug_abbrev  0x00001cfd      0x1ac C:\Users\Alex\AppData\Local\Temp\VMBuilds\TestSerial\Arduino_STM32_mapleMini\Release\core.a(nvic.c.o)
 .debug_abbrev  0x00001ea9      0x17f C:\Users\Alex\AppData\Local\Temp\VMBuilds\TestSerial\Arduino_STM32_mapleMini\Release\core.a(rcc.c.o)
 .debug_abbrev  0x00002028      0x28c C:\Users\Alex\AppData\Local\Temp\VMBuilds\TestSerial\Arduino_STM32_mapleMini\Release\core.a(rcc_f1.c.o)
 .debug_abbrev  0x000022b4      0x10f C:\Users\Alex\AppData\Local\Temp\VMBuilds\TestSerial\Arduino_STM32_mapleMini\Release\core.a(systick.c.o)
 .debug_abbrev  0x000023c3      0x48a C:\Users\Alex\AppData\Local\Temp\VMBuilds\TestSerial\Arduino_STM32_mapleMini\Release\core.a(timer.c.o)
 .debug_abbrev  0x0000284d      0x292 C:\Users\Alex\AppData\Local\Temp\VMBuilds\TestSerial\Arduino_STM32_mapleMini\Release\core.a(usart_f1.c.o)
 .debug_abbrev  0x00002adf      0x144 C:\Users\Alex\AppData\Local\Temp\VMBuilds\TestSerial\Arduino_STM32_mapleMini\Release\core.a(usart_private.c.o)
 .debug_abbrev  0x00002c23      0x2c9 C:\Users\Alex\AppData\Local\Temp\VMBuilds\TestSerial\Arduino_STM32_mapleMini\Release\core.a(util.c.o)
 .debug_abbrev  0x00002eec      0x352 C:\Users\Alex\AppData\Local\Temp\VMBuilds\TestSerial\Arduino_STM32_mapleMini\Release\core.a(usb.c.o)
 .debug_abbrev  0x0000323e      0x47d C:\Users\Alex\AppData\Local\Temp\VMBuilds\TestSerial\Arduino_STM32_mapleMini\Release\core.a(usb_cdcacm.c.o)
 .debug_abbrev  0x000036bb      0x193 C:\Users\Alex\AppData\Local\Temp\VMBuilds\TestSerial\Arduino_STM32_mapleMini\Release\core.a(usb_reg_map.c.o)
 .debug_abbrev  0x0000384e      0x3a6 C:\Users\Alex\AppData\Local\Temp\VMBuilds\TestSerial\Arduino_STM32_mapleMini\Release\core.a(usb_core.c.o)
 .debug_abbrev  0x00003bf4      0x101 C:\Users\Alex\AppData\Local\Temp\VMBuilds\TestSerial\Arduino_STM32_mapleMini\Release\core.a(usb_init.c.o)
 .debug_abbrev  0x00003cf5       0x90 C:\Users\Alex\AppData\Local\Temp\VMBuilds\TestSerial\Arduino_STM32_mapleMini\Release\core.a(usb_mem.c.o)
 .debug_abbrev  0x00003d85      0x1f3 C:\Users\Alex\AppData\Local\Temp\VMBuilds\TestSerial\Arduino_STM32_mapleMini\Release\core.a(usb_regs.c.o)
 .debug_abbrev  0x00003f78      0x524 C:\Users\Alex\AppData\Local\Temp\VMBuilds\TestSerial\Arduino_STM32_mapleMini\Release\core.a(HardwareSerial.cpp.o)
 .debug_abbrev  0x0000449c       0x7b C:\Users\Alex\AppData\Local\Temp\VMBuilds\TestSerial\Arduino_STM32_mapleMini\Release\core.a(main.cpp.o)
 .debug_abbrev  0x00004517      0x414 C:\Users\Alex\AppData\Local\Temp\VMBuilds\TestSerial\Arduino_STM32_mapleMini\Release\core.a(Print.cpp.o)
 .debug_abbrev  0x0000492b      0x665 C:\Users\Alex\AppData\Local\Temp\VMBuilds\TestSerial\Arduino_STM32_mapleMini\Release\core.a(usb_serial.cpp.o)
 .debug_abbrev  0x00004f90      0x155 C:\Users\Alex\AppData\Local\Temp\VMBuilds\TestSerial\Arduino_STM32_mapleMini\Release\core.a(wirish_time.cpp.o)
 .debug_abbrev  0x000050e5      0x112 C:\Users\Alex\AppData\Local\Temp\VMBuilds\TestSerial\Arduino_STM32_mapleMini\Release\core.a(wirish_debug.cpp.o)
 .debug_abbrev  0x000051f7       0x26 C:\Users\Alex\AppData\Local\Temp\VMBuilds\TestSerial\Arduino_STM32_mapleMini\Release\core.a(hooks.c.o)