Archive member included because of file (symbol)

C:\Users\moseichuk\AppData\Local\Temp\VMBuilds\TestSerial\Arduino_STM32_genericSTM32F103Z\Release\core.a(exc.S.o)
                              (__exc_nmi)
C:\Users\moseichuk\AppData\Local\Temp\VMBuilds\TestSerial\Arduino_STM32_genericSTM32F103Z\Release\core.a(isrs.S.o)
                              (__stm32reservedexception7)
C:\Users\moseichuk\AppData\Local\Temp\VMBuilds\TestSerial\Arduino_STM32_genericSTM32F103Z\Release\core.a(vector_table.S.o)
                              (__stm32_vector_table)
C:\Users\moseichuk\AppData\Local\Temp\VMBuilds\TestSerial\Arduino_STM32_genericSTM32F103Z\Release\core.a(adc.c.o)
                              C:\Users\moseichuk\AppData\Local\Temp\VMBuilds\TestSerial\Arduino_STM32_genericSTM32F103Z\Release\variant\boards.cpp.o (adc_set_sample_rate)
C:\Users\moseichuk\AppData\Local\Temp\VMBuilds\TestSerial\Arduino_STM32_genericSTM32F103Z\Release\core.a(adc_f1.c.o)
                              (__irq_adc)
C:\Users\moseichuk\AppData\Local\Temp\VMBuilds\TestSerial\Arduino_STM32_genericSTM32F103Z\Release\core.a(dma_f1.c.o)
                              (__irq_dma1_channel1)
C:\Users\moseichuk\AppData\Local\Temp\VMBuilds\TestSerial\Arduino_STM32_genericSTM32F103Z\Release\core.a(exti.c.o)
                              (__irq_exti0)
C:\Users\moseichuk\AppData\Local\Temp\VMBuilds\TestSerial\Arduino_STM32_genericSTM32F103Z\Release\core.a(exti_f1.c.o)
                              C:\Users\moseichuk\AppData\Local\Temp\VMBuilds\TestSerial\Arduino_STM32_genericSTM32F103Z\Release\core.a(exti.c.o) (exti_select)
C:\Users\moseichuk\AppData\Local\Temp\VMBuilds\TestSerial\Arduino_STM32_genericSTM32F103Z\Release\core.a(flash.c.o)
                              C:\Users\moseichuk\AppData\Local\Temp\VMBuilds\TestSerial\Arduino_STM32_genericSTM32F103Z\Release\variant\boards.cpp.o (flash_set_latency)
C:\Users\moseichuk\AppData\Local\Temp\VMBuilds\TestSerial\Arduino_STM32_genericSTM32F103Z\Release\core.a(gpio_f1.c.o)
                              C:\Users\moseichuk\AppData\Local\Temp\VMBuilds\TestSerial\Arduino_STM32_genericSTM32F103Z\Release\variant\boards_setup.cpp.o (gpio_init_all)
C:\Users\moseichuk\AppData\Local\Temp\VMBuilds\TestSerial\Arduino_STM32_genericSTM32F103Z\Release\core.a(i2c_f1.c.o)
                              (__irq_i2c1_ev)
C:\Users\moseichuk\AppData\Local\Temp\VMBuilds\TestSerial\Arduino_STM32_genericSTM32F103Z\Release\core.a(nvic.c.o)
                              C:\Users\moseichuk\AppData\Local\Temp\VMBuilds\TestSerial\Arduino_STM32_genericSTM32F103Z\Release\core.a(i2c_f1.c.o) (nvic_irq_set_priority)
C:\Users\moseichuk\AppData\Local\Temp\VMBuilds\TestSerial\Arduino_STM32_genericSTM32F103Z\Release\core.a(rcc.c.o)
                              C:\Users\moseichuk\AppData\Local\Temp\VMBuilds\TestSerial\Arduino_STM32_genericSTM32F103Z\Release\variant\boards.cpp.o (rcc_switch_sysclk)
C:\Users\moseichuk\AppData\Local\Temp\VMBuilds\TestSerial\Arduino_STM32_genericSTM32F103Z\Release\core.a(rcc_f1.c.o)
                              C:\Users\moseichuk\AppData\Local\Temp\VMBuilds\TestSerial\Arduino_STM32_genericSTM32F103Z\Release\variant\boards.cpp.o (rcc_configure_pll)
C:\Users\moseichuk\AppData\Local\Temp\VMBuilds\TestSerial\Arduino_STM32_genericSTM32F103Z\Release\core.a(systick.c.o)
                              C:\Users\moseichuk\AppData\Local\Temp\VMBuilds\TestSerial\Arduino_STM32_genericSTM32F103Z\Release\variant\boards.cpp.o (systick_init)
C:\Users\moseichuk\AppData\Local\Temp\VMBuilds\TestSerial\Arduino_STM32_genericSTM32F103Z\Release\core.a(timer.c.o)
                              C:\Users\moseichuk\AppData\Local\Temp\VMBuilds\TestSerial\Arduino_STM32_genericSTM32F103Z\Release\variant\boards.cpp.o (timer_foreach)
C:\Users\moseichuk\AppData\Local\Temp\VMBuilds\TestSerial\Arduino_STM32_genericSTM32F103Z\Release\core.a(usart_f1.c.o)
                              (__irq_usart1)
C:\Users\moseichuk\AppData\Local\Temp\VMBuilds\TestSerial\Arduino_STM32_genericSTM32F103Z\Release\core.a(usart_private.c.o)
                              C:\Users\moseichuk\AppData\Local\Temp\VMBuilds\TestSerial\Arduino_STM32_genericSTM32F103Z\Release\core.a(usart_f1.c.o) (_usart_clock_freq)
C:\Users\moseichuk\AppData\Local\Temp\VMBuilds\TestSerial\Arduino_STM32_genericSTM32F103Z\Release\core.a(util.c.o)
                              C:\Users\moseichuk\AppData\Local\Temp\VMBuilds\TestSerial\Arduino_STM32_genericSTM32F103Z\Release\core.a(exc.S.o) (__error)
C:\Users\moseichuk\AppData\Local\Temp\VMBuilds\TestSerial\Arduino_STM32_genericSTM32F103Z\Release\core.a(usb.c.o)
                              (__irq_usb_lp_can_rx0)
C:\Users\moseichuk\AppData\Local\Temp\VMBuilds\TestSerial\Arduino_STM32_genericSTM32F103Z\Release\core.a(usb_cdcacm.c.o)
                              C:\Users\moseichuk\AppData\Local\Temp\VMBuilds\TestSerial\Arduino_STM32_genericSTM32F103Z\Release\core.a(usb.c.o) (User_Standard_Requests)
[...]
Memory Configuration

Name             Origin             Length             Attributes
ram              0x20000000         0x00010000         xrw
rom              0x08002000         0x0007e000         xr
*default*        0x00000000         0xffffffff

Linker script and memory map

LOAD c:/users/moseichuk/appdata/local/arduino15/packages/arduino/tools/arm-none-eabi-gcc/4.8.3-2014q1/bin/../lib/gcc/arm-none-eabi/4.8.3/armv7-m/crti.o
LOAD c:/users/moseichuk/appdata/local/arduino15/packages/arduino/tools/arm-none-eabi-gcc/4.8.3-2014q1/bin/../lib/gcc/arm-none-eabi/4.8.3/armv7-m/crtbegin.o
LOAD c:/users/moseichuk/appdata/local/arduino15/packages/arduino/tools/arm-none-eabi-gcc/4.8.3-2014q1/bin/../lib/gcc/arm-none-eabi/4.8.3/../../../../arm-none-eabi/lib/armv7-m/crt0.o
LOAD c:/users/moseichuk/appdata/local/arduino15/packages/arduino/tools/arm-none-eabi-gcc/4.8.3-2014q1/bin/../lib/gcc/arm-none-eabi/4.8.3/armv7-m\libgcc.a
START GROUP
LOAD C:\Users\moseichuk\AppData\Local\Temp\VMBuilds\TestSerial\Arduino_STM32_genericSTM32F103Z\Release\TestSerial.cpp.o
LOAD C:\Users\moseichuk\AppData\Local\Temp\VMBuilds\TestSerial\Arduino_STM32_genericSTM32F103Z\Release\variant\board.cpp.o
LOAD C:\Users\moseichuk\AppData\Local\Temp\VMBuilds\TestSerial\Arduino_STM32_genericSTM32F103Z\Release\variant\boards.cpp.o
LOAD C:\Users\moseichuk\AppData\Local\Temp\VMBuilds\TestSerial\Arduino_STM32_genericSTM32F103Z\Release\variant\boards_setup.cpp.o
LOAD C:\Users\moseichuk\AppData\Local\Temp\VMBuilds\TestSerial\Arduino_STM32_genericSTM32F103Z\Release\variant\start.S.o
LOAD C:\Users\moseichuk\AppData\Local\Temp\VMBuilds\TestSerial\Arduino_STM32_genericSTM32F103Z\Release\variant\start_c.c.o
LOAD C:\Users\moseichuk\AppData\Local\Temp\VMBuilds\TestSerial\Arduino_STM32_genericSTM32F103Z\Release\variant\syscalls.c.o
LOAD C:\Users\moseichuk\AppData\Local\Temp\VMBuilds\TestSerial\Arduino_STM32_genericSTM32F103Z\Release\core.a
END GROUP
LOAD c:/users/moseichuk/appdata/local/arduino15/packages/arduino/tools/arm-none-eabi-gcc/4.8.3-2014q1/bin/../lib/gcc/arm-none-eabi/4.8.3/../../../../arm-none-eabi/lib/armv7-m\libstdc++.a
LOAD c:/users/moseichuk/appdata/local/arduino15/packages/arduino/tools/arm-none-eabi-gcc/4.8.3-2014q1/bin/../lib/gcc/arm-none-eabi/4.8.3/../../../../arm-none-eabi/lib/armv7-m\libm.a
START GROUP
LOAD c:/users/moseichuk/appdata/local/arduino15/packages/arduino/tools/arm-none-eabi-gcc/4.8.3-2014q1/bin/../lib/gcc/arm-none-eabi/4.8.3/armv7-m\libgcc.a
LOAD c:/users/moseichuk/appdata/local/arduino15/packages/arduino/tools/arm-none-eabi-gcc/4.8.3-2014q1/bin/../lib/gcc/arm-none-eabi/4.8.3/../../../../arm-none-eabi/lib/armv7-m\libc.a
END GROUP
LOAD c:/users/moseichuk/appdata/local/arduino15/packages/arduino/tools/arm-none-eabi-gcc/4.8.3-2014q1/bin/../lib/gcc/arm-none-eabi/4.8.3/armv7-m/crtend.o
LOAD c:/users/moseichuk/appdata/local/arduino15/packages/arduino/tools/arm-none-eabi-gcc/4.8.3-2014q1/bin/../lib/gcc/arm-none-eabi/4.8.3/armv7-m/crtn.o
START GROUP
LOAD c:/users/moseichuk/appdata/local/arduino15/packages/arduino/tools/arm-none-eabi-gcc/4.8.3-2014q1/bin/../lib/gcc/arm-none-eabi/4.8.3/armv7-m\libgcc.a
LOAD c:/users/moseichuk/appdata/local/arduino15/packages/arduino/tools/arm-none-eabi-gcc/4.8.3-2014q1/bin/../lib/gcc/arm-none-eabi/4.8.3/../../../../arm-none-eabi/lib/armv7-m\libc.a
LOAD c:/users/moseichuk/appdata/local/arduino15/packages/arduino/tools/arm-none-eabi-gcc/4.8.3-2014q1/bin/../lib/gcc/arm-none-eabi/4.8.3/../../../../arm-none-eabi/lib/armv7-m\libm.a
END GROUP
START GROUP
LOAD c:/users/moseichuk/appdata/local/arduino15/packages/arduino/tools/arm-none-eabi-gcc/4.8.3-2014q1/bin/../lib/gcc/arm-none-eabi/4.8.3/../../../../arm-none-eabi/lib/armv7-m\libnosys.a
END GROUP
                0x20010000                PROVIDE (__msp_init, (ORIGIN (ram) + 0x10000))
                0x080024a0                PROVIDE (__exc_reset, __start__)

.text           0x08002000     0x3544
                0x08002000                __text_start__ = .
 *(.stm32.interrupt_vector)
 .stm32.interrupt_vector
                0x08002000      0x130 C:\Users\moseichuk\AppData\Local\Temp\VMBuilds\TestSerial\Arduino_STM32_genericSTM32F103Z\Release\core.a(vector_table.S.o)
                0x08002000                __stm32_vector_table
 *(.text .text.* .gnu.linkonce.t.*)
 .text          0x08002130       0x54 c:/users/moseichuk/appdata/local/arduino15/packages/arduino/tools/arm-none-eabi-gcc/4.8.3-2014q1/bin/../lib/gcc/arm-none-eabi/4.8.3/armv7-m/crtbegin.o
 .text._Z5setupv
                0x08002184       0x2c C:\Users\moseichuk\AppData\Local\Temp\VMBuilds\TestSerial\Arduino_STM32_genericSTM32F103Z\Release\TestSerial.cpp.o
                0x08002184                setup()
 .text._Z4loopv
                0x080021b0       0x78 C:\Users\moseichuk\AppData\Local\Temp\VMBuilds\TestSerial\Arduino_STM32_genericSTM32F103Z\Release\TestSerial.cpp.o
                0x080021b0                loop()
 .text.startup._GLOBAL__sub_I_PIN_MAP
                0x08002228       0x74 C:\Users\moseichuk\AppData\Local\Temp\VMBuilds\TestSerial\Arduino_STM32_genericSTM32F103Z\Release\variant\board.cpp.o
 .text._ZL18adc_default_configP7adc_dev
                0x0800229c       0x1c C:\Users\moseichuk\AppData\Local\Temp\VMBuilds\TestSerial\Arduino_STM32_genericSTM32F103Z\Release\variant\boards.cpp.o
 .text._ZL20timer_default_configP9timer_dev
                0x080022b8       0x9e C:\Users\moseichuk\AppData\Local\Temp\VMBuilds\TestSerial\Arduino_STM32_genericSTM32F103Z\Release\variant\boards.cpp.o
 .text._Z9boardInitv
                0x08002356        0x2 C:\Users\moseichuk\AppData\Local\Temp\VMBuilds\TestSerial\Arduino_STM32_genericSTM32F103Z\Release\variant\boards.cpp.o
                0x08002356                boardInit()
 .text._Z4initv
                0x08002358       0xbc C:\Users\moseichuk\AppData\Local\Temp\VMBuilds\TestSerial\Arduino_STM32_genericSTM32F103Z\Release\variant\boards.cpp.o
                0x08002358                init()
 .text._ZN6wirish4priv15board_reset_pllEv
                0x08002414        0x2 C:\Users\moseichuk\AppData\Local\Temp\VMBuilds\TestSerial\Arduino_STM32_genericSTM32F103Z\Release\variant\boards_setup.cpp.o
                0x08002414                wirish::priv::board_reset_pll()
 .text._ZN6wirish4priv28board_setup_clock_prescalersEv
                0x08002416       0x2e C:\Users\moseichuk\AppData\Local\Temp\VMBuilds\TestSerial\Arduino_STM32_genericSTM32F103Z\Release\variant\boards_setup.cpp.o
                0x08002416                wirish::priv::board_setup_clock_prescalers()
 .text._ZN6wirish4priv16board_setup_gpioEv
                0x08002444        0x4 C:\Users\moseichuk\AppData\Local\Temp\VMBuilds\TestSerial\Arduino_STM32_genericSTM32F103Z\Release\variant\boards_setup.cpp.o
                0x08002444                wirish::priv::board_setup_gpio()
 .text._ZN6wirish4priv15board_setup_usbEv
                0x08002448       0x54 C:\Users\moseichuk\AppData\Local\Temp\VMBuilds\TestSerial\Arduino_STM32_genericSTM32F103Z\Release\variant\boards_setup.cpp.o
                0x08002448                wirish::priv::board_setup_usb()
 .text._ZN6wirish4priv11series_initEv
                0x0800249c        0x4 C:\Users\moseichuk\AppData\Local\Temp\VMBuilds\TestSerial\Arduino_STM32_genericSTM32F103Z\Release\variant\boards_setup.cpp.o
                0x0800249c                wirish::priv::series_init()
 .text          0x080024a0       0x10 C:\Users\moseichuk\AppData\Local\Temp\VMBuilds\TestSerial\Arduino_STM32_genericSTM32F103Z\Release\variant\start.S.o
                0x080024a0                __start__
 .text.start_c  0x080024b0       0x64 C:\Users\moseichuk\AppData\Local\Temp\VMBuilds\TestSerial\Arduino_STM32_genericSTM32F103Z\Release\variant\start_c.c.o
                0x080024b0                start_c
 .text._exit    0x08002514        0x2 C:\Users\moseichuk\AppData\Local\Temp\VMBuilds\TestSerial\Arduino_STM32_genericSTM32F103Z\Release\variant\syscalls.c.o
                0x08002514                _exit
 *fill*         0x08002516        0xa 
 .text          0x08002520       0x60 C:\Users\moseichuk\AppData\Local\Temp\VMBuilds\TestSerial\Arduino_STM32_genericSTM32F103Z\Release\core.a(exc.S.o)
                0x08002520                __exc_nmi
                0x08002524                __exc_hardfault
                0x08002528                __exc_memmanage
                0x0800252c                __exc_busfault
                0x08002530                __exc_usagefault
 .text          0x08002580        0x2 C:\Users\moseichuk\AppData\Local\Temp\VMBuilds\TestSerial\Arduino_STM32_genericSTM32F103Z\Release\core.a(isrs.S.o)
                0x08002580                __stm32reservedexception9
                0x08002580                __irq_sdio
                0x08002580                __irq_fsmc
                0x08002580                __exc_debug_monitor
                0x08002580                __exc_svc
                0x08002580                __irq_can_rx1
                0x08002580                __irq_spi2
                0x08002580                __irq_can_sce
                0x08002580                __irq_pvd
                0x08002580                __irq_tamper
                0x08002580                __default_handler
                0x08002580                __irq_wwdg
                0x08002580                __stm32reservedexception10
                0x08002580                __irq_flash
                0x08002580                __stm32reservedexception13
                0x08002580                __irq_rtc
                0x08002580                __irq_spi1
                0x08002580                __stm32reservedexception7
                0x08002580                __irq_usb_hp_can_tx
                0x08002580                __irq_rtcalarm
                0x08002580                __irq_spi3
                0x08002580                __stm32reservedexception8
                0x08002580                __exc_pendsv
                0x08002580                __irq_usbwakeup
                0x08002580                __irq_rcc
 .text.adc_init
                0x08002582       0x14 C:\Users\moseichuk\AppData\Local\Temp\VMBuilds\TestSerial\Arduino_STM32_genericSTM32F103Z\Release\core.a(adc.c.o)
                0x08002582                adc_init
 .text.adc_set_extsel
                0x08002596       0x12 C:\Users\moseichuk\AppData\Local\Temp\VMBuilds\TestSerial\Arduino_STM32_genericSTM32F103Z\Release\core.a(adc.c.o)
                0x08002596                adc_set_extsel
 .text.adc_set_sample_rate
                0x080025a8       0x30 C:\Users\moseichuk\AppData\Local\Temp\VMBuilds\TestSerial\Arduino_STM32_genericSTM32F103Z\Release\core.a(adc.c.o)
                0x080025a8                adc_set_sample_rate
 .text.__irq_adc
                0x080025d8       0x50 C:\Users\moseichuk\AppData\Local\Temp\VMBuilds\TestSerial\Arduino_STM32_genericSTM32F103Z\Release\core.a(adc_f1.c.o)
                0x080025d8                __irq_adc
 .text.__irq_adc3
                0x08002628       0x50 C:\Users\moseichuk\AppData\Local\Temp\VMBuilds\TestSerial\Arduino_STM32_genericSTM32F103Z\Release\core.a(adc_f1.c.o)
                0x08002628                __irq_adc3
 .text.adc_calibrate
                0x08002678       0x24 C:\Users\moseichuk\AppData\Local\Temp\VMBuilds\TestSerial\Arduino_STM32_genericSTM32F103Z\Release\core.a(adc_f1.c.o)
                0x08002678                adc_calibrate
 .text.adc_set_prescaler
                0x0800269c        0x8 C:\Users\moseichuk\AppData\Local\Temp\VMBuilds\TestSerial\Arduino_STM32_genericSTM32F103Z\Release\core.a(adc_f1.c.o)
                0x0800269c                adc_set_prescaler
 .text.adc_foreach
                0x080026a4       0x24 C:\Users\moseichuk\AppData\Local\Temp\VMBuilds\TestSerial\Arduino_STM32_genericSTM32F103Z\Release\core.a(adc_f1.c.o)
                0x080026a4                adc_foreach
 .text.adc_enable_single_swstart
                0x080026c8       0x36 C:\Users\moseichuk\AppData\Local\Temp\VMBuilds\TestSerial\Arduino_STM32_genericSTM32F103Z\Release\core.a(adc_f1.c.o)
                0x080026c8                adc_enable_single_swstart
 *fill*         0x080026fe        0x2 
 .text.__irq_dma1_channel1
                0x08002700       0x18 C:\Users\moseichuk\AppData\Local\Temp\VMBuilds\TestSerial\Arduino_STM32_genericSTM32F103Z\Release\core.a(dma_f1.c.o)
                0x08002700                __irq_dma1_channel1
 .text.__irq_dma1_channel2
                0x08002718       0x18 C:\Users\moseichuk\AppData\Local\Temp\VMBuilds\TestSerial\Arduino_STM32_genericSTM32F103Z\Release\core.a(dma_f1.c.o)
                0x08002718                __irq_dma1_channel2
 .text.__irq_dma1_channel3
                0x08002730       0x1c C:\Users\moseichuk\AppData\Local\Temp\VMBuilds\TestSerial\Arduino_STM32_genericSTM32F103Z\Release\core.a(dma_f1.c.o)
                0x08002730                __irq_dma1_channel3
 .text.__irq_dma1_channel4
                0x0800274c       0x1c C:\Users\moseichuk\AppData\Local\Temp\VMBuilds\TestSerial\Arduino_STM32_genericSTM32F103Z\Release\core.a(dma_f1.c.o)
                0x0800274c                __irq_dma1_channel4
 .text.__irq_dma1_channel5
                0x08002768       0x1c C:\Users\moseichuk\AppData\Local\Temp\VMBuilds\TestSerial\Arduino_STM32_genericSTM32F103Z\Release\core.a(dma_f1.c.o)
                0x08002768                __irq_dma1_channel5
 .text.__irq_dma1_channel6
                0x08002784       0x1c C:\Users\moseichuk\AppData\Local\Temp\VMBuilds\TestSerial\Arduino_STM32_genericSTM32F103Z\Release\core.a(dma_f1.c.o)
                0x08002784                __irq_dma1_channel6
 .text.__irq_dma1_channel7
                0x080027a0       0x1c C:\Users\moseichuk\AppData\Local\Temp\VMBuilds\TestSerial\Arduino_STM32_genericSTM32F103Z\Release\core.a(dma_f1.c.o)
                0x080027a0                __irq_dma1_channel7
 .text.__irq_dma2_channel1
                0x080027bc       0x18 C:\Users\moseichuk\AppData\Local\Temp\VMBuilds\TestSerial\Arduino_STM32_genericSTM32F103Z\Release\core.a(dma_f1.c.o)
                0x080027bc                __irq_dma2_channel1
 .text.__irq_dma2_channel2
                0x080027d4       0x18 C:\Users\moseichuk\AppData\Local\Temp\VMBuilds\TestSerial\Arduino_STM32_genericSTM32F103Z\Release\core.a(dma_f1.c.o)
                0x080027d4                __irq_dma2_channel2
 .text.__irq_dma2_channel3
                0x080027ec       0x1c C:\Users\moseichuk\AppData\Local\Temp\VMBuilds\TestSerial\Arduino_STM32_genericSTM32F103Z\Release\core.a(dma_f1.c.o)
                0x080027ec                __irq_dma2_channel3
 .text.__irq_dma2_channel4_5
                0x08002808       0x4c C:\Users\moseichuk\AppData\Local\Temp\VMBuilds\TestSerial\Arduino_STM32_genericSTM32F103Z\Release\core.a(dma_f1.c.o)
                0x08002808                __irq_dma2_channel4_5
 .text.__irq_exti0
                0x08002854       0x20 C:\Users\moseichuk\AppData\Local\Temp\VMBuilds\TestSerial\Arduino_STM32_genericSTM32F103Z\Release\core.a(exti.c.o)
                0x08002854                __irq_exti0
 .text.__irq_exti1
                0x08002874       0x20 C:\Users\moseichuk\AppData\Local\Temp\VMBuilds\TestSerial\Arduino_STM32_genericSTM32F103Z\Release\core.a(exti.c.o)
                0x08002874                __irq_exti1
 .text.__irq_exti2
                0x08002894       0x20 C:\Users\moseichuk\AppData\Local\Temp\VMBuilds\TestSerial\Arduino_STM32_genericSTM32F103Z\Release\core.a(exti.c.o)
                0x08002894                __irq_exti2
 .text.__irq_exti3
                0x080028b4       0x20 C:\Users\moseichuk\AppData\Local\Temp\VMBuilds\TestSerial\Arduino_STM32_genericSTM32F103Z\Release\core.a(exti.c.o)
                0x080028b4                __irq_exti3
 .text.__irq_exti4
                0x080028d4       0x20 C:\Users\moseichuk\AppData\Local\Temp\VMBuilds\TestSerial\Arduino_STM32_genericSTM32F103Z\Release\core.a(exti.c.o)
                0x080028d4                __irq_exti4
 .text.__irq_exti9_5
                0x080028f4       0x44 C:\Users\moseichuk\AppData\Local\Temp\VMBuilds\TestSerial\Arduino_STM32_genericSTM32F103Z\Release\core.a(exti.c.o)
                0x080028f4                __irq_exti9_5
 .text.__irq_exti15_10
                0x08002938       0x44 C:\Users\moseichuk\AppData\Local\Temp\VMBuilds\TestSerial\Arduino_STM32_genericSTM32F103Z\Release\core.a(exti.c.o)
                0x08002938                __irq_exti15_10
 .text.flash_set_latency
                0x0800297c       0x14 C:\Users\moseichuk\AppData\Local\Temp\VMBuilds\TestSerial\Arduino_STM32_genericSTM32F103Z\Release\core.a(flash.c.o)
                0x0800297c                flash_set_latency
 .text.gpio_init_all
                0x08002990       0x4c C:\Users\moseichuk\AppData\Local\Temp\VMBuilds\TestSerial\Arduino_STM32_genericSTM32F103Z\Release\core.a(gpio_f1.c.o)
                0x08002990                gpio_init_all
 .text.gpio_set_mode
                0x080029dc       0x50 C:\Users\moseichuk\AppData\Local\Temp\VMBuilds\TestSerial\Arduino_STM32_genericSTM32F103Z\Release\core.a(gpio_f1.c.o)
                0x080029dc                gpio_set_mode
 .text.afio_init
                0x08002a2c       0x12 C:\Users\moseichuk\AppData\Local\Temp\VMBuilds\TestSerial\Arduino_STM32_genericSTM32F103Z\Release\core.a(gpio_f1.c.o)
                0x08002a2c                afio_init
 *fill*         0x08002a3e        0x2 
 .text.__irq_i2c1_ev
                0x08002a40        0xc C:\Users\moseichuk\AppData\Local\Temp\VMBuilds\TestSerial\Arduino_STM32_genericSTM32F103Z\Release\core.a(i2c_f1.c.o)
                0x08002a40                __irq_i2c1_ev
 .text.__irq_i2c2_ev
                0x08002a4c        0xc C:\Users\moseichuk\AppData\Local\Temp\VMBuilds\TestSerial\Arduino_STM32_genericSTM32F103Z\Release\core.a(i2c_f1.c.o)
                0x08002a4c                __irq_i2c2_ev
 .text.__irq_i2c1_er
                0x08002a58        0xc C:\Users\moseichuk\AppData\Local\Temp\VMBuilds\TestSerial\Arduino_STM32_genericSTM32F103Z\Release\core.a(i2c_f1.c.o)
                0x08002a58                __irq_i2c1_er
 .text.__irq_i2c2_er
                0x08002a64        0xc C:\Users\moseichuk\AppData\Local\Temp\VMBuilds\TestSerial\Arduino_STM32_genericSTM32F103Z\Release\core.a(i2c_f1.c.o)
                0x08002a64                __irq_i2c2_er
 .text._i2c_irq_priority_fixup
                0x08002a70       0x1c C:\Users\moseichuk\AppData\Local\Temp\VMBuilds\TestSerial\Arduino_STM32_genericSTM32F103Z\Release\core.a(i2c_f1.c.o)
                0x08002a70                _i2c_irq_priority_fixup
 .text.nvic_irq_set_priority
                0x08002a8c       0x28 C:\Users\moseichuk\AppData\Local\Temp\VMBuilds\TestSerial\Arduino_STM32_genericSTM32F103Z\Release\core.a(nvic.c.o)
                0x08002a8c                nvic_irq_set_priority
 .text.nvic_init
                0x08002ab4       0x30 C:\Users\moseichuk\AppData\Local\Temp\VMBuilds\TestSerial\Arduino_STM32_genericSTM32F103Z\Release\core.a(nvic.c.o)
                0x08002ab4                nvic_init
 .text.nvic_sys_reset
                0x08002ae4       0x1c C:\Users\moseichuk\AppData\Local\Temp\VMBuilds\TestSerial\Arduino_STM32_genericSTM32F103Z\Release\core.a(nvic.c.o)
                0x08002ae4                nvic_sys_reset
 .text.rcc_dev_clk
                0x08002b00        0xc C:\Users\moseichuk\AppData\Local\Temp\VMBuilds\TestSerial\Arduino_STM32_genericSTM32F103Z\Release\core.a(rcc.c.o)
                0x08002b00                rcc_dev_clk
 .text.rcc_switch_sysclk
                0x08002b0c       0x20 C:\Users\moseichuk\AppData\Local\Temp\VMBuilds\TestSerial\Arduino_STM32_genericSTM32F103Z\Release\core.a(rcc.c.o)
                0x08002b0c                rcc_switch_sysclk
 .text.rcc_turn_on_clk
                0x08002b2c       0x1a C:\Users\moseichuk\AppData\Local\Temp\VMBuilds\TestSerial\Arduino_STM32_genericSTM32F103Z\Release\core.a(rcc.c.o)
                0x08002b2c                rcc_turn_on_clk
 .text.rcc_turn_off_clk
                0x08002b46       0x1c C:\Users\moseichuk\AppData\Local\Temp\VMBuilds\TestSerial\Arduino_STM32_genericSTM32F103Z\Release\core.a(rcc.c.o)
                0x08002b46                rcc_turn_off_clk
 .text.rcc_is_clk_ready
                0x08002b62       0x18 C:\Users\moseichuk\AppData\Local\Temp\VMBuilds\TestSerial\Arduino_STM32_genericSTM32F103Z\Release\core.a(rcc.c.o)
                0x08002b62                rcc_is_clk_ready
 *fill*         0x08002b7a        0x2 
 .text.rcc_configure_pll
                0x08002b7c       0x18 C:\Users\moseichuk\AppData\Local\Temp\VMBuilds\TestSerial\Arduino_STM32_genericSTM32F103Z\Release\core.a(rcc_f1.c.o)
                0x08002b7c                rcc_configure_pll
 .text.rcc_clk_enable
                0x08002b94       0x30 C:\Users\moseichuk\AppData\Local\Temp\VMBuilds\TestSerial\Arduino_STM32_genericSTM32F103Z\Release\core.a(rcc_f1.c.o)
                0x08002b94                rcc_clk_enable
 .text.rcc_reset_dev
                0x08002bc4       0x34 C:\Users\moseichuk\AppData\Local\Temp\VMBuilds\TestSerial\Arduino_STM32_genericSTM32F103Z\Release\core.a(rcc_f1.c.o)
                0x08002bc4                rcc_reset_dev
 .text.rcc_set_prescaler
                0x08002bf8       0x20 C:\Users\moseichuk\AppData\Local\Temp\VMBuilds\TestSerial\Arduino_STM32_genericSTM32F103Z\Release\core.a(rcc_f1.c.o)
                0x08002bf8                rcc_set_prescaler
 .text.rcc_clk_disable
                0x08002c18       0x30 C:\Users\moseichuk\AppData\Local\Temp\VMBuilds\TestSerial\Arduino_STM32_genericSTM32F103Z\Release\core.a(rcc_f1.c.o)
                0x08002c18                rcc_clk_disable
 .text.systick_init
                0x08002c48       0x10 C:\Users\moseichuk\AppData\Local\Temp\VMBuilds\TestSerial\Arduino_STM32_genericSTM32F103Z\Release\core.a(systick.c.o)
                0x08002c48                systick_init
 .text.__exc_systick
                0x08002c58       0x1c C:\Users\moseichuk\AppData\Local\Temp\VMBuilds\TestSerial\Arduino_STM32_genericSTM32F103Z\Release\core.a(systick.c.o)
                0x08002c58                __exc_systick
 .text.timer_foreach
                0x08002c74       0x48 C:\Users\moseichuk\AppData\Local\Temp\VMBuilds\TestSerial\Arduino_STM32_genericSTM32F103Z\Release\core.a(timer.c.o)
                0x08002c74                timer_foreach
 .text.timer_init
                0x08002cbc       0x14 C:\Users\moseichuk\AppData\Local\Temp\VMBuilds\TestSerial\Arduino_STM32_genericSTM32F103Z\Release\core.a(timer.c.o)
                0x08002cbc                timer_init
 .text.timer_has_cc_channel
                0x08002cd0       0x30 C:\Users\moseichuk\AppData\Local\Temp\VMBuilds\TestSerial\Arduino_STM32_genericSTM32F103Z\Release\core.a(timer.c.o)
                0x08002cd0                timer_has_cc_channel
 .text.__irq_tim1_brk
                0x08002d00       0x24 C:\Users\moseichuk\AppData\Local\Temp\VMBuilds\TestSerial\Arduino_STM32_genericSTM32F103Z\Release\core.a(timer.c.o)
                0x08002d00                __irq_tim1_brk
 .text.__irq_tim1_up
                0x08002d24       0x24 C:\Users\moseichuk\AppData\Local\Temp\VMBuilds\TestSerial\Arduino_STM32_genericSTM32F103Z\Release\core.a(timer.c.o)
                0x08002d24                __irq_tim1_up
 .text.__irq_tim1_trg_com
                0x08002d48       0x38 C:\Users\moseichuk\AppData\Local\Temp\VMBuilds\TestSerial\Arduino_STM32_genericSTM32F103Z\Release\core.a(timer.c.o)
                0x08002d48                __irq_tim1_trg_com
 .text.__irq_tim1_cc
                0x08002d80       0x54 C:\Users\moseichuk\AppData\Local\Temp\VMBuilds\TestSerial\Arduino_STM32_genericSTM32F103Z\Release\core.a(timer.c.o)
                0x08002d80                __irq_tim1_cc
 .text.__irq_tim2
                0x08002dd4       0x70 C:\Users\moseichuk\AppData\Local\Temp\VMBuilds\TestSerial\Arduino_STM32_genericSTM32F103Z\Release\core.a(timer.c.o)
                0x08002dd4                __irq_tim2
 .text.__irq_tim3
                0x08002e44       0x70 C:\Users\moseichuk\AppData\Local\Temp\VMBuilds\TestSerial\Arduino_STM32_genericSTM32F103Z\Release\core.a(timer.c.o)
                0x08002e44                __irq_tim3
 .text.__irq_tim4
                0x08002eb4       0x70 C:\Users\moseichuk\AppData\Local\Temp\VMBuilds\TestSerial\Arduino_STM32_genericSTM32F103Z\Release\core.a(timer.c.o)
                0x08002eb4                __irq_tim4
 .text.__irq_tim5
                0x08002f24       0x70 C:\Users\moseichuk\AppData\Local\Temp\VMBuilds\TestSerial\Arduino_STM32_genericSTM32F103Z\Release\core.a(timer.c.o)
                0x08002f24                __irq_tim5
 .text.__irq_tim6
                0x08002f94       0x24 C:\Users\moseichuk\AppData\Local\Temp\VMBuilds\TestSerial\Arduino_STM32_genericSTM32F103Z\Release\core.a(timer.c.o)
                0x08002f94                __irq_tim6
 .text.__irq_tim7
                0x08002fb8       0x24 C:\Users\moseichuk\AppData\Local\Temp\VMBuilds\TestSerial\Arduino_STM32_genericSTM32F103Z\Release\core.a(timer.c.o)
                0x08002fb8                __irq_tim7
 .text.__irq_tim8_brk
                0x08002fdc       0x24 C:\Users\moseichuk\AppData\Local\Temp\VMBuilds\TestSerial\Arduino_STM32_genericSTM32F103Z\Release\core.a(timer.c.o)
                0x08002fdc                __irq_tim8_brk
 .text.__irq_tim8_up
                0x08003000       0x24 C:\Users\moseichuk\AppData\Local\Temp\VMBuilds\TestSerial\Arduino_STM32_genericSTM32F103Z\Release\core.a(timer.c.o)
                0x08003000                __irq_tim8_up
 .text.__irq_tim8_trg_com
                0x08003024       0x38 C:\Users\moseichuk\AppData\Local\Temp\VMBuilds\TestSerial\Arduino_STM32_genericSTM32F103Z\Release\core.a(timer.c.o)
                0x08003024                __irq_tim8_trg_com
 .text.__irq_tim8_cc
                0x0800305c       0x54 C:\Users\moseichuk\AppData\Local\Temp\VMBuilds\TestSerial\Arduino_STM32_genericSTM32F103Z\Release\core.a(timer.c.o)
                0x0800305c                __irq_tim8_cc
 .text.rb_remove
                0x080030b0       0x24 C:\Users\moseichuk\AppData\Local\Temp\VMBuilds\TestSerial\Arduino_STM32_genericSTM32F103Z\Release\core.a(usart_f1.c.o)
 .text.rb_push_insert
                0x080030d4       0x52 C:\Users\moseichuk\AppData\Local\Temp\VMBuilds\TestSerial\Arduino_STM32_genericSTM32F103Z\Release\core.a(usart_f1.c.o)
 *fill*         0x08003126        0x2 
 .text.__irq_usart1
                0x08003128       0x54 C:\Users\moseichuk\AppData\Local\Temp\VMBuilds\TestSerial\Arduino_STM32_genericSTM32F103Z\Release\core.a(usart_f1.c.o)
                0x08003128                __irq_usart1
 .text.__irq_usart2
                0x0800317c       0x54 C:\Users\moseichuk\AppData\Local\Temp\VMBuilds\TestSerial\Arduino_STM32_genericSTM32F103Z\Release\core.a(usart_f1.c.o)
                0x0800317c                __irq_usart2
 .text.__irq_usart3
                0x080031d0       0x54 C:\Users\moseichuk\AppData\Local\Temp\VMBuilds\TestSerial\Arduino_STM32_genericSTM32F103Z\Release\core.a(usart_f1.c.o)
                0x080031d0                __irq_usart3
 .text.__irq_uart4
                0x08003224       0x54 C:\Users\moseichuk\AppData\Local\Temp\VMBuilds\TestSerial\Arduino_STM32_genericSTM32F103Z\Release\core.a(usart_f1.c.o)
                0x08003224                __irq_uart4
 .text.__irq_uart5
                0x08003278       0x54 C:\Users\moseichuk\AppData\Local\Temp\VMBuilds\TestSerial\Arduino_STM32_genericSTM32F103Z\Release\core.a(usart_f1.c.o)
                0x08003278                __irq_uart5
 .text.throb    0x080032cc       0x4c C:\Users\moseichuk\AppData\Local\Temp\VMBuilds\TestSerial\Arduino_STM32_genericSTM32F103Z\Release\core.a(util.c.o)
                0x080032cc                throb
 .text.__error  0x08003318       0x14 C:\Users\moseichuk\AppData\Local\Temp\VMBuilds\TestSerial\Arduino_STM32_genericSTM32F103Z\Release\core.a(util.c.o)
                0x08003318                __error
 .text.usb_resume
                0x0800332c       0xb4 C:\Users\moseichuk\AppData\Local\Temp\VMBuilds\TestSerial\Arduino_STM32_genericSTM32F103Z\Release\core.a(usb.c.o)
 .text.usb_init_usblib
                0x080033e0       0x48 C:\Users\moseichuk\AppData\Local\Temp\VMBuilds\TestSerial\Arduino_STM32_genericSTM32F103Z\Release\core.a(usb.c.o)
                0x080033e0                usb_init_usblib
 .text.__irq_usb_lp_can_rx0
                0x08003428      0x1c8 C:\Users\moseichuk\AppData\Local\Temp\VMBuilds\TestSerial\Arduino_STM32_genericSTM32F103Z\Release\core.a(usb.c.o)
                0x08003428                __irq_usb_lp_can_rx0
 .text.usb_set_ep_rx_stat
                0x080035f0       0x22 C:\Users\moseichuk\AppData\Local\Temp\VMBuilds\TestSerial\Arduino_STM32_genericSTM32F103Z\Release\core.a(usb_cdcacm.c.o)
 *fill*         0x08003612        0x2 
 .text.vcomGetSetLineCoding
                0x08003614       0x18 C:\Users\moseichuk\AppData\Local\Temp\VMBuilds\TestSerial\Arduino_STM32_genericSTM32F103Z\Release\core.a(usb_cdcacm.c.o)
 .text.usbDataSetup
                0x0800362c       0x54 C:\Users\moseichuk\AppData\Local\Temp\VMBuilds\TestSerial\Arduino_STM32_genericSTM32F103Z\Release\core.a(usb_cdcacm.c.o)
 .text.usbNoDataSetup
                0x08003680       0x50 C:\Users\moseichuk\AppData\Local\Temp\VMBuilds\TestSerial\Arduino_STM32_genericSTM32F103Z\Release\core.a(usb_cdcacm.c.o)
 .text.usbGetInterfaceSetting
                0x080036d0       0x10 C:\Users\moseichuk\AppData\Local\Temp\VMBuilds\TestSerial\Arduino_STM32_genericSTM32F103Z\Release\core.a(usb_cdcacm.c.o)
 .text.usbSetConfiguration
                0x080036e0       0x1c C:\Users\moseichuk\AppData\Local\Temp\VMBuilds\TestSerial\Arduino_STM32_genericSTM32F103Z\Release\core.a(usb_cdcacm.c.o)
 .text.usbSetDeviceAddress
                0x080036fc       0x10 C:\Users\moseichuk\AppData\Local\Temp\VMBuilds\TestSerial\Arduino_STM32_genericSTM32F103Z\Release\core.a(usb_cdcacm.c.o)
 .text.usbGetStringDescriptor
                0x0800370c       0x20 C:\Users\moseichuk\AppData\Local\Temp\VMBuilds\TestSerial\Arduino_STM32_genericSTM32F103Z\Release\core.a(usb_cdcacm.c.o)
 .text.usbGetConfigDescriptor
                0x0800372c        0xc C:\Users\moseichuk\AppData\Local\Temp\VMBuilds\TestSerial\Arduino_STM32_genericSTM32F103Z\Release\core.a(usb_cdcacm.c.o)
 .text.usbGetDeviceDescriptor
                0x08003738        0xc C:\Users\moseichuk\AppData\Local\Temp\VMBuilds\TestSerial\Arduino_STM32_genericSTM32F103Z\Release\core.a(usb_cdcacm.c.o)
 .text.usbInit  0x08003744       0x44 C:\Users\moseichuk\AppData\Local\Temp\VMBuilds\TestSerial\Arduino_STM32_genericSTM32F103Z\Release\core.a(usb_cdcacm.c.o)
 .text.vcomDataTxCb
                0x08003788       0xa0 C:\Users\moseichuk\AppData\Local\Temp\VMBuilds\TestSerial\Arduino_STM32_genericSTM32F103Z\Release\core.a(usb_cdcacm.c.o)
 .text.usbReset
                0x08003828      0x160 C:\Users\moseichuk\AppData\Local\Temp\VMBuilds\TestSerial\Arduino_STM32_genericSTM32F103Z\Release\core.a(usb_cdcacm.c.o)
 .text.vcomDataRxCb
                0x08003988       0x7c C:\Users\moseichuk\AppData\Local\Temp\VMBuilds\TestSerial\Arduino_STM32_genericSTM32F103Z\Release\core.a(usb_cdcacm.c.o)
 .text.usb_cdcacm_set_hooks
                0x08003a04       0x1c C:\Users\moseichuk\AppData\Local\Temp\VMBuilds\TestSerial\Arduino_STM32_genericSTM32F103Z\Release\core.a(usb_cdcacm.c.o)
                0x08003a04                usb_cdcacm_set_hooks
 .text.usb_cdcacm_enable
                0x08003a20       0x38 C:\Users\moseichuk\AppData\Local\Temp\VMBuilds\TestSerial\Arduino_STM32_genericSTM32F103Z\Release\core.a(usb_cdcacm.c.o)
                0x08003a20                usb_cdcacm_enable
 .text.usb_cdcacm_tx
                0x08003a58       0x60 C:\Users\moseichuk\AppData\Local\Temp\VMBuilds\TestSerial\Arduino_STM32_genericSTM32F103Z\Release\core.a(usb_cdcacm.c.o)
                0x08003a58                usb_cdcacm_tx
 .text.usb_cdcacm_data_available
                0x08003ab8       0x18 C:\Users\moseichuk\AppData\Local\Temp\VMBuilds\TestSerial\Arduino_STM32_genericSTM32F103Z\Release\core.a(usb_cdcacm.c.o)
                0x08003ab8                usb_cdcacm_data_available
 .text.usb_cdcacm_peek
                0x08003ad0       0x38 C:\Users\moseichuk\AppData\Local\Temp\VMBuilds\TestSerial\Arduino_STM32_genericSTM32F103Z\Release\core.a(usb_cdcacm.c.o)
                0x08003ad0                usb_cdcacm_peek
 .text.usb_cdcacm_rx
                0x08003b08       0x34 C:\Users\moseichuk\AppData\Local\Temp\VMBuilds\TestSerial\Arduino_STM32_genericSTM32F103Z\Release\core.a(usb_cdcacm.c.o)
                0x08003b08                usb_cdcacm_rx
 .text.usb_cdcacm_peek_ex
                0x08003b3c       0x40 C:\Users\moseichuk\AppData\Local\Temp\VMBuilds\TestSerial\Arduino_STM32_genericSTM32F103Z\Release\core.a(usb_cdcacm.c.o)
                0x08003b3c                usb_cdcacm_peek_ex
 .text.usb_cdcacm_get_dtr
                0x08003b7c       0x10 C:\Users\moseichuk\AppData\Local\Temp\VMBuilds\TestSerial\Arduino_STM32_genericSTM32F103Z\Release\core.a(usb_cdcacm.c.o)
                0x08003b7c                usb_cdcacm_get_dtr
 .text.usb_set_ep_rx_count
                0x08003b8c       0x40 C:\Users\moseichuk\AppData\Local\Temp\VMBuilds\TestSerial\Arduino_STM32_genericSTM32F103Z\Release\core.a(usb_reg_map.c.o)
                0x08003b8c                usb_set_ep_rx_count
 .text.Standard_GetConfiguration
                0x08003bcc       0x24 C:\Users\moseichuk\AppData\Local\Temp\VMBuilds\TestSerial\Arduino_STM32_genericSTM32F103Z\Release\core.a(usb_core.c.o)
                0x08003bcc                Standard_GetConfiguration
 .text.Standard_GetInterface
                0x08003bf0       0x24 C:\Users\moseichuk\AppData\Local\Temp\VMBuilds\TestSerial\Arduino_STM32_genericSTM32F103Z\Release\core.a(usb_core.c.o)
                0x08003bf0                Standard_GetInterface
 .text.Standard_GetStatus
                0x08003c14       0x90 C:\Users\moseichuk\AppData\Local\Temp\VMBuilds\TestSerial\Arduino_STM32_genericSTM32F103Z\Release\core.a(usb_core.c.o)
                0x08003c14                Standard_GetStatus
 .text.DataStageIn
                0x08003ca4       0xa8 C:\Users\moseichuk\AppData\Local\Temp\VMBuilds\TestSerial\Arduino_STM32_genericSTM32F103Z\Release\core.a(usb_core.c.o)
 .text.Standard_SetConfiguration
                0x08003d4c       0x38 C:\Users\moseichuk\AppData\Local\Temp\VMBuilds\TestSerial\Arduino_STM32_genericSTM32F103Z\Release\core.a(usb_core.c.o)
                0x08003d4c                Standard_SetConfiguration
 .text.Standard_SetInterface
                0x08003d84       0x48 C:\Users\moseichuk\AppData\Local\Temp\VMBuilds\TestSerial\Arduino_STM32_genericSTM32F103Z\Release\core.a(usb_core.c.o)
                0x08003d84                Standard_SetInterface
 .text.Standard_ClearFeature
                0x08003dcc       0xd0 C:\Users\moseichuk\AppData\Local\Temp\VMBuilds\TestSerial\Arduino_STM32_genericSTM32F103Z\Release\core.a(usb_core.c.o)
                0x08003dcc                Standard_ClearFeature
 .text.Standard_SetEndPointFeature
                0x08003e9c       0x84 C:\Users\moseichuk\AppData\Local\Temp\VMBuilds\TestSerial\Arduino_STM32_genericSTM32F103Z\Release\core.a(usb_core.c.o)
                0x08003e9c                Standard_SetEndPointFeature
 .text.Standard_SetDeviceFeature
                0x08003f20       0x24 C:\Users\moseichuk\AppData\Local\Temp\VMBuilds\TestSerial\Arduino_STM32_genericSTM32F103Z\Release\core.a(usb_core.c.o)
                0x08003f20                Standard_SetDeviceFeature
 .text.Standard_GetDescriptorData
                0x08003f44       0x1c C:\Users\moseichuk\AppData\Local\Temp\VMBuilds\TestSerial\Arduino_STM32_genericSTM32F103Z\Release\core.a(usb_core.c.o)
                0x08003f44                Standard_GetDescriptorData
 .text.Post0_Process
                0x08003f60       0x40 C:\Users\moseichuk\AppData\Local\Temp\VMBuilds\TestSerial\Arduino_STM32_genericSTM32F103Z\Release\core.a(usb_core.c.o)
                0x08003f60                Post0_Process
 .text.Setup0_Process
                0x08003fa0      0x2d0 C:\Users\moseichuk\AppData\Local\Temp\VMBuilds\TestSerial\Arduino_STM32_genericSTM32F103Z\Release\core.a(usb_core.c.o)
                0x08003fa0                Setup0_Process
 .text.Out0_Process
                0x08004270       0xc8 C:\Users\moseichuk\AppData\Local\Temp\VMBuilds\TestSerial\Arduino_STM32_genericSTM32F103Z\Release\core.a(usb_core.c.o)
                0x08004270                Out0_Process
 .text.SetDeviceAddress
                0x08004338       0x38 C:\Users\moseichuk\AppData\Local\Temp\VMBuilds\TestSerial\Arduino_STM32_genericSTM32F103Z\Release\core.a(usb_core.c.o)
                0x08004338                SetDeviceAddress
 .text.In0_Process
                0x08004370       0x5c C:\Users\moseichuk\AppData\Local\Temp\VMBuilds\TestSerial\Arduino_STM32_genericSTM32F103Z\Release\core.a(usb_core.c.o)
                0x08004370                In0_Process
 .text.NOP_Process
                0x080043cc        0x2 C:\Users\moseichuk\AppData\Local\Temp\VMBuilds\TestSerial\Arduino_STM32_genericSTM32F103Z\Release\core.a(usb_core.c.o)
                0x080043cc                NOP_Process
 .text.UserToPMABufferCopy
                0x080043ce       0x30 C:\Users\moseichuk\AppData\Local\Temp\VMBuilds\TestSerial\Arduino_STM32_genericSTM32F103Z\Release\core.a(usb_mem.c.o)
                0x080043ce                UserToPMABufferCopy
 .text.PMAToUserBufferCopy
                0x080043fe       0x24 C:\Users\moseichuk\AppData\Local\Temp\VMBuilds\TestSerial\Arduino_STM32_genericSTM32F103Z\Release\core.a(usb_mem.c.o)
                0x080043fe                PMAToUserBufferCopy
 .text.SetEPTxStatus
                0x08004422       0x2a C:\Users\moseichuk\AppData\Local\Temp\VMBuilds\TestSerial\Arduino_STM32_genericSTM32F103Z\Release\core.a(usb_regs.c.o)
                0x08004422                SetEPTxStatus
 .text.ClearDTOG_RX
                0x0800444c       0x20 C:\Users\moseichuk\AppData\Local\Temp\VMBuilds\TestSerial\Arduino_STM32_genericSTM32F103Z\Release\core.a(usb_regs.c.o)
                0x0800444c                ClearDTOG_RX
 .text.ClearDTOG_TX
                0x0800446c       0x20 C:\Users\moseichuk\AppData\Local\Temp\VMBuilds\TestSerial\Arduino_STM32_genericSTM32F103Z\Release\core.a(usb_regs.c.o)
                0x0800446c                ClearDTOG_TX
 .text.GetEPTxAddr
                0x0800448c       0x1c C:\Users\moseichuk\AppData\Local\Temp\VMBuilds\TestSerial\Arduino_STM32_genericSTM32F103Z\Release\core.a(usb_regs.c.o)
                0x0800448c                GetEPTxAddr
 .text.GetEPRxAddr
                0x080044a8       0x1c C:\Users\moseichuk\AppData\Local\Temp\VMBuilds\TestSerial\Arduino_STM32_genericSTM32F103Z\Release\core.a(usb_regs.c.o)
                0x080044a8                GetEPRxAddr
 .text.SetEPTxCount
                0x080044c4       0x1c C:\Users\moseichuk\AppData\Local\Temp\VMBuilds\TestSerial\Arduino_STM32_genericSTM32F103Z\Release\core.a(usb_regs.c.o)
                0x080044c4                SetEPTxCount
 .text.SetEPRxCount
                0x080044e0       0x40 C:\Users\moseichuk\AppData\Local\Temp\VMBuilds\TestSerial\Arduino_STM32_genericSTM32F103Z\Release\core.a(usb_regs.c.o)
                0x080044e0                SetEPRxCount
 .text._ZN14HardwareSerial4readEv
                0x08004520       0x4e C:\Users\moseichuk\AppData\Local\Temp\VMBuilds\TestSerial\Arduino_STM32_genericSTM32F103Z\Release\core.a(HardwareSerial.cpp.o)
                0x08004520                HardwareSerial::read()
 .text._ZN14HardwareSerial4peekEv
                0x0800456e       0x22 C:\Users\moseichuk\AppData\Local\Temp\VMBuilds\TestSerial\Arduino_STM32_genericSTM32F103Z\Release\core.a(HardwareSerial.cpp.o)
                0x0800456e                HardwareSerial::peek()
 .text._ZN14HardwareSerial5flushEv
                0x08004590       0x1a C:\Users\moseichuk\AppData\Local\Temp\VMBuilds\TestSerial\Arduino_STM32_genericSTM32F103Z\Release\core.a(HardwareSerial.cpp.o)
                0x08004590                HardwareSerial::flush()
 .text._ZN14HardwareSerial5writeEh
                0x080045aa       0x1e C:\Users\moseichuk\AppData\Local\Temp\VMBuilds\TestSerial\Arduino_STM32_genericSTM32F103Z\Release\core.a(HardwareSerial.cpp.o)
                0x080045aa                HardwareSerial::write(unsigned char)
 .text._ZN14HardwareSerial9availableEv
                0x080045c8       0x26 C:\Users\moseichuk\AppData\Local\Temp\VMBuilds\TestSerial\Arduino_STM32_genericSTM32F103Z\Release\core.a(HardwareSerial.cpp.o)
                0x080045c8                HardwareSerial::available()
 *fill*         0x080045ee        0x2 
 .text._ZN14HardwareSerialC2EP9usart_devhh
                0x080045f0       0x1c C:\Users\moseichuk\AppData\Local\Temp\VMBuilds\TestSerial\Arduino_STM32_genericSTM32F103Z\Release\core.a(HardwareSerial.cpp.o)
                0x080045f0                HardwareSerial::HardwareSerial(usart_dev*, unsigned char, unsigned char)
                0x080045f0                HardwareSerial::HardwareSerial(usart_dev*, unsigned char, unsigned char)
 .text.startup._Z7premainv
                0x0800460c        0x4 C:\Users\moseichuk\AppData\Local\Temp\VMBuilds\TestSerial\Arduino_STM32_genericSTM32F103Z\Release\core.a(main.cpp.o)
                0x0800460c                premain()
 .text.startup.main
                0x08004610        0xc C:\Users\moseichuk\AppData\Local\Temp\VMBuilds\TestSerial\Arduino_STM32_genericSTM32F103Z\Release\core.a(main.cpp.o)
                0x08004610                main
 .text._ZN5Print5writeEPKvm
                0x0800461c       0x20 C:\Users\moseichuk\AppData\Local\Temp\VMBuilds\TestSerial\Arduino_STM32_genericSTM32F103Z\Release\core.a(Print.cpp.o)
                0x0800461c                Print::write(void const*, unsigned long)
 .text._ZN5Print5writeEPKc
                0x0800463c       0x1e C:\Users\moseichuk\AppData\Local\Temp\VMBuilds\TestSerial\Arduino_STM32_genericSTM32F103Z\Release\core.a(Print.cpp.o)
                0x0800463c                Print::write(char const*)
 .text._ZN5Print5printEc
                0x0800465a        0xa C:\Users\moseichuk\AppData\Local\Temp\VMBuilds\TestSerial\Arduino_STM32_genericSTM32F103Z\Release\core.a(Print.cpp.o)
                0x0800465a                Print::print(char)
 .text._ZN5Print5printEPKc
                0x08004664        0xa C:\Users\moseichuk\AppData\Local\Temp\VMBuilds\TestSerial\Arduino_STM32_genericSTM32F103Z\Release\core.a(Print.cpp.o)
                0x08004664                Print::print(char const*)
 .text._ZN5Print7printlnEv
                0x0800466e       0x18 C:\Users\moseichuk\AppData\Local\Temp\VMBuilds\TestSerial\Arduino_STM32_genericSTM32F103Z\Release\core.a(Print.cpp.o)
                0x0800466e                Print::println()
 .text._ZN5Print7printlnEPKc
                0x08004686       0x14 C:\Users\moseichuk\AppData\Local\Temp\VMBuilds\TestSerial\Arduino_STM32_genericSTM32F103Z\Release\core.a(Print.cpp.o)
                0x08004686                Print::println(char const*)
 .text._ZN5Print11printNumberEyh
                0x0800469a       0x84 C:\Users\moseichuk\AppData\Local\Temp\VMBuilds\TestSerial\Arduino_STM32_genericSTM32F103Z\Release\core.a(Print.cpp.o)
                0x0800469a                Print::printNumber(unsigned long long, unsigned char)
 .text._ZN5Print5printExi
                0x0800471e       0x32 C:\Users\moseichuk\AppData\Local\Temp\VMBuilds\TestSerial\Arduino_STM32_genericSTM32F103Z\Release\core.a(Print.cpp.o)
                0x0800471e                Print::print(long long, int)
 .text._ZN5Print5printEii
                0x08004750       0x12 C:\Users\moseichuk\AppData\Local\Temp\VMBuilds\TestSerial\Arduino_STM32_genericSTM32F103Z\Release\core.a(Print.cpp.o)
                0x08004750                Print::print(int, int)
 .text._ZN5Print7printlnEii
                0x08004762       0x14 C:\Users\moseichuk\AppData\Local\Temp\VMBuilds\TestSerial\Arduino_STM32_genericSTM32F103Z\Release\core.a(Print.cpp.o)
                0x08004762                Print::println(int, int)
 .text._ZN9USBSerial9availableEv
                0x08004776        0x4 C:\Users\moseichuk\AppData\Local\Temp\VMBuilds\TestSerial\Arduino_STM32_genericSTM32F103Z\Release\core.a(usb_serial.cpp.o)
                0x08004776                USBSerial::available()
 .text._ZN9USBSerial4peekEv
                0x0800477a       0x1e C:\Users\moseichuk\AppData\Local\Temp\VMBuilds\TestSerial\Arduino_STM32_genericSTM32F103Z\Release\core.a(usb_serial.cpp.o)
                0x0800477a                USBSerial::peek()
 .text._ZN9USBSerial4readEv
                0x08004798       0x1e C:\Users\moseichuk\AppData\Local\Temp\VMBuilds\TestSerial\Arduino_STM32_genericSTM32F103Z\Release\core.a(usb_serial.cpp.o)
                0x08004798                USBSerial::read()
 *fill*         0x080047b6        0x2 
 .text._ZL14ifaceSetupHookjPv
                0x080047b8       0x38 C:\Users\moseichuk\AppData\Local\Temp\VMBuilds\TestSerial\Arduino_STM32_genericSTM32F103Z\Release\core.a(usb_serial.cpp.o)
 .text._ZL6rxHookjPv
                0x080047f0       0xa0 C:\Users\moseichuk\AppData\Local\Temp\VMBuilds\TestSerial\Arduino_STM32_genericSTM32F103Z\Release\core.a(usb_serial.cpp.o)
 .text._ZL10wait_resetv
                0x08004890       0x10 C:\Users\moseichuk\AppData\Local\Temp\VMBuilds\TestSerial\Arduino_STM32_genericSTM32F103Z\Release\core.a(usb_serial.cpp.o)
 .text._ZN9USBSerialC2Ev
                0x080048a0       0x14 C:\Users\moseichuk\AppData\Local\Temp\VMBuilds\TestSerial\Arduino_STM32_genericSTM32F103Z\Release\core.a(usb_serial.cpp.o)
                0x080048a0                USBSerial::USBSerial()
                0x080048a0                USBSerial::USBSerial()
 .text._ZN9USBSerial5beginEv
                0x080048b4       0x3c C:\Users\moseichuk\AppData\Local\Temp\VMBuilds\TestSerial\Arduino_STM32_genericSTM32F103Z\Release\core.a(usb_serial.cpp.o)
                0x080048b4                USBSerial::begin()
 .text._ZN9USBSerial5beginEm
                0x080048f0       0x10 C:\Users\moseichuk\AppData\Local\Temp\VMBuilds\TestSerial\Arduino_STM32_genericSTM32F103Z\Release\core.a(usb_serial.cpp.o)
                0x080048f0                USBSerial::begin(unsigned long)
 .text._ZN9USBSerial4readEPhm
                0x08004900       0x1c C:\Users\moseichuk\AppData\Local\Temp\VMBuilds\TestSerial\Arduino_STM32_genericSTM32F103Z\Release\core.a(usb_serial.cpp.o)
                0x08004900                USBSerial::read(unsigned char*, unsigned long)
 .text._ZN9USBSerial5flushEv
                0x0800491c       0x1c C:\Users\moseichuk\AppData\Local\Temp\VMBuilds\TestSerial\Arduino_STM32_genericSTM32F103Z\Release\core.a(usb_serial.cpp.o)
                0x0800491c                USBSerial::flush()
 .text._ZN9USBSerialcvbEv
                0x08004938       0x20 C:\Users\moseichuk\AppData\Local\Temp\VMBuilds\TestSerial\Arduino_STM32_genericSTM32F103Z\Release\core.a(usb_serial.cpp.o)
                0x08004938                USBSerial::operator bool()
 .text._ZN9USBSerial5writeEPKhm
                0x08004958       0x24 C:\Users\moseichuk\AppData\Local\Temp\VMBuilds\TestSerial\Arduino_STM32_genericSTM32F103Z\Release\core.a(usb_serial.cpp.o)
                0x08004958                USBSerial::write(unsigned char const*, unsigned long)
 .text._ZN9USBSerial5writeEh
                0x0800497c       0x18 C:\Users\moseichuk\AppData\Local\Temp\VMBuilds\TestSerial\Arduino_STM32_genericSTM32F103Z\Release\core.a(usb_serial.cpp.o)
                0x0800497c                USBSerial::write(unsigned char)
 .text._ZN9USBSerial5writeEPKc
                0x08004994       0x1a C:\Users\moseichuk\AppData\Local\Temp\VMBuilds\TestSerial\Arduino_STM32_genericSTM32F103Z\Release\core.a(usb_serial.cpp.o)
                0x08004994                USBSerial::write(char const*)
 *fill*         0x080049ae        0x2 
 .text.startup._GLOBAL__sub_I__ZN9USBSerial9_hasBegunE
                0x080049b0        0xc C:\Users\moseichuk\AppData\Local\Temp\VMBuilds\TestSerial\Arduino_STM32_genericSTM32F103Z\Release\core.a(usb_serial.cpp.o)
 .text.data_register
                0x080049bc       0x28 C:\Users\moseichuk\AppData\Local\Temp\VMBuilds\TestSerial\Arduino_STM32_genericSTM32F103Z\Release\core.a(bkp_f1.c.o)
 .text.bkp_init
                0x080049e4       0x18 C:\Users\moseichuk\AppData\Local\Temp\VMBuilds\TestSerial\Arduino_STM32_genericSTM32F103Z\Release\core.a(bkp_f1.c.o)
                0x080049e4                bkp_init
 .text.bkp_enable_writes
                0x080049fc        0xc C:\Users\moseichuk\AppData\Local\Temp\VMBuilds\TestSerial\Arduino_STM32_genericSTM32F103Z\Release\core.a(bkp_f1.c.o)
                0x080049fc                bkp_enable_writes
 .text.bkp_disable_writes
                0x08004a08        0xc C:\Users\moseichuk\AppData\Local\Temp\VMBuilds\TestSerial\Arduino_STM32_genericSTM32F103Z\Release\core.a(bkp_f1.c.o)
                0x08004a08                bkp_disable_writes
 .text.bkp_write
                0x08004a14        0xe C:\Users\moseichuk\AppData\Local\Temp\VMBuilds\TestSerial\Arduino_STM32_genericSTM32F103Z\Release\core.a(bkp_f1.c.o)
                0x08004a14                bkp_write
 .text.gpio_init
                0x08004a22       0x14 C:\Users\moseichuk\AppData\Local\Temp\VMBuilds\TestSerial\Arduino_STM32_genericSTM32F103Z\Release\core.a(gpio.c.o)
                0x08004a22                gpio_init
 .text.i2c_start_condition
                0x08004a36       0x14 C:\Users\moseichuk\AppData\Local\Temp\VMBuilds\TestSerial\Arduino_STM32_genericSTM32F103Z\Release\core.a(i2c.c.o)
 .text.i2c_stop_condition
                0x08004a4a       0x1c C:\Users\moseichuk\AppData\Local\Temp\VMBuilds\TestSerial\Arduino_STM32_genericSTM32F103Z\Release\core.a(i2c.c.o)
 *fill*         0x08004a66        0x2 
 .text._i2c_irq_handler
                0x08004a68      0x16c C:\Users\moseichuk\AppData\Local\Temp\VMBuilds\TestSerial\Arduino_STM32_genericSTM32F103Z\Release\core.a(i2c.c.o)
                0x08004a68                _i2c_irq_handler
 .text._i2c_irq_error_handler
                0x08004bd4       0x2a C:\Users\moseichuk\AppData\Local\Temp\VMBuilds\TestSerial\Arduino_STM32_genericSTM32F103Z\Release\core.a(i2c.c.o)
                0x08004bd4                _i2c_irq_error_handler
 .text.usart_tx
                0x08004bfe       0x9c C:\Users\moseichuk\AppData\Local\Temp\VMBuilds\TestSerial\Arduino_STM32_genericSTM32F103Z\Release\core.a(usart.c.o)
                0x08004bfe                usart_tx
 *fill*         0x08004c9a        0x2 
 .text          0x08004c9c       0x2c c:/users/moseichuk/appdata/local/arduino15/packages/arduino/tools/arm-none-eabi-gcc/4.8.3-2014q1/bin/../lib/gcc/arm-none-eabi/4.8.3/armv7-m\libgcc.a(_aeabi_uldivmod.o)
                0x08004c9c                __aeabi_uldivmod
 .text          0x08004cc8       0x60 c:/users/moseichuk/appdata/local/arduino15/packages/arduino/tools/arm-none-eabi-gcc/4.8.3-2014q1/bin/../lib/gcc/arm-none-eabi/4.8.3/armv7-m\libgcc.a(bpabi.o)
                0x08004cc8                __gnu_ldivmod_helper
                0x08004cf8                __gnu_uldivmod_helper
 .text          0x08004d28        0x4 c:/users/moseichuk/appdata/local/arduino15/packages/arduino/tools/arm-none-eabi-gcc/4.8.3-2014q1/bin/../lib/gcc/arm-none-eabi/4.8.3/armv7-m\libgcc.a(_dvmd_tls.o)
                0x08004d28                __aeabi_idiv0
                0x08004d28                __aeabi_ldiv0
 .text          0x08004d2c      0x2a0 c:/users/moseichuk/appdata/local/arduino15/packages/arduino/tools/arm-none-eabi-gcc/4.8.3-2014q1/bin/../lib/gcc/arm-none-eabi/4.8.3/armv7-m\libgcc.a(_divdi3.o)
                0x08004d2c                __divdi3
 .text          0x08004fcc      0x290 c:/users/moseichuk/appdata/local/arduino15/packages/arduino/tools/arm-none-eabi-gcc/4.8.3-2014q1/bin/../lib/gcc/arm-none-eabi/4.8.3/armv7-m\libgcc.a(_udivdi3.o)
                0x08004fcc                __udivdi3
 .text.exit     0x0800525c       0x20 c:/users/moseichuk/appdata/local/arduino15/packages/arduino/tools/arm-none-eabi-gcc/4.8.3-2014q1/bin/../lib/gcc/arm-none-eabi/4.8.3/../../../../arm-none-eabi/lib/armv7-m\libc.a(lib_a-exit.o)
                0x0800525c                exit
 .text.__libc_init_array
                0x0800527c       0x50 c:/users/moseichuk/appdata/local/arduino15/packages/arduino/tools/arm-none-eabi-gcc/4.8.3-2014q1/bin/../lib/gcc/arm-none-eabi/4.8.3/../../../../arm-none-eabi/lib/armv7-m\libc.a(lib_a-init.o)
                0x0800527c                __libc_init_array
 .text.strlen   0x080052cc       0x60 c:/users/moseichuk/appdata/local/arduino15/packages/arduino/tools/arm-none-eabi-gcc/4.8.3-2014q1/bin/../lib/gcc/arm-none-eabi/4.8.3/../../../../arm-none-eabi/lib/armv7-m\libc.a(lib_a-strlen.o)
                0x080052cc                strlen
 .text.startup.register_fini
                0x0800532c       0x14 c:/users/moseichuk/appdata/local/arduino15/packages/arduino/tools/arm-none-eabi-gcc/4.8.3-2014q1/bin/../lib/gcc/arm-none-eabi/4.8.3/../../../../arm-none-eabi/lib/armv7-m\libc.a(lib_a-__call_atexit.o)
 .text.__call_exitprocs
                0x08005340       0xf0 c:/users/moseichuk/appdata/local/arduino15/packages/arduino/tools/arm-none-eabi-gcc/4.8.3-2014q1/bin/../lib/gcc/arm-none-eabi/4.8.3/../../../../arm-none-eabi/lib/armv7-m\libc.a(lib_a-__call_atexit.o)
                0x08005340                __call_exitprocs
 .text.atexit   0x08005430        0xc c:/users/moseichuk/appdata/local/arduino15/packages/arduino/tools/arm-none-eabi-gcc/4.8.3-2014q1/bin/../lib/gcc/arm-none-eabi/4.8.3/../../../../arm-none-eabi/lib/armv7-m\libc.a(lib_a-atexit.o)
                0x08005430                atexit
 .text.__libc_fini_array
                0x0800543c       0x30 c:/users/moseichuk/appdata/local/arduino15/packages/arduino/tools/arm-none-eabi-gcc/4.8.3-2014q1/bin/../lib/gcc/arm-none-eabi/4.8.3/../../../../arm-none-eabi/lib/armv7-m\libc.a(lib_a-fini.o)
                0x0800543c                __libc_fini_array
 .text.__register_exitproc
                0x0800546c       0xa8 c:/users/moseichuk/appdata/local/arduino15/packages/arduino/tools/arm-none-eabi-gcc/4.8.3-2014q1/bin/../lib/gcc/arm-none-eabi/4.8.3/../../../../arm-none-eabi/lib/armv7-m\libc.a(lib_a-__atexit.o)
                0x0800546c                __register_exitproc
 *(.plt)
 *(.gnu.warning)
 *(.glue_7t)
 .glue_7t       0x00000000        0x0 linker stubs
 *(.glue_7)
 .glue_7        0x00000000        0x0 linker stubs
 *(.vfp11_veneer)
 .vfp11_veneer  0x00000000        0x0 linker stubs
 *(.ARM.extab* .gnu.linkonce.armextab.*)
 *(.gcc_except_table)
 *(.eh_frame_hdr)
 *(.eh_frame)
 .eh_frame      0x08005514        0x0 c:/users/moseichuk/appdata/local/arduino15/packages/arduino/tools/arm-none-eabi-gcc/4.8.3-2014q1/bin/../lib/gcc/arm-none-eabi/4.8.3/armv7-m/crtbegin.o
                0x08005514                . = ALIGN (0x4)
 *(.init)
 .init          0x08005514        0x4 c:/users/moseichuk/appdata/local/arduino15/packages/arduino/tools/arm-none-eabi-gcc/4.8.3-2014q1/bin/../lib/gcc/arm-none-eabi/4.8.3/armv7-m/crti.o
                0x08005514                _init
 .init          0x08005518        0x8 c:/users/moseichuk/appdata/local/arduino15/packages/arduino/tools/arm-none-eabi-gcc/4.8.3-2014q1/bin/../lib/gcc/arm-none-eabi/4.8.3/armv7-m/crtn.o
                0x08005520                . = ALIGN (0x4)
                0x08005520                __preinit_array_start = .
 *(.preinit_array)
                0x08005520                __preinit_array_end = .
                0x08005520                . = ALIGN (0x4)
                0x08005520                __init_array_start = .
 *(SORT(.init_array.*))
 .init_array.00000
                0x08005520        0x4 c:/users/moseichuk/appdata/local/arduino15/packages/arduino/tools/arm-none-eabi-gcc/4.8.3-2014q1/bin/../lib/gcc/arm-none-eabi/4.8.3/../../../../arm-none-eabi/lib/armv7-m\libc.a(lib_a-__call_atexit.o)
 .init_array.00101
                0x08005524        0x4 C:\Users\moseichuk\AppData\Local\Temp\VMBuilds\TestSerial\Arduino_STM32_genericSTM32F103Z\Release\core.a(main.cpp.o)
 *(.init_array)
 .init_array    0x08005528        0x4 c:/users/moseichuk/appdata/local/arduino15/packages/arduino/tools/arm-none-eabi-gcc/4.8.3-2014q1/bin/../lib/gcc/arm-none-eabi/4.8.3/armv7-m/crtbegin.o
 .init_array    0x0800552c        0x4 C:\Users\moseichuk\AppData\Local\Temp\VMBuilds\TestSerial\Arduino_STM32_genericSTM32F103Z\Release\variant\board.cpp.o
 .init_array    0x08005530        0x4 C:\Users\moseichuk\AppData\Local\Temp\VMBuilds\TestSerial\Arduino_STM32_genericSTM32F103Z\Release\core.a(usb_serial.cpp.o)
                0x08005534                __init_array_end = .
                0x08005534                . = ALIGN (0x4)
 *crtbegin.o(.ctors)
 *(EXCLUDE_FILE(*crtend.o) .ctors)
 *(SORT(.ctors.*))
 *crtend.o(.ctors)
                0x08005534                . = ALIGN (0x4)
 *(.fini)
 .fini          0x08005534        0x4 c:/users/moseichuk/appdata/local/arduino15/packages/arduino/tools/arm-none-eabi-gcc/4.8.3-2014q1/bin/../lib/gcc/arm-none-eabi/4.8.3/armv7-m/crti.o
                0x08005534                _fini
 .fini          0x08005538        0x8 c:/users/moseichuk/appdata/local/arduino15/packages/arduino/tools/arm-none-eabi-gcc/4.8.3-2014q1/bin/../lib/gcc/arm-none-eabi/4.8.3/armv7-m/crtn.o
                0x08005540                . = ALIGN (0x4)
                0x08005540                __fini_array_start = .
 *(.fini_array)
 .fini_array    0x08005540        0x4 c:/users/moseichuk/appdata/local/arduino15/packages/arduino/tools/arm-none-eabi-gcc/4.8.3-2014q1/bin/../lib/gcc/arm-none-eabi/4.8.3/armv7-m/crtbegin.o
 *(SORT(.fini_array.*))
                0x08005544                __fini_array_end = .
 *crtbegin.o(.dtors)
 *(EXCLUDE_FILE(*crtend.o) .dtors)
 *(SORT(.dtors.*))
 *crtend.o(.dtors)

.v4_bx          0x08005544        0x0
 .v4_bx         0x00000000        0x0 linker stubs

.iplt           0x08005544        0x0
 .iplt          0x00000000        0x0 c:/users/moseichuk/appdata/local/arduino15/packages/arduino/tools/arm-none-eabi-gcc/4.8.3-2014q1/bin/../lib/gcc/arm-none-eabi/4.8.3/armv7-m/crtbegin.o

.text.align     0x08005544        0x4
                0x08005548                . = ALIGN (0x8)
 *fill*         0x08005544        0x4 
                0x08005548                __text_end__ = .
                0x08005548                __exidx_start = .

.ARM.exidx      0x08005548        0x8
 *(.ARM.exidx* .gnu.linkonce.armexidx.*)
 .ARM.exidx     0x08005548        0x8 C:\Users\moseichuk\AppData\Local\Temp\VMBuilds\TestSerial\Arduino_STM32_genericSTM32F103Z\Release\variant\start.S.o
 .ARM.exidx     0x08005550        0x0 c:/users/moseichuk/appdata/local/arduino15/packages/arduino/tools/arm-none-eabi-gcc/4.8.3-2014q1/bin/../lib/gcc/arm-none-eabi/4.8.3/armv7-m\libgcc.a(_divdi3.o)
                                  0x8 (size before relaxing)
 .ARM.exidx     0x08005550        0x0 c:/users/moseichuk/appdata/local/arduino15/packages/arduino/tools/arm-none-eabi-gcc/4.8.3-2014q1/bin/../lib/gcc/arm-none-eabi/4.8.3/armv7-m\libgcc.a(_udivdi3.o)
                                  0x8 (size before relaxing)
                0x08005550                __exidx_end = .

.data           0x20000000      0xa68 load address 0x08005550
                0x20000000                __data_start__ = .
                0x20000000        0x4 LONG 0x0
                0x20000008                . = ALIGN (0x8)
 *fill*         0x20000004        0x4 
 *(.got.plt)
 *(.got)
 *(.data .data.* .gnu.linkonce.d.*)
 .data.thisByte
                0x20000008        0x4 C:\Users\moseichuk\AppData\Local\Temp\VMBuilds\TestSerial\Arduino_STM32_genericSTM32F103Z\Release\TestSerial.cpp.o
                0x20000008                thisByte
 .data._ZN6wirish4privL8pll_dataE
                0x2000000c        0x4 C:\Users\moseichuk\AppData\Local\Temp\VMBuilds\TestSerial\Arduino_STM32_genericSTM32F103Z\Release\variant\boards_setup.cpp.o
 .data._ZN6wirish4priv9w_adc_smpE
                0x20000010        0x1 C:\Users\moseichuk\AppData\Local\Temp\VMBuilds\TestSerial\Arduino_STM32_genericSTM32F103Z\Release\variant\boards_setup.cpp.o
                0x20000010                wirish::priv::w_adc_smp
 *fill*         0x20000011        0x1 
 .data._ZN6wirish4priv9w_adc_preE
                0x20000012        0x2 C:\Users\moseichuk\AppData\Local\Temp\VMBuilds\TestSerial\Arduino_STM32_genericSTM32F103Z\Release\variant\boards_setup.cpp.o
                0x20000012                wirish::priv::w_adc_pre
 .data._ZN6wirish4priv15w_board_pll_cfgE
                0x20000014        0x8 C:\Users\moseichuk\AppData\Local\Temp\VMBuilds\TestSerial\Arduino_STM32_genericSTM32F103Z\Release\variant\boards_setup.cpp.o
                0x20000014                wirish::priv::w_board_pll_cfg
 .data.adc2     0x2000001c        0x8 C:\Users\moseichuk\AppData\Local\Temp\VMBuilds\TestSerial\Arduino_STM32_genericSTM32F103Z\Release\core.a(adc_f1.c.o)
                0x2000001c                adc2
 .data.adc3     0x20000024       0x18 C:\Users\moseichuk\AppData\Local\Temp\VMBuilds\TestSerial\Arduino_STM32_genericSTM32F103Z\Release\core.a(adc_f1.c.o)
                0x20000024                adc3
 .data.adc1     0x2000003c       0x18 C:\Users\moseichuk\AppData\Local\Temp\VMBuilds\TestSerial\Arduino_STM32_genericSTM32F103Z\Release\core.a(adc_f1.c.o)
                0x2000003c                adc1
 .data.ADC2     0x20000054        0x4 C:\Users\moseichuk\AppData\Local\Temp\VMBuilds\TestSerial\Arduino_STM32_genericSTM32F103Z\Release\core.a(adc_f1.c.o)
                0x20000054                ADC2
 .data.ADC1     0x20000058        0x4 C:\Users\moseichuk\AppData\Local\Temp\VMBuilds\TestSerial\Arduino_STM32_genericSTM32F103Z\Release\core.a(adc_f1.c.o)
                0x20000058                ADC1
 .data.ADC3     0x2000005c        0x4 C:\Users\moseichuk\AppData\Local\Temp\VMBuilds\TestSerial\Arduino_STM32_genericSTM32F103Z\Release\core.a(adc_f1.c.o)
                0x2000005c                ADC3
 .data.dma1     0x20000060       0x40 C:\Users\moseichuk\AppData\Local\Temp\VMBuilds\TestSerial\Arduino_STM32_genericSTM32F103Z\Release\core.a(dma_f1.c.o)
 .data.dma2     0x200000a0       0x30 C:\Users\moseichuk\AppData\Local\Temp\VMBuilds\TestSerial\Arduino_STM32_genericSTM32F103Z\Release\core.a(dma_f1.c.o)
 .data.DMA1     0x200000d0        0x4 C:\Users\moseichuk\AppData\Local\Temp\VMBuilds\TestSerial\Arduino_STM32_genericSTM32F103Z\Release\core.a(dma_f1.c.o)
                0x200000d0                DMA1
 .data.DMA2     0x200000d4        0x4 C:\Users\moseichuk\AppData\Local\Temp\VMBuilds\TestSerial\Arduino_STM32_genericSTM32F103Z\Release\core.a(dma_f1.c.o)
                0x200000d4                DMA2
 .data.gpioa    0x200000d8        0x8 C:\Users\moseichuk\AppData\Local\Temp\VMBuilds\TestSerial\Arduino_STM32_genericSTM32F103Z\Release\core.a(gpio_f1.c.o)
                0x200000d8                gpioa
 .data.gpiob    0x200000e0        0x8 C:\Users\moseichuk\AppData\Local\Temp\VMBuilds\TestSerial\Arduino_STM32_genericSTM32F103Z\Release\core.a(gpio_f1.c.o)
                0x200000e0                gpiob
 .data.gpioc    0x200000e8        0x8 C:\Users\moseichuk\AppData\Local\Temp\VMBuilds\TestSerial\Arduino_STM32_genericSTM32F103Z\Release\core.a(gpio_f1.c.o)
                0x200000e8                gpioc
 .data.gpiod    0x200000f0        0x8 C:\Users\moseichuk\AppData\Local\Temp\VMBuilds\TestSerial\Arduino_STM32_genericSTM32F103Z\Release\core.a(gpio_f1.c.o)
                0x200000f0                gpiod
 .data.gpioe    0x200000f8        0x8 C:\Users\moseichuk\AppData\Local\Temp\VMBuilds\TestSerial\Arduino_STM32_genericSTM32F103Z\Release\core.a(gpio_f1.c.o)
                0x200000f8                gpioe
 .data.gpiof    0x20000100        0x8 C:\Users\moseichuk\AppData\Local\Temp\VMBuilds\TestSerial\Arduino_STM32_genericSTM32F103Z\Release\core.a(gpio_f1.c.o)
                0x20000100                gpiof
 .data.gpiog    0x20000108        0x8 C:\Users\moseichuk\AppData\Local\Temp\VMBuilds\TestSerial\Arduino_STM32_genericSTM32F103Z\Release\core.a(gpio_f1.c.o)
                0x20000108                gpiog
 .data.i2c1     0x20000110       0x24 C:\Users\moseichuk\AppData\Local\Temp\VMBuilds\TestSerial\Arduino_STM32_genericSTM32F103Z\Release\core.a(i2c_f1.c.o)
 .data.i2c2     0x20000134       0x24 C:\Users\moseichuk\AppData\Local\Temp\VMBuilds\TestSerial\Arduino_STM32_genericSTM32F103Z\Release\core.a(i2c_f1.c.o)
 .data.enable_regs.4411
                0x20000158        0xc C:\Users\moseichuk\AppData\Local\Temp\VMBuilds\TestSerial\Arduino_STM32_genericSTM32F103Z\Release\core.a(rcc_f1.c.o)
 .data.reset_regs.4415
                0x20000164        0x8 C:\Users\moseichuk\AppData\Local\Temp\VMBuilds\TestSerial\Arduino_STM32_genericSTM32F103Z\Release\core.a(rcc_f1.c.o)
 .data.enable_regs.4424
                0x2000016c        0xc C:\Users\moseichuk\AppData\Local\Temp\VMBuilds\TestSerial\Arduino_STM32_genericSTM32F103Z\Release\core.a(rcc_f1.c.o)
 .data.timer3   0x20000178       0x24 C:\Users\moseichuk\AppData\Local\Temp\VMBuilds\TestSerial\Arduino_STM32_genericSTM32F103Z\Release\core.a(timer.c.o)
                0x20000178                timer3
 .data.timer4   0x2000019c       0x24 C:\Users\moseichuk\AppData\Local\Temp\VMBuilds\TestSerial\Arduino_STM32_genericSTM32F103Z\Release\core.a(timer.c.o)
                0x2000019c                timer4
 .data.timer5   0x200001c0       0x24 C:\Users\moseichuk\AppData\Local\Temp\VMBuilds\TestSerial\Arduino_STM32_genericSTM32F103Z\Release\core.a(timer.c.o)
                0x200001c0                timer5
 .data.timer6   0x200001e4        0xc C:\Users\moseichuk\AppData\Local\Temp\VMBuilds\TestSerial\Arduino_STM32_genericSTM32F103Z\Release\core.a(timer.c.o)
                0x200001e4                timer6
 .data.timer7   0x200001f0        0xc C:\Users\moseichuk\AppData\Local\Temp\VMBuilds\TestSerial\Arduino_STM32_genericSTM32F103Z\Release\core.a(timer.c.o)
                0x200001f0                timer7
 .data.timer8   0x200001fc       0x28 C:\Users\moseichuk\AppData\Local\Temp\VMBuilds\TestSerial\Arduino_STM32_genericSTM32F103Z\Release\core.a(timer.c.o)
                0x200001fc                timer8
 .data.timer1   0x20000224       0x28 C:\Users\moseichuk\AppData\Local\Temp\VMBuilds\TestSerial\Arduino_STM32_genericSTM32F103Z\Release\core.a(timer.c.o)
                0x20000224                timer1
 .data.timer2   0x2000024c       0x24 C:\Users\moseichuk\AppData\Local\Temp\VMBuilds\TestSerial\Arduino_STM32_genericSTM32F103Z\Release\core.a(timer.c.o)
                0x2000024c                timer2
 .data.USART1   0x20000270        0x4 C:\Users\moseichuk\AppData\Local\Temp\VMBuilds\TestSerial\Arduino_STM32_genericSTM32F103Z\Release\core.a(usart_f1.c.o)
                0x20000270                USART1
 .data.USART2   0x20000274        0x4 C:\Users\moseichuk\AppData\Local\Temp\VMBuilds\TestSerial\Arduino_STM32_genericSTM32F103Z\Release\core.a(usart_f1.c.o)
                0x20000274                USART2
 .data.USART3   0x20000278        0x4 C:\Users\moseichuk\AppData\Local\Temp\VMBuilds\TestSerial\Arduino_STM32_genericSTM32F103Z\Release\core.a(usart_f1.c.o)
                0x20000278                USART3
 .data.usart3   0x2000027c       0x94 C:\Users\moseichuk\AppData\Local\Temp\VMBuilds\TestSerial\Arduino_STM32_genericSTM32F103Z\Release\core.a(usart_f1.c.o)
 .data.usart1   0x20000310       0x94 C:\Users\moseichuk\AppData\Local\Temp\VMBuilds\TestSerial\Arduino_STM32_genericSTM32F103Z\Release\core.a(usart_f1.c.o)
 .data.usart2   0x200003a4       0x94 C:\Users\moseichuk\AppData\Local\Temp\VMBuilds\TestSerial\Arduino_STM32_genericSTM32F103Z\Release\core.a(usart_f1.c.o)
 .data.uart4    0x20000438       0x94 C:\Users\moseichuk\AppData\Local\Temp\VMBuilds\TestSerial\Arduino_STM32_genericSTM32F103Z\Release\core.a(usart_f1.c.o)
 .data.uart5    0x200004cc       0x94 C:\Users\moseichuk\AppData\Local\Temp\VMBuilds\TestSerial\Arduino_STM32_genericSTM32F103Z\Release\core.a(usart_f1.c.o)
 .data.UART4    0x20000560        0x4 C:\Users\moseichuk\AppData\Local\Temp\VMBuilds\TestSerial\Arduino_STM32_genericSTM32F103Z\Release\core.a(usart_f1.c.o)
                0x20000560                UART4
 .data.UART5    0x20000564        0x4 C:\Users\moseichuk\AppData\Local\Temp\VMBuilds\TestSerial\Arduino_STM32_genericSTM32F103Z\Release\core.a(usart_f1.c.o)
                0x20000564                UART5
 .data.USBLIB   0x20000568        0x4 C:\Users\moseichuk\AppData\Local\Temp\VMBuilds\TestSerial\Arduino_STM32_genericSTM32F103Z\Release\core.a(usb.c.o)
                0x20000568                USBLIB
 .data.usblib   0x2000056c       0x10 C:\Users\moseichuk\AppData\Local\Temp\VMBuilds\TestSerial\Arduino_STM32_genericSTM32F103Z\Release\core.a(usb.c.o)
 .data.Config_Descriptor
                0x2000057c        0x8 C:\Users\moseichuk\AppData\Local\Temp\VMBuilds\TestSerial\Arduino_STM32_genericSTM32F103Z\Release\core.a(usb_cdcacm.c.o)
 .data.Device_Property
                0x20000584       0x30 C:\Users\moseichuk\AppData\Local\Temp\VMBuilds\TestSerial\Arduino_STM32_genericSTM32F103Z\Release\core.a(usb_cdcacm.c.o)
                0x20000584                Device_Property
 .data.ep_int_in
                0x200005b4       0x1c C:\Users\moseichuk\AppData\Local\Temp\VMBuilds\TestSerial\Arduino_STM32_genericSTM32F103Z\Release\core.a(usb_cdcacm.c.o)
 .data.String_Descriptor
                0x200005d0       0x18 C:\Users\moseichuk\AppData\Local\Temp\VMBuilds\TestSerial\Arduino_STM32_genericSTM32F103Z\Release\core.a(usb_cdcacm.c.o)
 .data.ep_int_out
                0x200005e8       0x1c C:\Users\moseichuk\AppData\Local\Temp\VMBuilds\TestSerial\Arduino_STM32_genericSTM32F103Z\Release\core.a(usb_cdcacm.c.o)
 .data.line_coding
                0x20000604        0x7 C:\Users\moseichuk\AppData\Local\Temp\VMBuilds\TestSerial\Arduino_STM32_genericSTM32F103Z\Release\core.a(usb_cdcacm.c.o)
 *fill*         0x2000060b        0x1 
 .data.User_Standard_Requests
                0x2000060c       0x24 C:\Users\moseichuk\AppData\Local\Temp\VMBuilds\TestSerial\Arduino_STM32_genericSTM32F103Z\Release\core.a(usb_cdcacm.c.o)
                0x2000060c                User_Standard_Requests
 .data.Device_Descriptor
                0x20000630        0x8 C:\Users\moseichuk\AppData\Local\Temp\VMBuilds\TestSerial\Arduino_STM32_genericSTM32F103Z\Release\core.a(usb_cdcacm.c.o)
 .data.Device_Table
                0x20000638        0x2 C:\Users\moseichuk\AppData\Local\Temp\VMBuilds\TestSerial\Arduino_STM32_genericSTM32F103Z\Release\core.a(usb_cdcacm.c.o)
                0x20000638                Device_Table
 *fill*         0x2000063a        0x6 
 .data.impure_data
                0x20000640      0x428 c:/users/moseichuk/appdata/local/arduino15/packages/arduino/tools/arm-none-eabi-gcc/4.8.3-2014q1/bin/../lib/gcc/arm-none-eabi/4.8.3/../../../../arm-none-eabi/lib/armv7-m\libc.a(lib_a-impure.o)
                0x20000a68                . = ALIGN (0x8)
                0x20000a68                __data_end__ = .

.jcr            0x20000a68        0x0 load address 0x08005fb8
 .jcr           0x20000a68        0x0 c:/users/moseichuk/appdata/local/arduino15/packages/arduino/tools/arm-none-eabi-gcc/4.8.3-2014q1/bin/../lib/gcc/arm-none-eabi/4.8.3/armv7-m/crtbegin.o

.igot.plt       0x20000a68        0x0 load address 0x08005fb8
 .igot.plt      0x00000000        0x0 c:/users/moseichuk/appdata/local/arduino15/packages/arduino/tools/arm-none-eabi-gcc/4.8.3-2014q1/bin/../lib/gcc/arm-none-eabi/4.8.3/armv7-m/crtbegin.o

.rodata         0x08005fb8      0x88c
 *(.rodata .rodata.* .gnu.linkonce.r.*)
 .rodata.str1.1
                0x08005fb8       0x3c C:\Users\moseichuk\AppData\Local\Temp\VMBuilds\TestSerial\Arduino_STM32_genericSTM32F103Z\Release\TestSerial.cpp.o
 .rodata.PIN_MAP
                0x08005ff4      0x700 C:\Users\moseichuk\AppData\Local\Temp\VMBuilds\TestSerial\Arduino_STM32_genericSTM32F103Z\Release\variant\board.cpp.o
                0x08005ff4                PIN_MAP
 .rodata.GPIOB  0x080066f4        0x4 C:\Users\moseichuk\AppData\Local\Temp\VMBuilds\TestSerial\Arduino_STM32_genericSTM32F103Z\Release\core.a(gpio_f1.c.o)
                0x080066f4                GPIOB
 .rodata.GPIOC  0x080066f8        0x4 C:\Users\moseichuk\AppData\Local\Temp\VMBuilds\TestSerial\Arduino_STM32_genericSTM32F103Z\Release\core.a(gpio_f1.c.o)
                0x080066f8                GPIOC
 .rodata.rcc_dev_table
                0x080066fc       0x5c C:\Users\moseichuk\AppData\Local\Temp\VMBuilds\TestSerial\Arduino_STM32_genericSTM32F103Z\Release\core.a(rcc_f1.c.o)
                0x080066fc                rcc_dev_table
 .rodata.masks.4420
                0x08006758       0x14 C:\Users\moseichuk\AppData\Local\Temp\VMBuilds\TestSerial\Arduino_STM32_genericSTM32F103Z\Release\core.a(rcc_f1.c.o)
 .rodata.usbVcomDescriptor_iProduct
                0x0800676c        0xc C:\Users\moseichuk\AppData\Local\Temp\VMBuilds\TestSerial\Arduino_STM32_genericSTM32F103Z\Release\core.a(usb_cdcacm.c.o)
 .rodata.usbVcomDescriptor_iManufacturer
                0x08006778       0x12 C:\Users\moseichuk\AppData\Local\Temp\VMBuilds\TestSerial\Arduino_STM32_genericSTM32F103Z\Release\core.a(usb_cdcacm.c.o)
 .rodata.usbVcomDescriptor_Device
                0x0800678a       0x12 C:\Users\moseichuk\AppData\Local\Temp\VMBuilds\TestSerial\Arduino_STM32_genericSTM32F103Z\Release\core.a(usb_cdcacm.c.o)
 .rodata.usbVcomDescriptor_Config
                0x0800679c       0x43 C:\Users\moseichuk\AppData\Local\Temp\VMBuilds\TestSerial\Arduino_STM32_genericSTM32F103Z\Release\core.a(usb_cdcacm.c.o)
 .rodata.usbVcomDescriptor_LangID
                0x080067df        0x4 C:\Users\moseichuk\AppData\Local\Temp\VMBuilds\TestSerial\Arduino_STM32_genericSTM32F103Z\Release\core.a(usb_cdcacm.c.o)
 *fill*         0x080067e3        0x5 
 .rodata._ZTV14HardwareSerial
                0x080067e8       0x28 C:\Users\moseichuk\AppData\Local\Temp\VMBuilds\TestSerial\Arduino_STM32_genericSTM32F103Z\Release\core.a(HardwareSerial.cpp.o)
                0x080067e8                vtable for HardwareSerial
 .rodata._ZTV9USBSerial
                0x08006810       0x28 C:\Users\moseichuk\AppData\Local\Temp\VMBuilds\TestSerial\Arduino_STM32_genericSTM32F103Z\Release\core.a(usb_serial.cpp.o)
                0x08006810                vtable for USBSerial
 .rodata.str1.4
                0x08006838        0x4 c:/users/moseichuk/appdata/local/arduino15/packages/arduino/tools/arm-none-eabi-gcc/4.8.3-2014q1/bin/../lib/gcc/arm-none-eabi/4.8.3/../../../../arm-none-eabi/lib/armv7-m\libc.a(lib_a-impure.o)
 .rodata._global_impure_ptr
                0x0800683c        0x4 c:/users/moseichuk/appdata/local/arduino15/packages/arduino/tools/arm-none-eabi-gcc/4.8.3-2014q1/bin/../lib/gcc/arm-none-eabi/4.8.3/../../../../arm-none-eabi/lib/armv7-m\libc.a(lib_a-impure.o)
                0x0800683c                _global_impure_ptr
 *(.USER_FLASH)
                0x08006840                . = ALIGN (0x4)
                0x08006840                _lm_rom_img_cfgp = .
                0x08006840        0x4 LONG 0x8005550 LOADADDR (.data)
                0x20000e70                _lm_heap_start = DEFINED (_lm_heap_start)?_lm_heap_start:_end
                0x20010000                _lm_heap_end = DEFINED (_lm_heap_end)?_lm_heap_end:__msp_init

.rel.dyn        0x08006844        0x0
 .rel.iplt      0x00000000        0x0 c:/users/moseichuk/appdata/local/arduino15/packages/arduino/tools/arm-none-eabi-gcc/4.8.3-2014q1/bin/../lib/gcc/arm-none-eabi/4.8.3/armv7-m/crtbegin.o

.bss            0x20000a68      0x408
                0x20000a68                . = ALIGN (0x8)
                0x20000a68                __bss_start__ = .
 *(.bss .bss.* .gnu.linkonce.b.*)
 .bss           0x20000a68       0x1c c:/users/moseichuk/appdata/local/arduino15/packages/arduino/tools/arm-none-eabi-gcc/4.8.3-2014q1/bin/../lib/gcc/arm-none-eabi/4.8.3/armv7-m/crtbegin.o
 .bss.Serial1   0x20000a84       0x18 C:\Users\moseichuk\AppData\Local\Temp\VMBuilds\TestSerial\Arduino_STM32_genericSTM32F103Z\Release\variant\board.cpp.o
                0x20000a84                Serial1
 .bss.Serial2   0x20000a9c       0x18 C:\Users\moseichuk\AppData\Local\Temp\VMBuilds\TestSerial\Arduino_STM32_genericSTM32F103Z\Release\variant\board.cpp.o
                0x20000a9c                Serial2
 .bss.Serial3   0x20000ab4       0x18 C:\Users\moseichuk\AppData\Local\Temp\VMBuilds\TestSerial\Arduino_STM32_genericSTM32F103Z\Release\variant\board.cpp.o
                0x20000ab4                Serial3
 .bss.Serial4   0x20000acc       0x18 C:\Users\moseichuk\AppData\Local\Temp\VMBuilds\TestSerial\Arduino_STM32_genericSTM32F103Z\Release\variant\board.cpp.o
                0x20000acc                Serial4
 .bss.Serial5   0x20000ae4       0x18 C:\Users\moseichuk\AppData\Local\Temp\VMBuilds\TestSerial\Arduino_STM32_genericSTM32F103Z\Release\variant\board.cpp.o
                0x20000ae4                Serial5
 .bss.exti_channels
                0x20000afc       0x80 C:\Users\moseichuk\AppData\Local\Temp\VMBuilds\TestSerial\Arduino_STM32_genericSTM32F103Z\Release\core.a(exti.c.o)
 .bss.systick_user_callback
                0x20000b7c        0x4 C:\Users\moseichuk\AppData\Local\Temp\VMBuilds\TestSerial\Arduino_STM32_genericSTM32F103Z\Release\core.a(systick.c.o)
 .bss.usart1_wb
                0x20000b80        0xc C:\Users\moseichuk\AppData\Local\Temp\VMBuilds\TestSerial\Arduino_STM32_genericSTM32F103Z\Release\core.a(usart_f1.c.o)
 .bss.usart1_rb
                0x20000b8c        0xc C:\Users\moseichuk\AppData\Local\Temp\VMBuilds\TestSerial\Arduino_STM32_genericSTM32F103Z\Release\core.a(usart_f1.c.o)
 .bss.usart2_rb
                0x20000b98        0xc C:\Users\moseichuk\AppData\Local\Temp\VMBuilds\TestSerial\Arduino_STM32_genericSTM32F103Z\Release\core.a(usart_f1.c.o)
 .bss.usart3_rb
                0x20000ba4        0xc C:\Users\moseichuk\AppData\Local\Temp\VMBuilds\TestSerial\Arduino_STM32_genericSTM32F103Z\Release\core.a(usart_f1.c.o)
 .bss.uart4_rb  0x20000bb0        0xc C:\Users\moseichuk\AppData\Local\Temp\VMBuilds\TestSerial\Arduino_STM32_genericSTM32F103Z\Release\core.a(usart_f1.c.o)
 .bss.uart5_rb  0x20000bbc        0xc C:\Users\moseichuk\AppData\Local\Temp\VMBuilds\TestSerial\Arduino_STM32_genericSTM32F103Z\Release\core.a(usart_f1.c.o)
 .bss.usart2_wb
                0x20000bc8        0xc C:\Users\moseichuk\AppData\Local\Temp\VMBuilds\TestSerial\Arduino_STM32_genericSTM32F103Z\Release\core.a(usart_f1.c.o)
 .bss.uart4_wb  0x20000bd4        0xc C:\Users\moseichuk\AppData\Local\Temp\VMBuilds\TestSerial\Arduino_STM32_genericSTM32F103Z\Release\core.a(usart_f1.c.o)
 .bss.usart3_wb
                0x20000be0        0xc C:\Users\moseichuk\AppData\Local\Temp\VMBuilds\TestSerial\Arduino_STM32_genericSTM32F103Z\Release\core.a(usart_f1.c.o)
 .bss.uart5_wb  0x20000bec        0xc C:\Users\moseichuk\AppData\Local\Temp\VMBuilds\TestSerial\Arduino_STM32_genericSTM32F103Z\Release\core.a(usart_f1.c.o)
 .bss.line_dtr_rts
                0x20000bf8        0x1 C:\Users\moseichuk\AppData\Local\Temp\VMBuilds\TestSerial\Arduino_STM32_genericSTM32F103Z\Release\core.a(usb_cdcacm.c.o)
 .bss.vcomBufferTx
                0x20000bf9      0x100 C:\Users\moseichuk\AppData\Local\Temp\VMBuilds\TestSerial\Arduino_STM32_genericSTM32F103Z\Release\core.a(usb_cdcacm.c.o)
 *fill*         0x20000cf9        0x3 
 .bss.tx_head   0x20000cfc        0x4 C:\Users\moseichuk\AppData\Local\Temp\VMBuilds\TestSerial\Arduino_STM32_genericSTM32F103Z\Release\core.a(usb_cdcacm.c.o)
 .bss.rx_hook   0x20000d00        0x4 C:\Users\moseichuk\AppData\Local\Temp\VMBuilds\TestSerial\Arduino_STM32_genericSTM32F103Z\Release\core.a(usb_cdcacm.c.o)
 .bss.vcomBufferRx
                0x20000d04      0x100 C:\Users\moseichuk\AppData\Local\Temp\VMBuilds\TestSerial\Arduino_STM32_genericSTM32F103Z\Release\core.a(usb_cdcacm.c.o)
 .bss.transmitting
                0x20000e04        0x1 C:\Users\moseichuk\AppData\Local\Temp\VMBuilds\TestSerial\Arduino_STM32_genericSTM32F103Z\Release\core.a(usb_cdcacm.c.o)
 *fill*         0x20000e05        0x3 
 .bss.rx_tail   0x20000e08        0x4 C:\Users\moseichuk\AppData\Local\Temp\VMBuilds\TestSerial\Arduino_STM32_genericSTM32F103Z\Release\core.a(usb_cdcacm.c.o)
 .bss.iface_setup_hook
                0x20000e0c        0x4 C:\Users\moseichuk\AppData\Local\Temp\VMBuilds\TestSerial\Arduino_STM32_genericSTM32F103Z\Release\core.a(usb_cdcacm.c.o)
 .bss.rx_head   0x20000e10        0x4 C:\Users\moseichuk\AppData\Local\Temp\VMBuilds\TestSerial\Arduino_STM32_genericSTM32F103Z\Release\core.a(usb_cdcacm.c.o)
 .bss.tx_tail   0x20000e14        0x4 C:\Users\moseichuk\AppData\Local\Temp\VMBuilds\TestSerial\Arduino_STM32_genericSTM32F103Z\Release\core.a(usb_cdcacm.c.o)
 .bss.Data_Mul_MaxPacketSize
                0x20000e18        0x1 C:\Users\moseichuk\AppData\Local\Temp\VMBuilds\TestSerial\Arduino_STM32_genericSTM32F103Z\Release\core.a(usb_core.c.o)
                0x20000e18                Data_Mul_MaxPacketSize
 .bss._ZN9USBSerial9_hasBegunE
                0x20000e19        0x1 C:\Users\moseichuk\AppData\Local\Temp\VMBuilds\TestSerial\Arduino_STM32_genericSTM32F103Z\Release\core.a(usb_serial.cpp.o)
                0x20000e19                USBSerial::_hasBegun
 *fill*         0x20000e1a        0x2 
 .bss.Serial    0x20000e1c       0x10 C:\Users\moseichuk\AppData\Local\Temp\VMBuilds\TestSerial\Arduino_STM32_genericSTM32F103Z\Release\core.a(usb_serial.cpp.o)
                0x20000e1c                Serial
 .bss._ZL11reset_state
                0x20000e2c        0x1 C:\Users\moseichuk\AppData\Local\Temp\VMBuilds\TestSerial\Arduino_STM32_genericSTM32F103Z\Release\core.a(usb_serial.cpp.o)
 *(COMMON)
 *fill*         0x20000e2d        0x3 
 COMMON         0x20000e30        0x4 C:\Users\moseichuk\AppData\Local\Temp\VMBuilds\TestSerial\Arduino_STM32_genericSTM32F103Z\Release\core.a(systick.c.o)
                0x20000e30                systick_uptime_millis
 COMMON         0x20000e34        0x6 C:\Users\moseichuk\AppData\Local\Temp\VMBuilds\TestSerial\Arduino_STM32_genericSTM32F103Z\Release\core.a(usb.c.o)
                0x20000e34                SaveRState
                0x20000e36                SaveTState
                0x20000e38                ResumeS
 COMMON         0x20000e3a        0x2 C:\Users\moseichuk\AppData\Local\Temp\VMBuilds\TestSerial\Arduino_STM32_genericSTM32F103Z\Release\core.a(usb_core.c.o)
                0x20000e3a                StatusInfo
 COMMON         0x20000e3c       0x32 C:\Users\moseichuk\AppData\Local\Temp\VMBuilds\TestSerial\Arduino_STM32_genericSTM32F103Z\Release\core.a(usb_init.c.o)
                0x20000e3c                SaveState
                0x20000e40                pProperty
                0x20000e44                EPindex
                0x20000e48                Device_Info
                0x20000e64                pUser_Standard_Requests
                0x20000e68                pInformation
                0x20000e6c                wInterrupt_Mask
                0x20000e70                . = ALIGN (0x8)
 *fill*         0x20000e6e        0x2 
                0x20000e70                __bss_end__ = .
                0x20000e70                _end = __bss_end__

.stab
 *(.stab)

.stabstr
 *(.stabstr)

.debug
 *(.debug)

.line
 *(.line)

.debug_srcinfo
 *(.debug_srcinfo)

.debug_sfnames
 *(.debug_sfnames)

.debug_aranges  0x00000000      0xf38
 *(.debug_aranges)
 .debug_aranges
                0x00000000       0x28 C:\Users\moseichuk\AppData\Local\Temp\VMBuilds\TestSerial\Arduino_STM32_genericSTM32F103Z\Release\TestSerial.cpp.o
 .debug_aranges
                0x00000028       0x20 C:\Users\moseichuk\AppData\Local\Temp\VMBuilds\TestSerial\Arduino_STM32_genericSTM32F103Z\Release\variant\board.cpp.o
 .debug_aranges
                0x00000048       0x40 C:\Users\moseichuk\AppData\Local\Temp\VMBuilds\TestSerial\Arduino_STM32_genericSTM32F103Z\Release\variant\boards.cpp.o
 .debug_aranges
                0x00000088       0x40 C:\Users\moseichuk\AppData\Local\Temp\VMBuilds\TestSerial\Arduino_STM32_genericSTM32F103Z\Release\variant\boards_setup.cpp.o
 .debug_aranges
                0x000000c8       0x20 C:\Users\moseichuk\AppData\Local\Temp\VMBuilds\TestSerial\Arduino_STM32_genericSTM32F103Z\Release\variant\start.S.o
 .debug_aranges
                0x000000e8       0x20 C:\Users\moseichuk\AppData\Local\Temp\VMBuilds\TestSerial\Arduino_STM32_genericSTM32F103Z\Release\variant\start_c.c.o
 .debug_aranges
                0x00000108       0x88 C:\Users\moseichuk\AppData\Local\Temp\VMBuilds\TestSerial\Arduino_STM32_genericSTM32F103Z\Release\variant\syscalls.c.o
 .debug_aranges
                0x00000190       0x20 C:\Users\moseichuk\AppData\Local\Temp\VMBuilds\TestSerial\Arduino_STM32_genericSTM32F103Z\Release\core.a(exc.S.o)
 .debug_aranges
                0x000001b0       0x20 C:\Users\moseichuk\AppData\Local\Temp\VMBuilds\TestSerial\Arduino_STM32_genericSTM32F103Z\Release\core.a(isrs.S.o)
 .debug_aranges
                0x000001d0       0x38 C:\Users\moseichuk\AppData\Local\Temp\VMBuilds\TestSerial\Arduino_STM32_genericSTM32F103Z\Release\core.a(adc.c.o)
 .debug_aranges
                0x00000208       0x60 C:\Users\moseichuk\AppData\Local\Temp\VMBuilds\TestSerial\Arduino_STM32_genericSTM32F103Z\Release\core.a(adc_f1.c.o)
 .debug_aranges
                0x00000268       0xc8 C:\Users\moseichuk\AppData\Local\Temp\VMBuilds\TestSerial\Arduino_STM32_genericSTM32F103Z\Release\core.a(dma_f1.c.o)
 .debug_aranges
                0x00000330       0x70 C:\Users\moseichuk\AppData\Local\Temp\VMBuilds\TestSerial\Arduino_STM32_genericSTM32F103Z\Release\core.a(exti.c.o)
 .debug_aranges
                0x000003a0       0x20 C:\Users\moseichuk\AppData\Local\Temp\VMBuilds\TestSerial\Arduino_STM32_genericSTM32F103Z\Release\core.a(exti_f1.c.o)
 .debug_aranges
                0x000003c0       0x20 C:\Users\moseichuk\AppData\Local\Temp\VMBuilds\TestSerial\Arduino_STM32_genericSTM32F103Z\Release\core.a(flash.c.o)
 .debug_aranges
                0x000003e0       0x40 C:\Users\moseichuk\AppData\Local\Temp\VMBuilds\TestSerial\Arduino_STM32_genericSTM32F103Z\Release\core.a(gpio_f1.c.o)
 .debug_aranges
                0x00000420       0x50 C:\Users\moseichuk\AppData\Local\Temp\VMBuilds\TestSerial\Arduino_STM32_genericSTM32F103Z\Release\core.a(i2c_f1.c.o)
 .debug_aranges
                0x00000470       0x38 C:\Users\moseichuk\AppData\Local\Temp\VMBuilds\TestSerial\Arduino_STM32_genericSTM32F103Z\Release\core.a(nvic.c.o)
 .debug_aranges
                0x000004a8       0x48 C:\Users\moseichuk\AppData\Local\Temp\VMBuilds\TestSerial\Arduino_STM32_genericSTM32F103Z\Release\core.a(rcc.c.o)
 .debug_aranges
                0x000004f0       0x48 C:\Users\moseichuk\AppData\Local\Temp\VMBuilds\TestSerial\Arduino_STM32_genericSTM32F103Z\Release\core.a(rcc_f1.c.o)
 .debug_aranges
                0x00000538       0x40 C:\Users\moseichuk\AppData\Local\Temp\VMBuilds\TestSerial\Arduino_STM32_genericSTM32F103Z\Release\core.a(systick.c.o)
 .debug_aranges
                0x00000578       0xe0 C:\Users\moseichuk\AppData\Local\Temp\VMBuilds\TestSerial\Arduino_STM32_genericSTM32F103Z\Release\core.a(timer.c.o)
 .debug_aranges
                0x00000658       0x68 C:\Users\moseichuk\AppData\Local\Temp\VMBuilds\TestSerial\Arduino_STM32_genericSTM32F103Z\Release\core.a(usart_f1.c.o)
 .debug_aranges
                0x000006c0       0x20 C:\Users\moseichuk\AppData\Local\Temp\VMBuilds\TestSerial\Arduino_STM32_genericSTM32F103Z\Release\core.a(usart_private.c.o)
 .debug_aranges
                0x000006e0       0x50 C:\Users\moseichuk\AppData\Local\Temp\VMBuilds\TestSerial\Arduino_STM32_genericSTM32F103Z\Release\core.a(util.c.o)
 .debug_aranges
                0x00000730       0x38 C:\Users\moseichuk\AppData\Local\Temp\VMBuilds\TestSerial\Arduino_STM32_genericSTM32F103Z\Release\core.a(usb.c.o)
 .debug_aranges
                0x00000768      0x120 C:\Users\moseichuk\AppData\Local\Temp\VMBuilds\TestSerial\Arduino_STM32_genericSTM32F103Z\Release\core.a(usb_cdcacm.c.o)
 .debug_aranges
                0x00000888       0x20 C:\Users\moseichuk\AppData\Local\Temp\VMBuilds\TestSerial\Arduino_STM32_genericSTM32F103Z\Release\core.a(usb_reg_map.c.o)
 .debug_aranges
                0x000008a8       0x98 C:\Users\moseichuk\AppData\Local\Temp\VMBuilds\TestSerial\Arduino_STM32_genericSTM32F103Z\Release\core.a(usb_core.c.o)
 .debug_aranges
                0x00000940       0x20 C:\Users\moseichuk\AppData\Local\Temp\VMBuilds\TestSerial\Arduino_STM32_genericSTM32F103Z\Release\core.a(usb_init.c.o)
 .debug_aranges
                0x00000960       0x28 C:\Users\moseichuk\AppData\Local\Temp\VMBuilds\TestSerial\Arduino_STM32_genericSTM32F103Z\Release\core.a(usb_mem.c.o)
 .debug_aranges
                0x00000988      0x1f0 C:\Users\moseichuk\AppData\Local\Temp\VMBuilds\TestSerial\Arduino_STM32_genericSTM32F103Z\Release\core.a(usb_regs.c.o)
 .debug_aranges
                0x00000b78       0x68 C:\Users\moseichuk\AppData\Local\Temp\VMBuilds\TestSerial\Arduino_STM32_genericSTM32F103Z\Release\core.a(HardwareSerial.cpp.o)
 .debug_aranges
                0x00000be0       0x28 C:\Users\moseichuk\AppData\Local\Temp\VMBuilds\TestSerial\Arduino_STM32_genericSTM32F103Z\Release\core.a(main.cpp.o)
 .debug_aranges
                0x00000c08      0x110 C:\Users\moseichuk\AppData\Local\Temp\VMBuilds\TestSerial\Arduino_STM32_genericSTM32F103Z\Release\core.a(Print.cpp.o)
 .debug_aranges
                0x00000d18       0xc8 C:\Users\moseichuk\AppData\Local\Temp\VMBuilds\TestSerial\Arduino_STM32_genericSTM32F103Z\Release\core.a(usb_serial.cpp.o)
 .debug_aranges
                0x00000de0       0x48 C:\Users\moseichuk\AppData\Local\Temp\VMBuilds\TestSerial\Arduino_STM32_genericSTM32F103Z\Release\core.a(bkp_f1.c.o)
 .debug_aranges
                0x00000e28       0x28 C:\Users\moseichuk\AppData\Local\Temp\VMBuilds\TestSerial\Arduino_STM32_genericSTM32F103Z\Release\core.a(dma.c.o)
 .debug_aranges
                0x00000e50       0x20 C:\Users\moseichuk\AppData\Local\Temp\VMBuilds\TestSerial\Arduino_STM32_genericSTM32F103Z\Release\core.a(gpio.c.o)
 .debug_aranges
                0x00000e70       0x60 C:\Users\moseichuk\AppData\Local\Temp\VMBuilds\TestSerial\Arduino_STM32_genericSTM32F103Z\Release\core.a(i2c.c.o)
 .debug_aranges
                0x00000ed0       0x48 C:\Users\moseichuk\AppData\Local\Temp\VMBuilds\TestSerial\Arduino_STM32_genericSTM32F103Z\Release\core.a(usart.c.o)
 .debug_aranges
                0x00000f18       0x20 C:\Users\moseichuk\AppData\Local\Temp\VMBuilds\TestSerial\Arduino_STM32_genericSTM32F103Z\Release\core.a(cxxabi-compat.cpp.o)

.debug_pubnames
 *(.debug_pubnames)

.debug_info     0x00000000    0x1f41d
 *(.debug_info .gnu.linkonce.wi.*)
 .debug_info    0x00000000      0x421 C:\Users\moseichuk\AppData\Local\Temp\VMBuilds\TestSerial\Arduino_STM32_genericSTM32F103Z\Release\TestSerial.cpp.o
 .debug_info    0x00000421     0x11c4 C:\Users\moseichuk\AppData\Local\Temp\VMBuilds\TestSerial\Arduino_STM32_genericSTM32F103Z\Release\variant\board.cpp.o
 .debug_info    0x000015e5     0x142f C:\Users\moseichuk\AppData\Local\Temp\VMBuilds\TestSerial\Arduino_STM32_genericSTM32F103Z\Release\variant\boards.cpp.o
 .debug_info    0x00002a14     0x12c3 C:\Users\moseichuk\AppData\Local\Temp\VMBuilds\TestSerial\Arduino_STM32_genericSTM32F103Z\Release\variant\boards_setup.cpp.o
 .debug_info    0x00003cd7       0x9d C:\Users\moseichuk\AppData\Local\Temp\VMBuilds\TestSerial\Arduino_STM32_genericSTM32F103Z\Release\variant\start.S.o
 .debug_info    0x00003d74      0x176 C:\Users\moseichuk\AppData\Local\Temp\VMBuilds\TestSerial\Arduino_STM32_genericSTM32F103Z\Release\variant\start_c.c.o
 .debug_info    0x00003eea      0x5cd C:\Users\moseichuk\AppData\Local\Temp\VMBuilds\TestSerial\Arduino_STM32_genericSTM32F103Z\Release\variant\syscalls.c.o
 .debug_info    0x000044b7       0x8d C:\Users\moseichuk\AppData\Local\Temp\VMBuilds\TestSerial\Arduino_STM32_genericSTM32F103Z\Release\core.a(exc.S.o)
 .debug_info    0x00004544       0xa2 C:\Users\moseichuk\AppData\Local\Temp\VMBuilds\TestSerial\Arduino_STM32_genericSTM32F103Z\Release\core.a(isrs.S.o)
 .debug_info    0x000045e6      0x79a C:\Users\moseichuk\AppData\Local\Temp\VMBuilds\TestSerial\Arduino_STM32_genericSTM32F103Z\Release\core.a(adc.c.o)
 .debug_info    0x00004d80      0xeec C:\Users\moseichuk\AppData\Local\Temp\VMBuilds\TestSerial\Arduino_STM32_genericSTM32F103Z\Release\core.a(adc_f1.c.o)
 .debug_info    0x00005c6c     0x1c23 C:\Users\moseichuk\AppData\Local\Temp\VMBuilds\TestSerial\Arduino_STM32_genericSTM32F103Z\Release\core.a(dma_f1.c.o)
 .debug_info    0x0000788f      0xedd C:\Users\moseichuk\AppData\Local\Temp\VMBuilds\TestSerial\Arduino_STM32_genericSTM32F103Z\Release\core.a(exti.c.o)
 .debug_info    0x0000876c      0x213 C:\Users\moseichuk\AppData\Local\Temp\VMBuilds\TestSerial\Arduino_STM32_genericSTM32F103Z\Release\core.a(exti_f1.c.o)
 .debug_info    0x0000897f      0x128 C:\Users\moseichuk\AppData\Local\Temp\VMBuilds\TestSerial\Arduino_STM32_genericSTM32F103Z\Release\core.a(flash.c.o)
 .debug_info    0x00008aa7      0x781 C:\Users\moseichuk\AppData\Local\Temp\VMBuilds\TestSerial\Arduino_STM32_genericSTM32F103Z\Release\core.a(gpio_f1.c.o)
 .debug_info    0x00009228      0xbd5 C:\Users\moseichuk\AppData\Local\Temp\VMBuilds\TestSerial\Arduino_STM32_genericSTM32F103Z\Release\core.a(i2c_f1.c.o)
 .debug_info    0x00009dfd      0x5a2 C:\Users\moseichuk\AppData\Local\Temp\VMBuilds\TestSerial\Arduino_STM32_genericSTM32F103Z\Release\core.a(nvic.c.o)
 .debug_info    0x0000a39f      0x556 C:\Users\moseichuk\AppData\Local\Temp\VMBuilds\TestSerial\Arduino_STM32_genericSTM32F103Z\Release\core.a(rcc.c.o)
 .debug_info    0x0000a8f5      0xb64 C:\Users\moseichuk\AppData\Local\Temp\VMBuilds\TestSerial\Arduino_STM32_genericSTM32F103Z\Release\core.a(rcc_f1.c.o)
 .debug_info    0x0000b459      0x182 C:\Users\moseichuk\AppData\Local\Temp\VMBuilds\TestSerial\Arduino_STM32_genericSTM32F103Z\Release\core.a(systick.c.o)
 .debug_info    0x0000b5db     0x2111 C:\Users\moseichuk\AppData\Local\Temp\VMBuilds\TestSerial\Arduino_STM32_genericSTM32F103Z\Release\core.a(timer.c.o)
 .debug_info    0x0000d6ec      0xd78 C:\Users\moseichuk\AppData\Local\Temp\VMBuilds\TestSerial\Arduino_STM32_genericSTM32F103Z\Release\core.a(usart_f1.c.o)
 .debug_info    0x0000e464      0x595 C:\Users\moseichuk\AppData\Local\Temp\VMBuilds\TestSerial\Arduino_STM32_genericSTM32F103Z\Release\core.a(usart_private.c.o)
 .debug_info    0x0000e9f9      0xad2 C:\Users\moseichuk\AppData\Local\Temp\VMBuilds\TestSerial\Arduino_STM32_genericSTM32F103Z\Release\core.a(util.c.o)